D/libc-netbsd(10051): res_queryN name = ssl.google-analytics.com., class = 1, type = 1
D/dalvikvm(21107): threadid=17: interp stack at 0x78d83000
D/dalvikvm(21107): threadid=17: bye!
D/dalvikvm(21107): threadid=17: interp stack at 0x78d83000
D/dalvikvm(21107): threadid=17: bye!
D/LocationManagerService(  618): status timer finished
D/dalvikvm(21107): threadid=17: interp stack at 0x78d83000
D/dalvikvm(21107): threadid=17: bye!
D/battery_warning(  167): systemServerStarted: ps -t | grep ActivityManager 
D/battery_warning(  167): cmd result: system    642   618   1264288 90440 ffffffff 00000000 S ActivityManager
D/libc-netbsd(  150): res_queryN name = dns.weixin.qq.com., class = 1, type = 1
D/dalvikvm(21107): create interp thread : stack size=128KB
D/dalvikvm(21107): create new thread
D/dalvikvm(21107): new thread created
D/dalvikvm(21107): update thread list
D/dalvikvm(21107): threadid=17: interp stack at 0x78d83000
D/dalvikvm(21107): threadid=17: created from interp
D/dalvikvm(21107): start new thread
D/dalvikvm(21107): threadid=17: notify debugger
D/dalvikvm(21107): threadid=17 (Thread-60785): calling run()
D/dalvikvm(21107): threadid=18: interp stack at 0x7951a000
D/dalvikvm(21107): threadid=18: bye!
D/dalvikvm(21107): threadid=18: interp stack at 0x7951a000
D/dalvikvm(21107): threadid=18: bye!
D/dalvikvm(21107): threadid=18: interp stack at 0x7951a000
D/dalvikvm(21107): threadid=18: bye!
D/dalvikvm(21107): threadid=18: interp stack at 0x7951a000
D/dalvikvm(21107): threadid=18: bye!
D/dalvikvm(21107): threadid=18: interp stack at 0x7951a000
D/dalvikvm(21107): threadid=18: bye!
D/dalvikvm(21107): threadid=18: interp stack at 0x7951a000
D/dalvikvm(21107): threadid=18: bye!
D/IPCThreadState(  618): [DN #5] BR_CLEAR_DEATH_NOTIFICATION_DONE cookie 0x8029c908
D/dalvikvm(21107): threadid=18: interp stack at 0x7951a000
D/dalvikvm(21107): threadid=18: bye!
D/dalvikvm(21107): threadid=17: exiting
D/dalvikvm(21107): threadid=17: bye!
D/dalvikvm(21107): threadid=17: interp stack at 0x78d83000
D/dalvikvm(21107): threadid=17: bye!
D/dalvikvm(21107): threadid=17: interp stack at 0x78d83000
D/dalvikvm(21107): threadid=17: bye!
D/dalvikvm(21107): threadid=17: interp stack at 0x78d83000
D/dalvikvm(21107): threadid=17: bye!
D/libc-netbsd(11288): res_queryN name = www.googleapis.com., class = 1, type = 1
D/IPCThreadState(  618): [DN #5] BR_CLEAR_DEATH_NOTIFICATION_DONE cookie 0x804fc408
I/System.out(30779): [socket][249:59086] exception
I/System.out(30779): [CDS]close[59086]
D/MSF.C.NetConnTag(30779): [E]open /125.39.247.164:8080 failed connError_timeout
D/MSF.C.NetConnTag(30779): [E]try open Conn /163.177.65.166:14000
I/System.out(30779): [CDS]rx timeout:10000
I/System.out(30779): [socket][249] connection /163.177.65.166:14000;LocalPort=37154(10000)
I/System.out(30779): [CDS]connect[/163.177.65.166:14000] tm:10
D/Posix   (30779): [Posix_connect Debug]Process com.tencent.mobileqq:MSF :14000 
E/SQLiteLog( 8239): (257) Open fd: 111, file: /data/data/com.tencent.mm/MicroMsg/a665a22b90fb4ce733db4392ed7d0329/SnsMicroMsg.db-journal
E/SQLiteLog( 8239): 
E/SQLiteLog( 8239): (257) Close fd: 111
E/SQLiteLog( 8239): 
I/System.out(10939): [CDS][DNS]Unable to resolve host "clients4.google.com": No address associated with hostname
D/dalvikvm(21107): threadid=17: interp stack at 0x78d83000
D/dalvikvm(21107): threadid=17: bye!
D/dalvikvm(21107): threadid=17: interp stack at 0x78d83000
D/dalvikvm(21107): threadid=17: bye!
D/BatteryService(  618): mBatteryVoltage=3820
D/KeyguardUpdateMonitor(  618): received broadcast android.intent.action.BATTERY_CHANGED
D/KeyguardUpdateMonitor(  618): handleBatteryUpdate index=0 updateInteresting=false
D/StatusBar.BatteryController(  728): BatteryController onReceive action is android.intent.action.BATTERY_CHANGED
D/StatusBar.BatteryController(  728): status_protection = 2
D/StatusBar.BatteryController(  728): plugged is true fulled is false mBatteryProtection = false  R.drawable.stat_sys_battery_charge is 2130837872 R.drawable.stat_sys_battery is 2130837863  icon is 2130837872
D/StatusBar.BatteryController(  728): [Laptop] isPresent = false
D/StatusBar.BatteryController(  728): mBatteryPercentage is 29% mShouldShowBatteryPercentage is false mLabelViews.size() 1
D/PowerUI (  728): action = android.intent.action.BATTERY_CHANGED
D/PowerUI (  728): Intent start() ret = false mHideLowBDialog= true
D/PowerUI (  728): oldBatteryLevel = 29mBatteryLevel = 29
D/PowerUI (  728): mIsLaptopBatteryPresent = falsemBatteryStatus = 2
D/PowerUI (  728): dismissLowBatteryWarning
D/dalvikvm(21107): threadid=17: interp stack at 0x78d83000
D/dalvikvm(21107): threadid=17: bye!
D/IPCThreadState(  618): [DN #5] BR_CLEAR_DEATH_NOTIFICATION_DONE cookie 0x7ec77ef0
D/dalvikvm(21107): threadid=17: interp stack at 0x78d83000
D/dalvikvm(21107): threadid=17: bye!
D/dalvikvm(21107): threadid=17: interp stack at 0x78d83000
D/dalvikvm(21107): threadid=17: bye!
D/dalvikvm(21107): threadid=17: interp stack at 0x78d83000
D/dalvikvm(21107): threadid=17: bye!
D/dalvikvm(21107): threadid=17: interp stack at 0x78d83000
D/dalvikvm(21107): threadid=17: bye!
D/dalvikvm(21107): threadid=17: interp stack at 0x78d83000
D/dalvikvm(21107): threadid=17: bye!
D/dalvikvm(21107): threadid=17: interp stack at 0x78d83000
D/dalvikvm(21107): threadid=17: bye!
D/dalvikvm(21107): threadid=17: interp stack at 0x78d83000
D/dalvikvm(21107): threadid=17: bye!
D/dalvikvm(21107): threadid=17: interp stack at 0x78d83000
D/dalvikvm(21107): threadid=17: bye!
D/dalvikvm(21107): threadid=17: interp stack at 0x78d83000
D/dalvikvm(21107): threadid=17: bye!
D/dalvikvm(21107): threadid=17: interp stack at 0x78d83000
D/dalvikvm(21107): threadid=17: bye!
D/dalvikvm(21107): threadid=17: interp stack at 0x78d83000
D/dalvikvm(21107): threadid=17: bye!
D/dalvikvm(21107): threadid=17: interp stack at 0x78d83000
D/dalvikvm(21107): threadid=17: bye!
D/dalvikvm(21107): threadid=17: interp stack at 0x78d83000
D/dalvikvm(21107): threadid=17: bye!
D/libc-netbsd(  150): res_queryN name = mcometgw.alipay.com., class = 1, type = 1
D/dalvikvm(21107): threadid=17: interp stack at 0x78d83000
D/dalvikvm(21107): threadid=17: bye!
I/System.out(10051): [CDS][DNS]Unable to resolve host "ssl.google-analytics.com": No address associated with hostname
W/GAV2    (10051): Thread[GAThread,5,main]: Exception sending hit: UnknownHostException
W/GAV2    (10051): Thread[GAThread,5,main]: Unable to resolve host "ssl.google-analytics.com": No address associated with hostname
E/SQLiteLog(10051): (257) Open fd: 55, file: /data/data/com.anydo/databases/google_analytics_v2.db-journal
E/SQLiteLog(10051): 
E/SQLiteLog(10051): (257) Close fd: 55
E/SQLiteLog(10051): 
E/SQLiteLog(10051): (257) Open fd: 55, file: /data/data/com.anydo/databases/google_analytics_v2.db-journal
E/SQLiteLog(10051): 
E/SQLiteLog(10051): (257) Close fd: 55
E/SQLiteLog(10051): 
W/GAV2    (10051): Thread[GAThread,5,main]: Exception sending hit: UnknownHostException
W/GAV2    (10051): Thread[GAThread,5,main]: Unable to resolve host "ssl.google-analytics.com": No address associated with hostname
E/SQLiteLog(10051): (257) Open fd: 55, file: /data/data/com.anydo/databases/google_analytics_v2.db-journal
E/SQLiteLog(10051): 
E/SQLiteLog(10051): (257) Close fd: 55
E/SQLiteLog(10051): 
E/SQLiteLog(10051): (257) Open fd: 55, file: /data/data/com.anydo/databases/google_analytics_v2.db-journal
E/SQLiteLog(10051): 
E/SQLiteLog(10051): (257) Close fd: 55
E/SQLiteLog(10051): 
W/GAV2    (10051): Thread[GAThread,5,main]: Exception sending hit: UnknownHostException
W/GAV2    (10051): Thread[GAThread,5,main]: Unable to resolve host "ssl.google-analytics.com": No address associated with hostname
D/dalvikvm(21107): threadid=17: interp stack at 0x78d83000
D/dalvikvm(21107): threadid=17: bye!
D/dalvikvm(21107): threadid=17: interp stack at 0x78d83000
D/dalvikvm(21107): threadid=17: bye!
D/dalvikvm(21107): threadid=17: interp stack at 0x78d83000
D/dalvikvm(21107): threadid=17: bye!
D/battery_warning(  167): systemServerStarted: ps -t | grep ActivityManager 
D/battery_warning(  167): cmd result: system    642   618   1264288 90440 ffffffff 00000000 S ActivityManager
D/libc-netbsd(21107): getaddrinfo: dns.weixin.qq.com NO result from proxy 
D/libc-netbsd(21107): res_queryN name = dns.weixin.qq.com, class = 1, type = 1
D/dalvikvm(21107): threadid=17: interp stack at 0x78d83000
D/dalvikvm(21107): threadid=17: bye!
I/System.out(11288): [CDS][DNS]Unable to resolve host "www.googleapis.com": No address associated with hostname
E/EsSyncAdapterService(11288): [bwm] failed due to exception: java.net.UnknownHostException: Unable to resolve host "www.googleapis.com": No address associated with hostname
E/EsSyncAdapterService(11288): Cannot get account status
D/dalvikvm(11288): threadid=18: exiting
D/dalvikvm(11288): threadid=18: bye!
D/SyncManager(  618): userId=0 auto=true mExt=com.mediatek.op.FwkExt@41f21a40
E/FWKEXT  (  618): Enter GetCurrentOP
D/SyncManager(  618): userId=0 auto=true mExt=com.mediatek.op.FwkExt@41f21a40
E/FWKEXT  (  618): Enter GetCurrentOP
D/SyncManager(  618): userId=0 auto=true mExt=com.mediatek.op.FwkExt@41f21a40
E/FWKEXT  (  618): Enter GetCurrentOP
D/SyncManager(  618): userId=0 auto=true mExt=com.mediatek.op.FwkExt@41f21a40
E/FWKEXT  (  618): Enter GetCurrentOP
D/SyncManager(  618): userId=0 auto=true mExt=com.mediatek.op.FwkExt@41f21a40
E/FWKEXT  (  618): Enter GetCurrentOP
D/SyncManager(  618): userId=0 auto=true mExt=com.mediatek.op.FwkExt@41f21a40
E/FWKEXT  (  618): Enter GetCurrentOP
D/SyncManager(  618): userId=0 auto=true mExt=com.mediatek.op.FwkExt@41f21a40
E/FWKEXT  (  618): Enter GetCurrentOP
D/SyncManager(  618): userId=0 auto=true mExt=com.mediatek.op.FwkExt@41f21a40
E/FWKEXT  (  618): Enter GetCurrentOP
D/SyncManager(  618): userId=0 auto=true mExt=com.mediatek.op.FwkExt@41f21a40
E/FWKEXT  (  618): Enter GetCurrentOP
D/SyncManager(  618): userId=0 auto=true mExt=com.mediatek.op.FwkExt@41f21a40
E/FWKEXT  (  618): Enter GetCurrentOP
D/SyncManager(  618): userId=0 auto=true mExt=com.mediatek.op.FwkExt@41f21a40
E/FWKEXT  (  618): Enter GetCurrentOP
D/SyncManager(  618): userId=0 auto=true mExt=com.mediatek.op.FwkExt@41f21a40
E/FWKEXT  (  618): Enter GetCurrentOP
D/SyncManager(  618): userId=0 auto=true mExt=com.mediatek.op.FwkExt@41f21a40
E/FWKEXT  (  618): Enter GetCurrentOP
D/SyncManager(  618): userId=0 auto=true mExt=com.mediatek.op.FwkExt@41f21a40
E/FWKEXT  (  618): Enter GetCurrentOP
D/SyncManager(  618): userId=0 auto=true mExt=com.mediatek.op.FwkExt@41f21a40
E/FWKEXT  (  618): Enter GetCurrentOP
D/SyncManager(  618): userId=0 auto=true mExt=com.mediatek.op.FwkExt@41f21a40
E/FWKEXT  (  618): Enter GetCurrentOP
D/SyncManager(  618): userId=0 auto=true mExt=com.mediatek.op.FwkExt@41f21a40
E/FWKEXT  (  618): Enter GetCurrentOP
D/SyncManager(  618): userId=0 auto=true mExt=com.mediatek.op.FwkExt@41f21a40
E/FWKEXT  (  618): Enter GetCurrentOP
D/SyncManager(  618): userId=0 auto=true mExt=com.mediatek.op.FwkExt@41f21a40
E/FWKEXT  (  618): Enter GetCurrentOP
D/SyncManager(  618): userId=0 auto=true mExt=com.mediatek.op.FwkExt@41f21a40
E/FWKEXT  (  618): Enter GetCurrentOP
D/SyncManager(  618): userId=0 auto=true mExt=com.mediatek.op.FwkExt@41f21a40
E/FWKEXT  (  618): Enter GetCurrentOP
D/IPCThreadState(  618): [DN #5] BR_CLEAR_DEATH_NOTIFICATION_DONE cookie 0x7ec66118
D/dalvikvm(11288): create interp thread : stack size=128KB
D/dalvikvm(11288): create new thread
D/dalvikvm(11288): new thread created
D/dalvikvm(11288): update thread list
D/dalvikvm(11288): threadid=18: interp stack at 0x7872e000
D/dalvikvm(11288): threadid=18: created from interp
D/dalvikvm(11288): start new thread
D/dalvikvm(11288): threadid=18: notify debugger
D/dalvikvm(11288): threadid=18 (SharedPreferencesImpl-load): calling run()
D/dalvikvm(11288): threadid=18: exiting
D/dalvikvm(11288): threadid=18: bye!
D/IPCThreadState(  618): [DN #5] BR_DEAD_BINDER cookie 0x7dc28048
D/IPCThreadState(  618): [DN #5] BR_CLEAR_DEATH_NOTIFICATION_DONE cookie 0x7dc28048
D/IPCThreadState(  618): [DN #5] BR_DEAD_BINDER cookie 0x7e709c80
D/IPCThreadState(  618): [DN #5] BR_CLEAR_DEATH_NOTIFICATION_DONE cookie 0x7e709c80
D/IPCThreadState(  618): [DN #5] BR_DEAD_BINDER cookie 0x7d10d868
D/IPCThreadState(  618): [DN #5] BR_CLEAR_DEATH_NOTIFICATION_DONE cookie 0x7d10d868
D/IPCThreadState(  618): [DN #5] BR_DEAD_BINDER cookie 0x7d6f4ba0
D/IPCThreadState(  618): [DN #5] BR_DEAD_BINDER cookie 0x786f8680
D/IPCThreadState(  618): [DN #5] BR_CLEAR_DEATH_NOTIFICATION_DONE cookie 0x786f8680
D/IPCThreadState(  618): [DN #5] BR_CLEAR_DEATH_NOTIFICATION_DONE cookie 0x7d6f4ba0
D/ADB_SERVICES(  187): adb fdevent_process list (6) (44) (63) (57) 
W/ADB_SERVICES(  187): terminating JDWP 10764 connection: Try again
D/ADB_SERVICES(  187): remove pid 10764 to jdwp process list
D/SyncManager(  618): failed sync operation xuzhengchaojob@gmail.com u0 (com.google), com.google.android.apps.plus.content.EsProvider, PERIODIC, earliestRunTime 637417201, SyncResult: stats [ numIoExceptions: 2]
D/SyncManager(  618): userId=0 auto=true mExt=com.mediatek.op.FwkExt@41f21a40
E/FWKEXT  (  618): Enter GetCurrentOP
D/dalvikvm(  929): Hot method Lorg/chromium/sync/notifier/SystemSyncContentResolverDelegate;.getMasterSyncAutomatically detected!
D/dalvikvm(11288): GC_FOR_ALLOC freed 1508K (13170), 35% free 3255K/4992K, paused 35ms, total 39ms
I/dalvikvm-heap(11288): Grow heap (frag case) to 7.967MB for 4792336-byte allocation
D/dalvikvm(11288): GC_FOR_ALLOC freed 28K (697), 19% free 7906K/9676K, paused 32ms, total 32ms
D/dalvikvm(11288): GC_CONCURRENT freed 4K (104), 19% free 7902K/9676K, paused 3ms+1ms, total 44ms
D/SyncManager(  618): userId=0 auto=true mExt=com.mediatek.op.FwkExt@41f21a40
E/FWKEXT  (  618): Enter GetCurrentOP
D/GoogleServicesManager(  929): setState: sync = true, wantedSyncState = true
D/GoogleServicesManager(  929): Enabling sync
D/dalvikvm(  929): create interp thread : stack size=128KB
D/dalvikvm(  929): create new thread
D/dalvikvm(  929): new thread created
D/dalvikvm(  929): update thread list
D/dalvikvm(  929): threadid=22: interp stack at 0x7b964000
D/dalvikvm(  929): threadid=22: created from interp
D/dalvikvm(  929): start new thread
D/dalvikvm(  929): threadid=22: notify debugger
D/dalvikvm(  929): threadid=22 (IntentService[]): calling run()
D/MediatekClassFactory(  618): createInstance(): Begin = 357603146
D/MediatekClassFactory(  618): create Instance with :  interface com.mediatek.common.amsplus.IAmsPlus
D/MediatekClassFactory(  618): create Instance from mediatek-framework library :  com.mediatek.amsplus.ActivityStackPlus
D/MediatekClassFactory(  618): createInstance(): End = 357603146
D/MediatekClassFactory(  618): createInstance(): Begin = 357603150
D/MediatekClassFactory(  618): create Instance with :  interface com.mediatek.common.amsplus.IAmsPlus
D/MediatekClassFactory(  618): create Instance from mediatek-framework library :  com.mediatek.amsplus.ActivityStackPlus
D/MediatekClassFactory(  618): createInstance(): End = 357603150
D/MediatekClassFactory(  618): createInstance(): Begin = 357603150
D/MediatekClassFactory(  618): create Instance with :  interface com.mediatek.common.amsplus.IAmsPlus
D/MediatekClassFactory(  618): create Instance from mediatek-framework library :  com.mediatek.amsplus.ActivityStackPlus
D/MediatekClassFactory(  618): createInstance(): End = 357603151
D/MediatekClassFactory(  618): createInstance(): Begin = 357603151
D/MediatekClassFactory(  618): create Instance with :  interface com.mediatek.common.amsplus.IAmsPlus
D/MediatekClassFactory(  618): create Instance from mediatek-framework library :  com.mediatek.amsplus.ActivityStackPlus
D/MediatekClassFactory(  618): createInstance(): End = 357603151
D/MediatekClassFactory(  618): createInstance(): Begin = 357603151
D/MediatekClassFactory(  618): create Instance with :  interface com.mediatek.common.amsplus.IAmsPlus
D/MediatekClassFactory(  618): create Instance from mediatek-framework library :  com.mediatek.amsplus.ActivityStackPlus
D/MediatekClassFactory(  618): createInstance(): End = 357603152
D/MediatekClassFactory(  618): createInstance(): Begin = 357603157
D/MediatekClassFactory(  618): create Instance with :  interface com.mediatek.common.amsplus.IAmsPlus
D/MediatekClassFactory(  618): create Instance from mediatek-framework library :  com.mediatek.amsplus.ActivityStackPlus
D/MediatekClassFactory(  618): createInstance(): End = 357603157
D/MediatekClassFactory(  618): createInstance(): Begin = 357603160
D/MediatekClassFactory(  618): create Instance with :  interface com.mediatek.common.amsplus.IAmsPlus
D/MediatekClassFactory(  618): create Instance from mediatek-framework library :  com.mediatek.amsplus.ActivityStackPlus
D/MediatekClassFactory(  618): createInstance(): End = 357603160
D/MediatekClassFactory(  618): createInstance(): Begin = 357603161
D/MediatekClassFactory(  618): create Instance with :  interface com.mediatek.common.amsplus.IAmsPlus
D/MediatekClassFactory(  618): create Instance from mediatek-framework library :  com.mediatek.amsplus.ActivityStackPlus
D/MediatekClassFactory(  618): createInstance(): End = 357603161
D/MediatekClassFactory(  618): createInstance(): Begin = 357603161
D/MediatekClassFactory(  618): create Instance with :  interface com.mediatek.common.amsplus.IAmsPlus
D/MediatekClassFactory(  618): create Instance from mediatek-framework library :  com.mediatek.amsplus.ActivityStackPlus
D/MediatekClassFactory(  618): createInstance(): End = 357603161
D/MediatekClassFactory(  618): createInstance(): Begin = 357603162
D/MediatekClassFactory(  618): create Instance with :  interface com.mediatek.common.amsplus.IAmsPlus
D/MediatekClassFactory(  618): create Instance from mediatek-framework library :  com.mediatek.amsplus.ActivityStackPlus
D/MediatekClassFactory(  618): createInstance(): End = 357603162
D/dalvikvm(  929): threadid=22: exiting
D/dalvikvm(  929): threadid=22: bye!
D/SyncManager(  618): userId=0 auto=true mExt=com.mediatek.op.FwkExt@41f21a40
E/FWKEXT  (  618): Enter GetCurrentOP
D/SyncManager(  618): userId=0 auto=true mExt=com.mediatek.op.FwkExt@41f21a40
E/FWKEXT  (  618): Enter GetCurrentOP
D/SyncManager(  618): userId=0 auto=true mExt=com.mediatek.op.FwkExt@41f21a40
E/FWKEXT  (  618): Enter GetCurrentOP
D/SyncManager(  618): userId=0 auto=true mExt=com.mediatek.op.FwkExt@41f21a40
E/FWKEXT  (  618): Enter GetCurrentOP
D/SyncManager(  618): userId=0 auto=true mExt=com.mediatek.op.FwkExt@41f21a40
E/FWKEXT  (  618): Enter GetCurrentOP
D/SyncManager(  618): userId=0 auto=true mExt=com.mediatek.op.FwkExt@41f21a40
E/FWKEXT  (  618): Enter GetCurrentOP
D/SyncManager(  618): userId=0 auto=true mExt=com.mediatek.op.FwkExt@41f21a40
E/FWKEXT  (  618): Enter GetCurrentOP
D/SyncManager(  618): userId=0 auto=true mExt=com.mediatek.op.FwkExt@41f21a40
E/FWKEXT  (  618): Enter GetCurrentOP
D/SyncManager(  618): userId=0 auto=true mExt=com.mediatek.op.FwkExt@41f21a40
E/FWKEXT  (  618): Enter GetCurrentOP
D/SyncManager(  618): userId=0 auto=true mExt=com.mediatek.op.FwkExt@41f21a40
E/FWKEXT  (  618): Enter GetCurrentOP
D/SyncManager(  618): userId=0 auto=true mExt=com.mediatek.op.FwkExt@41f21a40
E/FWKEXT  (  618): Enter GetCurrentOP
D/SyncManager(  618): userId=0 auto=true mExt=com.mediatek.op.FwkExt@41f21a40
E/FWKEXT  (  618): Enter GetCurrentOP
D/SyncManager(  618): userId=0 auto=true mExt=com.mediatek.op.FwkExt@41f21a40
E/FWKEXT  (  618): Enter GetCurrentOP
D/SyncManager(  618): userId=0 auto=true mExt=com.mediatek.op.FwkExt@41f21a40
E/FWKEXT  (  618): Enter GetCurrentOP
D/SyncManager(  618): userId=0 auto=true mExt=com.mediatek.op.FwkExt@41f21a40
E/FWKEXT  (  618): Enter GetCurrentOP
D/SyncManager(  618): userId=0 auto=true mExt=com.mediatek.op.FwkExt@41f21a40
E/FWKEXT  (  618): Enter GetCurrentOP
D/SyncManager(  618): userId=0 auto=true mExt=com.mediatek.op.FwkExt@41f21a40
E/FWKEXT  (  618): Enter GetCurrentOP
D/SyncManager(  618): userId=0 auto=true mExt=com.mediatek.op.FwkExt@41f21a40
E/FWKEXT  (  618): Enter GetCurrentOP
D/SyncManager(  618): userId=0 auto=true mExt=com.mediatek.op.FwkExt@41f21a40
E/FWKEXT  (  618): Enter GetCurrentOP
D/SyncManager(  618): userId=0 auto=true mExt=com.mediatek.op.FwkExt@41f21a40
E/FWKEXT  (  618): Enter GetCurrentOP
D/SyncManager(  618): userId=0 auto=true mExt=com.mediatek.op.FwkExt@41f21a40
E/FWKEXT  (  618): Enter GetCurrentOP
I/System.out(30779): [socket][250:37154] exception
I/System.out(30779): [CDS]close[37154]
D/MSF.C.NetConnTag(30779): [E]open /163.177.65.166:14000 failed connError_timeout
D/MSF.C.NetConnTag(30779): [E]try open Conn /112.90.78.169:443
I/System.out(30779): [CDS]rx timeout:10000
I/System.out(30779): [socket][250] connection /112.90.78.169:443;LocalPort=50679(10000)
I/System.out(30779): [CDS]connect[/112.90.78.169:443] tm:10
D/Posix   (30779): [Posix_connect Debug]Process com.tencent.mobileqq:MSF :443 
D/dalvikvm(21107): threadid=17: interp stack at 0x78d83000
D/dalvikvm(21107): threadid=17: bye!
D/dalvikvm(21107): threadid=17: interp stack at 0x78d83000
D/dalvikvm(21107): threadid=17: bye!
E/SQLiteLog(10939): (257) Open fd: 115, file: /data/data/com.google.android.apps.maps/databases/log_events.db
E/SQLiteLog(10939): 
E/SQLiteLog(10939): (257) Open fd: 116, file: /data/data/com.google.android.apps.maps/databases/log_events.db-journal
E/SQLiteLog(10939): 
E/SQLiteLog(10939): (257) Close fd: 116
E/SQLiteLog(10939): 
E/SQLiteLog(10939): (257) Open fd: 116, file: /data/data/com.google.android.apps.maps/databases/log_events.db-journal
E/SQLiteLog(10939): 
E/SQLiteLog(10939): (257) Close fd: 116
E/SQLiteLog(10939): 
E/SQLiteLog(10939): (257) Open fd: 116, file: /data/data/com.google.android.apps.maps/databases/log_events.db-journal
E/SQLiteLog(10939): 
E/SQLiteLog(10939): (257) Close fd: 116
E/SQLiteLog(10939): 
E/SQLiteLog(10939): (257) Open fd: 116, file: /data/data/com.google.android.apps.maps/databases/log_events.db-journal
E/SQLiteLog(10939): 
E/SQLiteLog(10939): (257) Close fd: 116
E/SQLiteLog(10939): 
E/SQLiteLog(10939): (257) Open fd: 117, file: /data/data/com.google.android.apps.maps/databases/log_events.db-journal
E/SQLiteLog(10939): 
E/SQLiteLog(10939): (257) Close fd: 117
E/SQLiteLog(10939): 
D/BatteryService(  618): mBatteryVoltage=3822
D/StatusBar.BatteryController(  728): BatteryController onReceive action is android.intent.action.BATTERY_CHANGED
D/StatusBar.BatteryController(  728): status_protection = 2
D/StatusBar.BatteryController(  728): plugged is true fulled is false mBatteryProtection = false  R.drawable.stat_sys_battery_charge is 2130837872 R.drawable.stat_sys_battery is 2130837863  icon is 2130837872
D/StatusBar.BatteryController(  728): [Laptop] isPresent = false
D/StatusBar.BatteryController(  728): mBatteryPercentage is 29% mShouldShowBatteryPercentage is false mLabelViews.size() 1
D/PowerUI (  728): action = android.intent.action.BATTERY_CHANGED
D/PowerUI (  728): Intent start() ret = false mHideLowBDialog= true
D/PowerUI (  728): oldBatteryLevel = 29mBatteryLevel = 29
D/PowerUI (  728): mIsLaptopBatteryPresent = falsemBatteryStatus = 2
D/PowerUI (  728): dismissLowBatteryWarning
D/KeyguardUpdateMonitor(  618): received broadcast android.intent.action.BATTERY_CHANGED
D/KeyguardUpdateMonitor(  618): handleBatteryUpdate index=0 updateInteresting=false
D/dalvikvm(21107): threadid=17: interp stack at 0x78d83000
D/dalvikvm(21107): threadid=17: bye!
D/IPCThreadState(  618): [DN #5] BR_CLEAR_DEATH_NOTIFICATION_DONE cookie 0x8029c908
D/dalvikvm(21107): threadid=17: interp stack at 0x78d83000
D/dalvikvm(21107): threadid=17: bye!
D/KeyguardUpdateMonitor(  618): received broadcast android.intent.action.TIME_TICK
D/KeyguardUpdateMonitor(  618): handleTimeUpdate
D/Clock   (  728): action =android.intent.action.TIME_TICK
V/ViewRootImpl(  728): scheduleConsumeBatchedInput: mConsumeBatchedInputScheduled = false,mFirstPendingInputEvent = null, this = ViewRoot{41c6c3e8 StatusBar,ident = 0}
V/ViewRootImpl(  728): doConsumeBatchedInput: frameTimeNanos = 357606707717456, this = ViewRoot{41c6c3e8 StatusBar,ident = 0}
D/Clock   (  728): action =android.intent.action.TIME_TICK
V/ViewRootImpl(  618): scheduleConsumeBatchedInput: mConsumeBatchedInputScheduled = false,mFirstPendingInputEvent = null, this = ViewRoot{422fbbf0 Keyguard,ident = 0}
V/ViewRootImpl(  618): doConsumeBatchedInput: frameTimeNanos = 357606730069072, this = ViewRoot{422fbbf0 Keyguard,ident = 0}
V/ViewRootImpl(  618): scheduleConsumeBatchedInput: mConsumeBatchedInputScheduled = false,mFirstPendingInputEvent = null, this = ViewRoot{422fbbf0 Keyguard,ident = 0}
V/ViewRootImpl(  618): doConsumeBatchedInput: frameTimeNanos = 357606753670225, this = ViewRoot{422fbbf0 Keyguard,ident = 0}
V/ViewRootImpl(  618): scheduleConsumeBatchedInput: mConsumeBatchedInputScheduled = false,mFirstPendingInputEvent = null, this = ViewRoot{422fbbf0 Keyguard,ident = 0}
V/ViewRootImpl(  618): doConsumeBatchedInput: frameTimeNanos = 357606777518071, this = ViewRoot{422fbbf0 Keyguard,ident = 0}
V/ViewRootImpl(  618): scheduleConsumeBatchedInput: mConsumeBatchedInputScheduled = false,mFirstPendingInputEvent = null, this = ViewRoot{422fbbf0 Keyguard,ident = 0}
V/ViewRootImpl(  618): doConsumeBatchedInput: frameTimeNanos = 357606801136610, this = ViewRoot{422fbbf0 Keyguard,ident = 0}
D/dalvikvm(21107): threadid=17: interp stack at 0x78d83000
D/dalvikvm(21107): threadid=17: bye!
D/libc-netbsd(30648): getaddrinfo: mcometgw.alipay.com NO result from proxy 
D/libc-netbsd(30648): res_queryN name = mcometgw.alipay.com, class = 1, type = 1
D/dalvikvm(21107): threadid=17: interp stack at 0x78d83000
D/dalvikvm(21107): threadid=17: bye!
D/dalvikvm(21107): threadid=17: interp stack at 0x78d83000
D/dalvikvm(21107): threadid=17: bye!
D/dalvikvm(21107): threadid=17: interp stack at 0x78d83000
D/dalvikvm(21107): threadid=17: bye!
D/dalvikvm(21107): threadid=17: interp stack at 0x78d83000
D/dalvikvm(21107): threadid=17: bye!
D/dalvikvm(10359): Hot method Lsdk/b/a/a/c/h;.c detected!
D/battery_warning(  167): systemServerStarted: ps -t | grep ActivityManager 
D/libc-netbsd(21107): res_queryN name = dns.weixin.qq.com., class = 1, type = 1
D/battery_warning(  167): cmd result: system    642   618   1264288 90440 ffffffff 00000000 S ActivityManager
D/dalvikvm(21107): threadid=17: interp stack at 0x78d83000
D/dalvikvm(21107): threadid=17: bye!
D/dalvikvm(21107): threadid=17: interp stack at 0x78d83000
D/dalvikvm(21107): threadid=17: bye!
D/dalvikvm(21107): threadid=17: interp stack at 0x78d83000
D/dalvikvm(21107): threadid=17: bye!
D/dalvikvm(21107): threadid=17: interp stack at 0x78d83000
D/dalvikvm(21107): threadid=17: bye!
D/dalvikvm(21107): threadid=17: interp stack at 0x78d83000
D/dalvikvm(21107): threadid=17: bye!
D/dalvikvm(21107): threadid=17: interp stack at 0x78d83000
D/dalvikvm(21107): threadid=17: bye!
D/dalvikvm(21107): threadid=17: interp stack at 0x78d83000
D/dalvikvm(21107): threadid=17: bye!
D/TelephonyManager(21107): getDefaultSim check single_sim=false, first_single_sim=0
D/TelephonyManager(21107): getDefaultSim = 0
D/TelephonyManager(21107): getSimOperator:0
D/PhoneInterfaceManager(  865): getSimOperator simId = 0getSimOperator = 46002
D/TelephonyManager(21107): getDefaultSim check single_sim=false, first_single_sim=0
D/TelephonyManager(21107): getDefaultSim = 0
D/TelephonyManager(21107): getSimOperatorName:0
D/PhoneInterfaceManager(  865): getSimOperatorName simId = 0prop = 
D/TelephonyManager(21107): getDefaultSim check single_sim=false, first_single_sim=0
D/TelephonyManager(21107): getDefaultSim = 0
D/TelephonyManager(21107): getSimOperatorName:0
D/PhoneInterfaceManager(  865): getSimOperatorName simId = 0prop = 
V/ViewRootImpl( 8239): scheduleConsumeBatchedInput: mConsumeBatchedInputScheduled = false,mFirstPendingInputEvent = null, this = ViewRoot{4328f6c8 Toast,ident = 241}
D/TelephonyManager(21107): getDefaultSim check single_sim=false, first_single_sim=0
D/TelephonyManager(21107): getDefaultSim = 0
D/TelephonyManager(21107): getSimOperatorName:0
D/PhoneInterfaceManager(  865): getSimOperatorName simId = 0prop = 
V/ViewRootImpl( 8239): doConsumeBatchedInput: frameTimeNanos = 357612611638148, this = ViewRoot{4328f6c8 Toast,ident = 241}
D/SurfaceFlinger(  153): SurfaceFlinger::postMessageSync
D/SurfaceFlinger(  153): createLayer for (1 x 1), name=Toast
I/BufferQueue(  153): [unnamed-153-9056](this:0x41929380,api:0) BufferQueue
I/BufferQueue(  153): [unnamed-153-9056](this:0x41929380,api:0) consumerConnect
I/BufferQueue(  153): [unnamed-153-9056](this:0x41929380,api:0) setConsumerName: unnamed-153-9056
I/SurfaceTexture(  153): [unnamed-153-9056](this:0x436626a8,api:0) SurfaceTexture
I/BufferQueue(  153): [unnamed-153-9056](this:0x41929380,api:0) setSynchronousMode: enabled=1
I/BufferQueue(  153): [unnamed-153-9056](this:0x41929380,api:0) setDefaultBufferSize: w=1, h=1
I/BufferQueue(  153): [Toast](this:0x41929380,api:0) setConsumerName: Toast
D/SurfaceFlinger(  153): created layer, name=Toast
D/SurfaceFlinger(  153): MessageBase::handleMessage
D/KeyguardViewMediator(  618): setHidden false
D/KeyguardUpdateMonitor(  618): sendKeyguardVisibilityChanged(true)
D/KeyguardUpdateMonitor(  618): handleKeyguardVisibilityChanged(1)
D/KeyguardViewMediator(  618): handleMessage enter msg name=SET_HIDDEN
D/KeyguardViewMediator(  618): handleMessage exit msg name=SET_HIDDEN
I/BufferQueue(  153): [Toast](this:0x41929380,api:0) setDefaultBufferSize: w=960, h=202
V/ViewRootImpl( 8239): scheduleConsumeBatchedInput: mConsumeBatchedInputScheduled = false,mFirstPendingInputEvent = null, this = ViewRoot{4328f6c8 Toast,ident = 241}
V/ViewRootImpl( 8239): doConsumeBatchedInput: frameTimeNanos = 357612653545456, this = ViewRoot{4328f6c8 Toast,ident = 241}
D/Surface ( 8239): [0x7c1ba760] Surface::lock() +
I/BufferQueue(  153): [Toast](this:0x41929380,api:0) connect: api=2
I/BufferQueue(  153): [Toast](this:0x41929380,api:2) setSynchronousMode: enabled=1
D/KeyguardViewMediator(  618): setHidden false
D/KeyguardUpdateMonitor(  618): sendKeyguardVisibilityChanged(true)
D/KeyguardUpdateMonitor(  618): handleKeyguardVisibilityChanged(1)
D/KeyguardViewMediator(  618): handleMessage enter msg name=SET_HIDDEN
D/KeyguardViewMediator(  618): handleMessage exit msg name=SET_HIDDEN
I/BufferQueue(  153): [Toast](this:0x41929380,api:2) new GraphicBuffer needed
D/BufferQueue(  153):     [OLD] gb:NULL
I/GraphicBuffer(  153): allocate buffer (w:960 h:202 f:1) handle(0x438a6508) err(0)
I/BufferQueue(  153):     [NEW] gb=0x4191cf70, handle=0x438a6508, w=960, h=202, s=960, fmt=1
D/GraphicBuffer( 8239): create handle(0x7c97c988) (w:960, h:202, f:1)
D/Surface ( 8239): [0x7c1ba760] Surface::lock() -
D/KeyguardViewMediator(  618): setHidden false
D/KeyguardUpdateMonitor(  618): sendKeyguardVisibilityChanged(true)
D/KeyguardUpdateMonitor(  618): handleKeyguardVisibilityChanged(1)
D/KeyguardViewMediator(  618): handleMessage enter msg name=SET_HIDDEN
D/KeyguardViewMediator(  618): handleMessage exit msg name=SET_HIDDEN
I/SurfaceTexture(  153): [Toast](this:0x436626a8,api:2) [void* android::SurfaceTexture::createImage(EGLDisplay, const android::sp<android::GraphicBuffer>&)]
D/SurfaceTexture(  153):     GraphicBuffer: gb=0x4191cf70 handle=0x438a6508
D/SurfaceTexture(  153):     EGLImage: dpy=0x1, img=0x10000008
I/System.out(30779): [socket][251:50679] exception
I/System.out(30779): [CDS]close[50679]
D/MSF.C.NetConnTag(30779): [E]open /112.90.78.169:443 failed connError_timeout
D/dalvikvm(30779): GC_FOR_ALLOC freed 2128K (7453), 52% free 3236K/6656K, paused 22ms, total 23ms
D/MSF.C.NetConnTag(30779): [E]try open Conn /112.64.234.200:8080
I/System.out(30779): [CDS]rx timeout:10000
I/System.out(30779): [socket][251] connection /112.64.234.200:8080;LocalPort=52501(10000)
I/System.out(30779): [CDS]connect[/112.64.234.200:8080] tm:10
D/Posix   (30779): [Posix_connect Debug]Process com.tencent.mobileqq:MSF :8080 
E/SQLiteLog( 8239): (257) Open fd: 118, file: /data/data/com.tencent.mm/MicroMsg/a665a22b90fb4ce733db4392ed7d0329/SnsMicroMsg.db-journal
E/SQLiteLog( 8239): 
E/SQLiteLog( 8239): (257) Close fd: 118
E/SQLiteLog( 8239): 
D/IPCThreadState(  618): [DN #5] BR_CLEAR_DEATH_NOTIFICATION_DONE cookie 0x7fd3d588
E/SQLiteLog( 8239): (257) Open fd: 118, file: /data/data/com.tencent.mm/MicroMsg/a665a22b90fb4ce733db4392ed7d0329/SnsMicroMsg.db-journal
E/SQLiteLog( 8239): 
E/SQLiteLog( 8239): (257) Close fd: 118
E/SQLiteLog( 8239): 
E/SQLiteLog( 8239): (257) Open fd: 118, file: /data/data/com.tencent.mm/MicroMsg/a665a22b90fb4ce733db4392ed7d0329/SnsMicroMsg.db-journal
E/SQLiteLog( 8239): 
E/SQLiteLog( 8239): (257) Close fd: 118
E/SQLiteLog( 8239): 
D/BatteryService(  618): mBatteryVoltage=3823
D/KeyguardUpdateMonitor(  618): received broadcast android.intent.action.BATTERY_CHANGED
D/KeyguardUpdateMonitor(  618): handleBatteryUpdate index=0 updateInteresting=false
D/StatusBar.BatteryController(  728): BatteryController onReceive action is android.intent.action.BATTERY_CHANGED
D/StatusBar.BatteryController(  728): status_protection = 2
D/StatusBar.BatteryController(  728): plugged is true fulled is false mBatteryProtection = false  R.drawable.stat_sys_battery_charge is 2130837872 R.drawable.stat_sys_battery is 2130837863  icon is 2130837872
D/StatusBar.BatteryController(  728): [Laptop] isPresent = false
D/StatusBar.BatteryController(  728): mBatteryPercentage is 29% mShouldShowBatteryPercentage is false mLabelViews.size() 1
D/PowerUI (  728): action = android.intent.action.BATTERY_CHANGED
D/PowerUI (  728): Intent start() ret = false mHideLowBDialog= true
D/PowerUI (  728): oldBatteryLevel = 29mBatteryLevel = 29
D/PowerUI (  728): mIsLaptopBatteryPresent = falsemBatteryStatus = 2
D/PowerUI (  728): dismissLowBatteryWarning
D/Surface ( 8239): [0x7c1ba760] ~Surface() +
D/Surface ( 8239): [0x7c1ba760] ~Surface() -
I/BufferQueue(  153): [Toast](this:0x41929380,api:2) disconnect: api=2
I/SurfaceTexture(  153): [Toast] [virtual android::status_t android::SurfaceTexture::forceAuxConversionLocked()] mCurrentTexture:0, mCurrentBuf:0x4191cf70
I/BufferQueue(  153): [Toast](this:0x41929380,api:0) getReleasedBuffers: returning mask 0xffffffff
I/SurfaceTexture(  153): [Toast](this:0x436626a8,api:0) destroying EGLImage dpy=0x1 img=0x10000008
D/GraphicBuffer( 8239): close handle(0x7c97c988) (w:960 h:202 f:1)
V/ViewRootImpl( 8239): unscheduleConsumeBatchedInput: mConsumeBatchedInputScheduled = false, this = ViewRoot{4328f6c8 Toast,ident = 241}
D/KeyguardViewMediator(  618): setHidden false
D/KeyguardUpdateMonitor(  618): sendKeyguardVisibilityChanged(true)
D/KeyguardUpdateMonitor(  618): handleKeyguardVisibilityChanged(1)
D/KeyguardViewMediator(  618): handleMessage enter msg name=SET_HIDDEN
D/KeyguardViewMediator(  618): handleMessage exit msg name=SET_HIDDEN
D/IPCThreadState(  618): [DN #5] BR_CLEAR_DEATH_NOTIFICATION_DONE cookie 0x7eacaba8
I/BufferQueue(  153): [Toast](this:0x41929380,api:0) consumerDisconnect
I/BufferQueue(  153): [Toast](this:0x41929380,api:0) ~BufferQueue
I/GraphicBuffer(  153): free buffer (w:960 h:202 f:1) handle(0x438a6508)
D/SurfaceFlinger(  153): MessageBase::handleMessage
D/InputReader(  618): InputReader::monitor: lock
D/InputReader(  618): InputReader::monitor: wait 
D/InputReader(  618): InputReader::monitor: unlock
D/InputReader(  618): InputReader::monitor: done
D/libc-netbsd(30648): res_queryN name = mcometgw.alipay.com., class = 1, type = 1
E/SQLiteLog(10051): (257) Open fd: 55, file: /data/data/com.anydo/databases/google_analytics_v2.db-journal
E/SQLiteLog(10051): 
E/SQLiteLog(10051): (257) Close fd: 55
E/SQLiteLog(10051): 
E/SQLiteLog(10051): (257) Open fd: 55, file: /data/data/com.anydo/databases/google_analytics_v2.db-journal
E/SQLiteLog(10051): 
E/SQLiteLog(10051): (257) Close fd: 55
E/SQLiteLog(10051): 
D/dalvikvm(10051): Hot method Lcom/google/analytics/tracking/android/aj;.a detected!
D/libc-netbsd(  150): getaddrinfo: ssl.google-analytics.com NO result from proxy 
D/libc-netbsd(  150): res_queryN name = ssl.google-analytics.com, class = 1, type = 1
D/LocationManagerService(  618): status timer finished
D/battery_warning(  167): systemServerStarted: ps -t | grep ActivityManager 
D/battery_warning(  167): cmd result: system    642   618   1264288 90440 ffffffff 00000000 S ActivityManager
I/System.out(30779): [socket][252:52501] exception
I/System.out(30779): [CDS]close[52501]
D/MSF.C.NetConnTag(30779): [E]open /112.64.234.200:8080 failed connError_timeout
D/MSF.C.NetConnTag(30779): [E]try open Conn /125.39.240.103:8080
I/System.out(30779): [CDS]rx timeout:10000
I/System.out(30779): [socket][252] connection /125.39.240.103:8080;LocalPort=52625(10000)
I/System.out(30779): [CDS]connect[/125.39.240.103:8080] tm:10
D/Posix   (30779): [Posix_connect Debug]Process com.tencent.mobileqq:MSF :8080 
D/BatteryService(  618): mBatteryVoltage=3824
D/StatusBar.BatteryController(  728): BatteryController onReceive action is android.intent.action.BATTERY_CHANGED
D/StatusBar.BatteryController(  728): status_protection = 2
D/StatusBar.BatteryController(  728): plugged is true fulled is false mBatteryProtection = false  R.drawable.stat_sys_battery_charge is 2130837872 R.drawable.stat_sys_battery is 2130837863  icon is 2130837872
D/StatusBar.BatteryController(  728): [Laptop] isPresent = false
D/StatusBar.BatteryController(  728): mBatteryPercentage is 29% mShouldShowBatteryPercentage is false mLabelViews.size() 1
D/PowerUI (  728): action = android.intent.action.BATTERY_CHANGED
D/PowerUI (  728): Intent start() ret = false mHideLowBDialog= true
D/PowerUI (  728): oldBatteryLevel = 29mBatteryLevel = 29
D/PowerUI (  728): mIsLaptopBatteryPresent = falsemBatteryStatus = 2
D/PowerUI (  728): dismissLowBatteryWarning
D/KeyguardUpdateMonitor(  618): received broadcast android.intent.action.BATTERY_CHANGED
D/KeyguardUpdateMonitor(  618): handleBatteryUpdate index=0 updateInteresting=false
D/dalvikvm( 9810): Hot method Lcom/baidu/location/l;.Q detected!
D/dalvikvm( 9810): Hot method Lcom/baidu/location/l;.do detected!
I/System.out(30648): [CDS][DNS]Unable to resolve host "mcometgw.alipay.com": No address associated with hostname
D/IPCThreadState(  618): [DN #5] BR_CLEAR_DEATH_NOTIFICATION_DONE cookie 0x7d730e60
W/System.err(30648): Could not connect to mcometgw.alipay.com:443.: 
W/System.err(30648):   -- caused by: java.net.UnknownHostException: Host is unresolved: mcometgw.alipay.com
W/System.err(30648): 	at com.alipay.pushsdk.push.a.m.a(Unknown Source)
W/System.err(30648): 	at com.alipay.pushsdk.push.k.run(Unknown Source)
W/System.err(30648): 	at java.util.concurrent.Executors$RunnableAdapter.call(Executors.java:390)
W/System.err(30648): 	at java.util.concurrent.FutureTask.run(FutureTask.java:234)
W/System.err(30648): 	at java.util.concurrent.ThreadPoolExecutor.runWorker(ThreadPoolExecutor.java:1080)
W/System.err(30648): 	at java.util.concurrent.ThreadPoolExecutor$Worker.run(ThreadPoolExecutor.java:573)
W/System.err(30648): 	at java.lang.Thread.run(Thread.java:838)
W/System.err(30648): Nested Exception: 
W/System.err(30648): java.net.UnknownHostException: Host is unresolved: mcometgw.alipay.com
W/System.err(30648): 	at java.net.Socket.connect(Socket.java:837)
W/System.err(30648): 	at com.alipay.pushsdk.push.a.a.a.createSocket(Unknown Source)
W/System.err(30648): 	at com.alipay.pushsdk.push.a.m.a(Unknown Source)
W/System.err(30648): 	at com.alipay.pushsdk.push.k.run(Unknown Source)
W/System.err(30648): 	at java.util.concurrent.Executors$RunnableAdapter.call(Executors.java:390)
W/System.err(30648): 	at java.util.concurrent.FutureTask.run(FutureTask.java:234)
W/System.err(30648): 	at java.util.concurrent.ThreadPoolExecutor.runWorker(ThreadPoolExecutor.java:1080)
W/System.err(30648): 	at java.util.concurrent.ThreadPoolExecutor$Worker.run(ThreadPoolExecutor.java:573)
W/System.err(30648): 	at java.lang.Thread.run(Thread.java:838)
D/libc-netbsd(  150): res_queryN name = ssl.google-analytics.com., class = 1, type = 1
D/battery_warning(  167): systemServerStarted: ps -t | grep ActivityManager 
D/battery_warning(  167): cmd result: system    642   618   1264288 90440 ffffffff 00000000 S ActivityManager
I/System.out(30779): [socket][253:52625] exception
I/System.out(30779): [CDS]close[52625]
D/MSF.C.NetConnTag(30779): [E]open /125.39.240.103:8080 failed connError_timeout
D/libc-netbsd(  150): getaddrinfo: msfwifi.3g.qq.com NO result from proxy 
D/libc-netbsd(  150): res_queryN name = msfwifi.3g.qq.com, class = 1, type = 1
E/SQLiteLog( 8239): (257) Open fd: 111, file: /data/data/com.tencent.mm/MicroMsg/a665a22b90fb4ce733db4392ed7d0329/SnsMicroMsg.db-journal
E/SQLiteLog( 8239): 
E/SQLiteLog( 8239): (257) Close fd: 111
E/SQLiteLog( 8239): 
D/BatteryService(  618): mBatteryVoltage=3825
D/StatusBar.BatteryController(  728): BatteryController onReceive action is android.intent.action.BATTERY_CHANGED
D/StatusBar.BatteryController(  728): status_protection = 2
D/StatusBar.BatteryController(  728): plugged is true fulled is false mBatteryProtection = false  R.drawable.stat_sys_battery_charge is 2130837872 R.drawable.stat_sys_battery is 2130837863  icon is 2130837872
D/StatusBar.BatteryController(  728): [Laptop] isPresent = false
D/StatusBar.BatteryController(  728): mBatteryPercentage is 29% mShouldShowBatteryPercentage is false mLabelViews.size() 1
D/PowerUI (  728): action = android.intent.action.BATTERY_CHANGED
D/PowerUI (  728): Intent start() ret = false mHideLowBDialog= true
D/PowerUI (  728): oldBatteryLevel = 29mBatteryLevel = 29
D/PowerUI (  728): mIsLaptopBatteryPresent = falsemBatteryStatus = 2
D/PowerUI (  728): dismissLowBatteryWarning
D/KeyguardUpdateMonitor(  618): received broadcast android.intent.action.BATTERY_CHANGED
D/KeyguardUpdateMonitor(  618): handleBatteryUpdate index=0 updateInteresting=false
D/SyncManager(  618): userId=0 auto=true mExt=com.mediatek.op.FwkExt@41f21a40
E/FWKEXT  (  618): Enter GetCurrentOP
D/SyncManager(  618): userId=0 auto=true mExt=com.mediatek.op.FwkExt@41f21a40
E/FWKEXT  (  618): Enter GetCurrentOP
D/SyncManager(  618): userId=0 auto=true mExt=com.mediatek.op.FwkExt@41f21a40
E/FWKEXT  (  618): Enter GetCurrentOP
D/SyncManager(  618): userId=0 auto=true mExt=com.mediatek.op.FwkExt@41f21a40
E/FWKEXT  (  618): Enter GetCurrentOP
D/SyncManager(  618): userId=0 auto=true mExt=com.mediatek.op.FwkExt@41f21a40
E/FWKEXT  (  618): Enter GetCurrentOP
D/SyncManager(  618): userId=0 auto=true mExt=com.mediatek.op.FwkExt@41f21a40
E/FWKEXT  (  618): Enter GetCurrentOP
D/SyncManager(  618): userId=0 auto=true mExt=com.mediatek.op.FwkExt@41f21a40
E/FWKEXT  (  618): Enter GetCurrentOP
D/SyncManager(  618): userId=0 auto=true mExt=com.mediatek.op.FwkExt@41f21a40
E/FWKEXT  (  618): Enter GetCurrentOP
D/SyncManager(  618): userId=0 auto=true mExt=com.mediatek.op.FwkExt@41f21a40
E/FWKEXT  (  618): Enter GetCurrentOP
D/SyncManager(  618): userId=0 auto=true mExt=com.mediatek.op.FwkExt@41f21a40
E/FWKEXT  (  618): Enter GetCurrentOP
D/SyncManager(  618): userId=0 auto=true mExt=com.mediatek.op.FwkExt@41f21a40
E/FWKEXT  (  618): Enter GetCurrentOP
D/SyncManager(  618): userId=0 auto=true mExt=com.mediatek.op.FwkExt@41f21a40
E/FWKEXT  (  618): Enter GetCurrentOP
D/SyncManager(  618): userId=0 auto=true mExt=com.mediatek.op.FwkExt@41f21a40
E/FWKEXT  (  618): Enter GetCurrentOP
D/SyncManager(  618): userId=0 auto=true mExt=com.mediatek.op.FwkExt@41f21a40
E/FWKEXT  (  618): Enter GetCurrentOP
D/SyncManager(  618): userId=0 auto=true mExt=com.mediatek.op.FwkExt@41f21a40
E/FWKEXT  (  618): Enter GetCurrentOP
D/SyncManager(  618): userId=0 auto=true mExt=com.mediatek.op.FwkExt@41f21a40
E/FWKEXT  (  618): Enter GetCurrentOP
D/SyncManager(  618): userId=0 auto=true mExt=com.mediatek.op.FwkExt@41f21a40
E/FWKEXT  (  618): Enter GetCurrentOP
D/SyncManager(  618): userId=0 auto=true mExt=com.mediatek.op.FwkExt@41f21a40
E/FWKEXT  (  618): Enter GetCurrentOP
D/SyncManager(  618): userId=0 auto=true mExt=com.mediatek.op.FwkExt@41f21a40
E/FWKEXT  (  618): Enter GetCurrentOP
D/SyncManager(  618): userId=0 auto=true mExt=com.mediatek.op.FwkExt@41f21a40
E/FWKEXT  (  618): Enter GetCurrentOP
D/SyncManager(  618): userId=0 auto=true mExt=com.mediatek.op.FwkExt@41f21a40
E/FWKEXT  (  618): Enter GetCurrentOP
D/SyncManager(  618): userId=0 auto=true mExt=com.mediatek.op.FwkExt@41f21a40
E/FWKEXT  (  618): Enter GetCurrentOP
D/dalvikvm(11288): GC_FOR_ALLOC freed 1K (35), 19% free 7903K/9672K, paused 19ms, total 19ms
I/dalvikvm-heap(11288): Grow heap (frag case) to 12.506MB for 4792336-byte allocation
D/dalvikvm(11288): GC_FOR_ALLOC freed <1K (2), 13% free 12582K/14356K, paused 22ms, total 22ms
D/SyncManager(  618): userId=0 auto=true mExt=com.mediatek.op.FwkExt@41f21a40
E/FWKEXT  (  618): Enter GetCurrentOP
D/SyncManager(  618): userId=0 auto=true mExt=com.mediatek.op.FwkExt@41f21a40
E/FWKEXT  (  618): Enter GetCurrentOP
D/SyncManager(  618): userId=0 auto=true mExt=com.mediatek.op.FwkExt@41f21a40
E/FWKEXT  (  618): Enter GetCurrentOP
D/SyncManager(  618): userId=0 auto=true mExt=com.mediatek.op.FwkExt@41f21a40
E/FWKEXT  (  618): Enter GetCurrentOP
D/SyncManager(  618): userId=0 auto=true mExt=com.mediatek.op.FwkExt@41f21a40
E/FWKEXT  (  618): Enter GetCurrentOP
D/SyncManager(  618): userId=0 auto=true mExt=com.mediatek.op.FwkExt@41f21a40
E/FWKEXT  (  618): Enter GetCurrentOP
D/SyncManager(  618): userId=0 auto=true mExt=com.mediatek.op.FwkExt@41f21a40
E/FWKEXT  (  618): Enter GetCurrentOP
D/SyncManager(  618): userId=0 auto=true mExt=com.mediatek.op.FwkExt@41f21a40
E/FWKEXT  (  618): Enter GetCurrentOP
D/SyncManager(  618): userId=0 auto=true mExt=com.mediatek.op.FwkExt@41f21a40
E/FWKEXT  (  618): Enter GetCurrentOP
D/SyncManager(  618): userId=0 auto=true mExt=com.mediatek.op.FwkExt@41f21a40
E/FWKEXT  (  618): Enter GetCurrentOP
D/SyncManager(  618): userId=0 auto=true mExt=com.mediatek.op.FwkExt@41f21a40
E/FWKEXT  (  618): Enter GetCurrentOP
D/SyncManager(  618): userId=0 auto=true mExt=com.mediatek.op.FwkExt@41f21a40
E/FWKEXT  (  618): Enter GetCurrentOP
D/SyncManager(  618): userId=0 auto=true mExt=com.mediatek.op.FwkExt@41f21a40
E/FWKEXT  (  618): Enter GetCurrentOP
D/SyncManager(  618): userId=0 auto=true mExt=com.mediatek.op.FwkExt@41f21a40
E/FWKEXT  (  618): Enter GetCurrentOP
D/SyncManager(  618): userId=0 auto=true mExt=com.mediatek.op.FwkExt@41f21a40
E/FWKEXT  (  618): Enter GetCurrentOP
D/SyncManager(  618): userId=0 auto=true mExt=com.mediatek.op.FwkExt@41f21a40
E/FWKEXT  (  618): Enter GetCurrentOP
D/SyncManager(  618): userId=0 auto=true mExt=com.mediatek.op.FwkExt@41f21a40
E/FWKEXT  (  618): Enter GetCurrentOP
D/SyncManager(  618): userId=0 auto=true mExt=com.mediatek.op.FwkExt@41f21a40
E/FWKEXT  (  618): Enter GetCurrentOP
D/SyncManager(  618): userId=0 auto=true mExt=com.mediatek.op.FwkExt@41f21a40
E/FWKEXT  (  618): Enter GetCurrentOP
D/SyncManager(  618): userId=0 auto=true mExt=com.mediatek.op.FwkExt@41f21a40
E/FWKEXT  (  618): Enter GetCurrentOP
D/SyncManager(  618): userId=0 auto=true mExt=com.mediatek.op.FwkExt@41f21a40
E/FWKEXT  (  618): Enter GetCurrentOP
D/dalvikvm(11288): GC_CONCURRENT freed <1K (1), 12% free 13160K/14936K, paused 5ms+2ms, total 30ms
D/dalvikvm(11288): create interp thread : stack size=128KB
D/dalvikvm(11288): create new thread
D/dalvikvm(11288): new thread created
D/dalvikvm(11288): update thread list
D/dalvikvm(11288): threadid=18: interp stack at 0x7872e000
D/dalvikvm(11288): threadid=18: created from interp
D/dalvikvm(11288): start new thread
D/dalvikvm(11288): threadid=18: notify debugger
D/dalvikvm(11288): threadid=18 (SyncAdapterThread-2): calling run()
D/SyncManager(  618): userId=0 auto=true mExt=com.mediatek.op.FwkExt@41f21a40
E/FWKEXT  (  618): Enter GetCurrentOP
E/SQLiteLog( 1178): (257) Open fd: 73, file: /data/user/0/com.google.android.gsf/databases/subscribedfeeds.db-journal
E/SQLiteLog( 1178): 
E/SQLiteLog( 1178): (257) Close fd: 73
E/SQLiteLog( 1178): 
D/IPCThreadState( 1178): [DN #5] BR_CLEAR_DEATH_NOTIFICATION_DONE cookie 0x7a2c2d38
D/MediatekClassFactory(  618): createInstance(): Begin = 357636039
D/MediatekClassFactory(  618): create Instance with :  interface com.mediatek.common.amsplus.IAmsPlus
D/MediatekClassFactory(  618): create Instance from mediatek-framework library :  com.mediatek.amsplus.ActivityStackPlus
D/MediatekClassFactory(  618): createInstance(): End = 357636040
E/SQLiteLog( 1178): (257) Open fd: 73, file: /data/user/0/com.google.android.gsf/databases/subscribedfeeds.db-journal
E/SQLiteLog( 1178): 
E/SQLiteLog( 1178): (257) Close fd: 73
E/SQLiteLog( 1178): 
D/IPCThreadState( 1178): [DN #5] BR_CLEAR_DEATH_NOTIFICATION_DONE cookie 0x79fcc068
D/MediatekClassFactory(  618): createInstance(): Begin = 357636053
D/MediatekClassFactory(  618): create Instance with :  interface com.mediatek.common.amsplus.IAmsPlus
D/MediatekClassFactory(  618): create Instance from mediatek-framework library :  com.mediatek.amsplus.ActivityStackPlus
D/MediatekClassFactory(  618): createInstance(): End = 357636054
E/SQLiteLog( 1178): (257) Open fd: 68, file: /data/user/0/com.google.android.gsf/databases/subscribedfeeds.db-journal
E/SQLiteLog( 1178): 
E/SQLiteLog( 1178): (257) Close fd: 68
E/SQLiteLog( 1178): 
D/MediatekClassFactory(  618): createInstance(): Begin = 357636063
D/MediatekClassFactory(  618): create Instance with :  interface com.mediatek.common.amsplus.IAmsPlus
D/MediatekClassFactory(  618): create Instance from mediatek-framework library :  com.mediatek.amsplus.ActivityStackPlus
D/MediatekClassFactory(  618): createInstance(): End = 357636064
E/SQLiteLog(11288): (257) Open fd: 66, file: /data/data/com.google.android.apps.plus/databases/es1.db-journal
E/SQLiteLog(11288): 
E/SQLiteLog(11288): (257) Close fd: 66
E/SQLiteLog(11288): 
E/SQLiteLog(11288): (257) Open fd: 68, file: /data/data/com.google.android.apps.plus/databases/es1.db-journal
E/SQLiteLog(11288): 
E/SQLiteLog(11288): (257) Close fd: 68
E/SQLiteLog(11288): 
E/SQLiteLog(11288): (257) Open fd: 66, file: /data/data/com.google.android.apps.plus/databases/es1.db-journal
