D/TelephonyManager(21107): getDefaultSim check single_sim=false, first_single_sim=0
D/TelephonyManager(21107): getDefaultSim = 0
D/TelephonyManager(21107): getSimOperator:0
D/PhoneInterfaceManager(  865): getSimOperator simId = 0getSimOperator = 46002
D/TelephonyManager(21107): getDefaultSim check single_sim=false, first_single_sim=0
D/TelephonyManager(21107): getDefaultSim = 0
D/TelephonyManager(21107): getSimOperatorName:0
D/PhoneInterfaceManager(  865): getSimOperatorName simId = 0prop = 
D/TelephonyManager(21107): getDefaultSim check single_sim=false, first_single_sim=0
D/TelephonyManager(21107): getDefaultSim = 0
D/TelephonyManager(21107): getSimOperatorName:0
D/PhoneInterfaceManager(  865): getSimOperatorName simId = 0prop = 
D/dalvikvm(21107): threadid=17: bye!
D/TelephonyManager(21107): getDefaultSim check single_sim=false, first_single_sim=0
D/TelephonyManager(21107): getDefaultSim = 0
D/TelephonyManager(21107): getSimOperatorName:0
D/PhoneInterfaceManager(  865): getSimOperatorName simId = 0prop = 
D/dalvikvm( 9971): Hot method Lcom/tencent/feedback/common/strategy/StrategyHolder;.d detected!
D/battery_warning(  167): systemServerStarted: ps -t | grep ActivityManager 
D/libc-netbsd(  150): res_queryN name = play.googleapis.com., class = 1, type = 1
D/battery_warning(  167): cmd result: system    642   618   1264288 90440 ffffffff 00000000 S ActivityManager
D/BatteryService(  618): mBatteryVoltage=3831
D/KeyguardUpdateMonitor(  618): received broadcast android.intent.action.BATTERY_CHANGED
D/KeyguardUpdateMonitor(  618): handleBatteryUpdate index=0 updateInteresting=false
D/StatusBar.BatteryController(  728): BatteryController onReceive action is android.intent.action.BATTERY_CHANGED
D/StatusBar.BatteryController(  728): status_protection = 2
D/StatusBar.BatteryController(  728): plugged is true fulled is false mBatteryProtection = false  R.drawable.stat_sys_battery_charge is 2130837872 R.drawable.stat_sys_battery is 2130837863  icon is 2130837872
D/StatusBar.BatteryController(  728): [Laptop] isPresent = false
D/StatusBar.BatteryController(  728): mBatteryPercentage is 29% mShouldShowBatteryPercentage is false mLabelViews.size() 1
D/PowerUI (  728): action = android.intent.action.BATTERY_CHANGED
D/PowerUI (  728): Intent start() ret = false mHideLowBDialog= true
D/PowerUI (  728): oldBatteryLevel = 29mBatteryLevel = 29
D/PowerUI (  728): mIsLaptopBatteryPresent = falsemBatteryStatus = 2
D/PowerUI (  728): dismissLowBatteryWarning
D/KeyguardUpdateMonitor(  618): received broadcast android.intent.action.TIME_TICK
D/KeyguardUpdateMonitor(  618): handleTimeUpdate
D/Clock   (  728): action =android.intent.action.TIME_TICK
V/ViewRootImpl(  728): scheduleConsumeBatchedInput: mConsumeBatchedInputScheduled = false,mFirstPendingInputEvent = null, this = ViewRoot{41c6c3e8 StatusBar,ident = 0}
V/ViewRootImpl(  728): doConsumeBatchedInput: frameTimeNanos = 357726710095309, this = ViewRoot{41c6c3e8 StatusBar,ident = 0}
D/Clock   (  728): action =android.intent.action.TIME_TICK
V/ViewRootImpl(  618): scheduleConsumeBatchedInput: mConsumeBatchedInputScheduled = false,mFirstPendingInputEvent = null, this = ViewRoot{422fbbf0 Keyguard,ident = 0}
V/ViewRootImpl(  618): doConsumeBatchedInput: frameTimeNanos = 357726732382232, this = ViewRoot{422fbbf0 Keyguard,ident = 0}
V/ViewRootImpl(  618): scheduleConsumeBatchedInput: mConsumeBatchedInputScheduled = false,mFirstPendingInputEvent = null, this = ViewRoot{422fbbf0 Keyguard,ident = 0}
V/ViewRootImpl(  618): doConsumeBatchedInput: frameTimeNanos = 357726757228540, this = ViewRoot{422fbbf0 Keyguard,ident = 0}
V/ViewRootImpl(  618): scheduleConsumeBatchedInput: mConsumeBatchedInputScheduled = false,mFirstPendingInputEvent = null, this = ViewRoot{422fbbf0 Keyguard,ident = 0}
V/ViewRootImpl(  618): doConsumeBatchedInput: frameTimeNanos = 357726781009463, this = ViewRoot{422fbbf0 Keyguard,ident = 0}
V/ViewRootImpl(  618): scheduleConsumeBatchedInput: mConsumeBatchedInputScheduled = false,mFirstPendingInputEvent = null, this = ViewRoot{422fbbf0 Keyguard,ident = 0}
V/ViewRootImpl(  618): doConsumeBatchedInput: frameTimeNanos = 357726804486694, this = ViewRoot{422fbbf0 Keyguard,ident = 0}
E/PushConnection(30613): Create socket err, errno:110
D/SettingsProvider(  618): call request for 0
D/SettingsProvider(  618): insert(content://settings/system) for user 0 by 0
D/SettingsProvider(  618): redundant, old Value: 0 new value: 0
D/dalvikvm(30613): threadid=14: exiting
D/dalvikvm(30613): threadid=14: bye!
I/System.out(30779): [CDS]EAGAIN or EWOULDBLOCK in Recvfrom
I/System.out(30779): [CDS]read byte is 0
I/System.out(30779): [CDS]rx timeout:10000
I/System.out(30779): [CDS]rx timeout:30000
D/libc-netbsd( 6685): getaddrinfo: play.googleapis.com NO result from proxy 
D/libc-netbsd( 6685): res_queryN name = play.googleapis.com, class = 1, type = 1
D/battery_warning(  167): systemServerStarted: ps -t | grep ActivityManager 
D/battery_warning(  167): cmd result: system    642   618   1264288 90440 ffffffff 00000000 S ActivityManager
D/BatteryService(  618): mBatteryVoltage=3832
D/KeyguardUpdateMonitor(  618): received broadcast android.intent.action.BATTERY_CHANGED
D/KeyguardUpdateMonitor(  618): handleBatteryUpdate index=0 updateInteresting=false
D/StatusBar.BatteryController(  728): BatteryController onReceive action is android.intent.action.BATTERY_CHANGED
D/StatusBar.BatteryController(  728): status_protection = 2
D/StatusBar.BatteryController(  728): plugged is true fulled is false mBatteryProtection = false  R.drawable.stat_sys_battery_charge is 2130837872 R.drawable.stat_sys_battery is 2130837863  icon is 2130837872
D/StatusBar.BatteryController(  728): [Laptop] isPresent = false
D/StatusBar.BatteryController(  728): mBatteryPercentage is 29% mShouldShowBatteryPercentage is false mLabelViews.size() 1
D/PowerUI (  728): action = android.intent.action.BATTERY_CHANGED
D/PowerUI (  728): Intent start() ret = false mHideLowBDialog= true
D/PowerUI (  728): oldBatteryLevel = 29mBatteryLevel = 29
D/PowerUI (  728): mIsLaptopBatteryPresent = falsemBatteryStatus = 2
D/PowerUI (  728): dismissLowBatteryWarning
D/InputReader(  618): InputReader::monitor: lock
D/InputReader(  618): InputReader::monitor: wait 
D/InputReader(  618): InputReader::monitor: unlock
D/InputReader(  618): InputReader::monitor: done
D/LocationManagerService(  618): status timer finished
D/libc-netbsd( 6685): res_queryN name = play.googleapis.com., class = 1, type = 1
D/battery_warning(  167): systemServerStarted: ps -t | grep ActivityManager 
D/battery_warning(  167): cmd result: system    642   618   1264288 90440 ffffffff 00000000 S ActivityManager
D/wpa_supplicant( 5950): wlan0: BSS: Remove id 25834 BSSID 00:23:cd:68:90:c0 SSID 'TP-LINK_6890C0' due to wpa_bss_flush_by_age
D/wpa_supplicant( 5950): CTRL_IFACE monitor send
D/wpa_supplicant( 5950): 2f646174612f6d6973632f776966692f736f636b6574732f7770615f6374726c5f3631382d393400
D/wpa_supplicant( 5950): wlan0: BSS: Remove id 25835 BSSID 9c:21:6a:91:aa:8c SSID 'Caxryk' due to wpa_bss_flush_by_age
D/wpa_supplicant( 5950): CTRL_IFACE monitor send
D/wpa_supplicant( 5950): 2f646174612f6d6973632f776966692f736f636b6574732f7770615f6374726c5f3631382d393400
D/wpa_supplicant( 5950): wlan0: BSS: Remove id 25836 BSSID 8c:21:0a:bb:8c:00 SSID 'TP-LINK_BB8C00' due to wpa_bss_flush_by_age
D/wpa_supplicant( 5950): CTRL_IFACE monitor send
D/wpa_supplicant( 5950): 2f646174612f6d6973632f776966692f736f636b6574732f7770615f6374726c5f3631382d393400
D/wpa_supplicant( 5950): wlan0: BSS: Remove id 25837 BSSID 5c:63:bf:db:26:a0 SSID 'TPone' due to wpa_bss_flush_by_age
D/wpa_supplicant( 5950): CTRL_IFACE monitor send
D/wpa_supplicant( 5950): 2f646174612f6d6973632f776966692f736f636b6574732f7770615f6374726c5f3631382d393400
D/wpa_supplicant( 5950): wlan0: BSS: Remove id 25838 BSSID 00:1d:0f:6a:f0:ba SSID 'pengyunye' due to wpa_bss_flush_by_age
D/wpa_supplicant( 5950): CTRL_IFACE monitor send
D/wpa_supplicant( 5950): 2f646174612f6d6973632f776966692f736f636b6574732f7770615f6374726c5f3631382d393400
D/wpa_supplicant( 5950): wlan0: BSS: Remove id 25839 BSSID 1c:af:f7:df:c6:c3 SSID 'dlink1' due to wpa_bss_flush_by_age
D/wpa_supplicant( 5950): CTRL_IFACE monitor send
D/wpa_supplicant( 5950): 2f646174612f6d6973632f776966692f736f636b6574732f7770615f6374726c5f3631382d393400
D/wpa_supplicant( 5950): wlan0: BSS: Remove id 25840 BSSID 00:27:19:22:e4:04 SSID '403403' due to wpa_bss_flush_by_age
D/wpa_supplicant( 5950): CTRL_IFACE monitor send
D/wpa_supplicant( 5950): 2f646174612f6d6973632f776966692f736f636b6574732f7770615f6374726c5f3631382d393400
D/wpa_supplicant( 5950): wlan0: BSS: Remove id 25841 BSSID 6c:e8:73:aa:b3:02 SSID 'CCCNT333' due to wpa_bss_flush_by_age
D/wpa_supplicant( 5950): CTRL_IFACE monitor send
D/wpa_supplicant( 5950): 2f646174612f6d6973632f776966692f736f636b6574732f7770615f6374726c5f3631382d393400
D/wpa_supplicant( 5950): wlan0: BSS: Remove id 25842 BSSID 8c:21:0a:b6:6a:42 SSID 'TP-LINK_B66A42' due to wpa_bss_flush_by_age
D/wpa_supplicant( 5950): CTRL_IFACE monitor send
D/wpa_supplicant( 5950): 2f646174612f6d6973632f776966692f736f636b6574732f7770615f6374726c5f3631382d393400
D/wpa_supplicant( 5950): wlan0: BSS: Remove id 25843 BSSID 8c:21:0a:89:99:ba SSID 'FNNEW' due to wpa_bss_flush_by_age
D/wpa_supplicant( 5950): CTRL_IFACE monitor send
D/wpa_supplicant( 5950): 2f646174612f6d6973632f776966692f736f636b6574732f7770615f6374726c5f3631382d393400
D/WifiCommon(  618): [wlan0]GET "CTRL-EVENT-BSS-REMOVED 25834 00:23:cd:68:90:c0"
D/WifiCommon(  618): [wlan0]GET "CTRL-EVENT-BSS-REMOVED 25835 9c:21:6a:91:aa:8c"
D/WifiCommon(  618): [wlan0]GET "CTRL-EVENT-BSS-REMOVED 25836 8c:21:0a:bb:8c:00"
D/WifiCommon(  618): [wlan0]GET "CTRL-EVENT-BSS-REMOVED 25837 5c:63:bf:db:26:a0"
D/WifiCommon(  618): [wlan0]GET "CTRL-EVENT-BSS-REMOVED 25838 00:1d:0f:6a:f0:ba"
D/WifiCommon(  618): [wlan0]GET "CTRL-EVENT-BSS-REMOVED 25839 1c:af:f7:df:c6:c3"
D/WifiCommon(  618): [wlan0]GET "CTRL-EVENT-BSS-REMOVED 25840 00:27:19:22:e4:04"
D/WifiCommon(  618): [wlan0]GET "CTRL-EVENT-BSS-REMOVED 25841 6c:e8:73:aa:b3:02"
D/WifiCommon(  618): [wlan0]GET "CTRL-EVENT-BSS-REMOVED 25842 8c:21:0a:b6:6a:42"
D/WifiCommon(  618): [wlan0]GET "CTRL-EVENT-BSS-REMOVED 25843 8c:21:0a:89:99:ba"
I/System.out( 6685): [CDS][DNS]Unable to resolve host "play.googleapis.com": No address associated with hostname
D/Uploader( 6685): Network request failed class java.net.UnknownHostException(Unable to resolve host "play.googleapis.com": No address associated with hostname)
D/dalvikvm( 6685): threadid=17: exiting
D/dalvikvm( 6685): threadid=17: bye!
D/dalvikvm(10359): Hot method Lsdk/c/a/e/c;.d detected!
D/dalvikvm(10359): create interp thread : stack size=128KB
D/dalvikvm(10359): create new thread
D/dalvikvm(10359): new thread created
D/dalvikvm(10359): update thread list
D/dalvikvm(10359): threadid=14: interp stack at 0x7807d000
D/dalvikvm(10359): threadid=14: created from interp
D/dalvikvm(10359): start new thread
D/dalvikvm(10359): threadid=14: notify debugger
D/dalvikvm(10359): threadid=14 (TaskService-pool-4): calling run()
D/IPCThreadState(  618): [DN #5] BR_CLEAR_DEATH_NOTIFICATION_DONE cookie 0x7fd694a8
I/System.out(10359): [CDS]SO_LINGER:true/0
I/System.out(10359): [CDS]IoBridge->SO_LINGER: l_onoff: 1 ; l_linger: 0
D/libc-netbsd(  150): getaddrinfo: sdk.open.talk.igexin.com NO result from proxy 
D/libc-netbsd(  150): res_queryN name = sdk.open.talk.igexin.com, class = 1, type = 1
D/battery_warning(  167): systemServerStarted: ps -t | grep ActivityManager 
D/battery_warning(  167): cmd result: system    642   618   1264288 90440 ffffffff 00000000 S ActivityManager
D/BatteryService(  618): mBatteryVoltage=3833
D/StatusBar.BatteryController(  728): BatteryController onReceive action is android.intent.action.BATTERY_CHANGED
D/StatusBar.BatteryController(  728): status_protection = 2
D/StatusBar.BatteryController(  728): plugged is true fulled is false mBatteryProtection = false  R.drawable.stat_sys_battery_charge is 2130837872 R.drawable.stat_sys_battery is 2130837863  icon is 2130837872
D/StatusBar.BatteryController(  728): [Laptop] isPresent = false
D/StatusBar.BatteryController(  728): mBatteryPercentage is 29% mShouldShowBatteryPercentage is false mLabelViews.size() 1
D/PowerUI (  728): action = android.intent.action.BATTERY_CHANGED
D/PowerUI (  728): Intent start() ret = false mHideLowBDialog= true
D/PowerUI (  728): oldBatteryLevel = 29mBatteryLevel = 29
D/PowerUI (  728): mIsLaptopBatteryPresent = falsemBatteryStatus = 2
D/PowerUI (  728): dismissLowBatteryWarning
D/KeyguardUpdateMonitor(  618): received broadcast android.intent.action.BATTERY_CHANGED
D/KeyguardUpdateMonitor(  618): handleBatteryUpdate index=0 updateInteresting=false
D/dalvikvm(30613): create interp thread : stack size=128KB
D/dalvikvm(30613): create new thread
D/dalvikvm(30613): new thread created
D/dalvikvm(30613): update thread list
D/dalvikvm(30613): threadid=14: interp stack at 0x78088000
D/dalvikvm(30613): threadid=14: created from interp
D/dalvikvm(30613): start new thread
D/dalvikvm(30613): threadid=14: notify debugger
D/dalvikvm(30613): threadid=14 (PushService-PushService-connect): calling run()
I/System.out(30779): [CDS]EAGAIN or EWOULDBLOCK in Recvfrom
I/System.out(30779): [CDS]read byte is 0
I/System.out(30779): [CDS]rx timeout:10000
I/System.out(30779): [CDS]rx timeout:30000
D/libc-netbsd(  150): res_queryN name = sdk.open.talk.igexin.com., class = 1, type = 1
D/battery_warning(  167): systemServerStarted: ps -t | grep ActivityManager 
D/battery_warning(  167): cmd result: system    642   618   1264288 90440 ffffffff 00000000 S ActivityManager
D/BatteryService(  618): mBatteryVoltage=3834
D/StatusBar.BatteryController(  728): BatteryController onReceive action is android.intent.action.BATTERY_CHANGED
D/StatusBar.BatteryController(  728): status_protection = 2
D/StatusBar.BatteryController(  728): plugged is true fulled is false mBatteryProtection = false  R.drawable.stat_sys_battery_charge is 2130837872 R.drawable.stat_sys_battery is 2130837863  icon is 2130837872
D/StatusBar.BatteryController(  728): [Laptop] isPresent = false
D/StatusBar.BatteryController(  728): mBatteryPercentage is 29% mShouldShowBatteryPercentage is false mLabelViews.size() 1
D/PowerUI (  728): action = android.intent.action.BATTERY_CHANGED
D/PowerUI (  728): Intent start() ret = false mHideLowBDialog= true
D/PowerUI (  728): oldBatteryLevel = 29mBatteryLevel = 29
D/PowerUI (  728): mIsLaptopBatteryPresent = falsemBatteryStatus = 2
D/PowerUI (  728): dismissLowBatteryWarning
D/KeyguardUpdateMonitor(  618): received broadcast android.intent.action.BATTERY_CHANGED
D/KeyguardUpdateMonitor(  618): handleBatteryUpdate index=0 updateInteresting=false
D/InputReader(  618): InputReader::monitor: lock
D/InputReader(  618): InputReader::monitor: wait 
D/InputReader(  618): InputReader::monitor: unlock
D/InputReader(  618): InputReader::monitor: done
D/LocationManagerService(  618): status timer finished
D/dalvikvm( 1178): create interp thread : stack size=128KB
D/dalvikvm( 1178): create new thread
D/dalvikvm( 1178): new thread created
D/dalvikvm( 1178): update thread list
D/dalvikvm( 1178): threadid=33: interp stack at 0x7a6a6000
D/dalvikvm( 1178): threadid=33: created from interp
D/dalvikvm( 1178): start new thread
D/MediatekClassFactory(  618): createInstance(): Begin = 357774052
D/MediatekClassFactory(  618): create Instance with :  interface com.mediatek.common.amsplus.IAmsPlus
D/MediatekClassFactory(  618): create Instance from mediatek-framework library :  com.mediatek.amsplus.ActivityStackPlus
D/MediatekClassFactory(  618): createInstance(): End = 357774052
D/dalvikvm( 1178): threadid=33: notify debugger
D/dalvikvm( 1178): threadid=33 (GCMWriter): calling run()
I/System.out( 1178): [CDS]rx timeout:20000
D/libc-netbsd(  150): getaddrinfo: mtalk.google.com NO result from proxy 
D/libc-netbsd(  150): res_queryN name = mtalk.google.com, class = 1, type = 1
D/libc-netbsd(10359): getaddrinfo: sdk.open.talk.igexin.com NO result from proxy 
D/libc-netbsd(10359): res_queryN name = sdk.open.talk.igexin.com, class = 1, type = 1
D/battery_warning(  167): systemServerStarted: ps -t | grep ActivityManager 
D/BatteryService(  618): mBatteryVoltage=3835
D/StatusBar.BatteryController(  728): BatteryController onReceive action is android.intent.action.BATTERY_CHANGED
D/StatusBar.BatteryController(  728): status_protection = 2
D/StatusBar.BatteryController(  728): plugged is true fulled is false mBatteryProtection = false  R.drawable.stat_sys_battery_charge is 2130837872 R.drawable.stat_sys_battery is 2130837863  icon is 2130837872
D/StatusBar.BatteryController(  728): [Laptop] isPresent = false
D/StatusBar.BatteryController(  728): mBatteryPercentage is 29% mShouldShowBatteryPercentage is false mLabelViews.size() 1
D/PowerUI (  728): action = android.intent.action.BATTERY_CHANGED
D/PowerUI (  728): Intent start() ret = false mHideLowBDialog= true
D/PowerUI (  728): oldBatteryLevel = 29mBatteryLevel = 29
D/PowerUI (  728): mIsLaptopBatteryPresent = falsemBatteryStatus = 2
D/PowerUI (  728): dismissLowBatteryWarning
D/KeyguardUpdateMonitor(  618): received broadcast android.intent.action.BATTERY_CHANGED
D/KeyguardUpdateMonitor(  618): handleBatteryUpdate index=0 updateInteresting=false
D/battery_warning(  167): cmd result: system    642   618   1264288 90440 ffffffff 00000000 S ActivityManager
E/PushConnection(30613): Create socket err, errno:110
D/SettingsProvider(  618): call request for 0
D/SettingsProvider(  618): insert(content://settings/system) for user 0 by 0
D/SettingsProvider(  618): redundant, old Value: 0 new value: 0
D/dalvikvm(30613): threadid=14: exiting
D/dalvikvm(30613): threadid=14: bye!
D/dalvikvm(21107): threadid=17: interp stack at 0x78d83000
D/dalvikvm(21107): threadid=17: bye!
D/dalvikvm(21107): threadid=17: interp stack at 0x78d83000
D/dalvikvm(21107): threadid=17: bye!
D/dalvikvm(21107): threadid=17: interp stack at 0x78d83000
D/dalvikvm(21107): threadid=17: bye!
D/dalvikvm(21107): threadid=17: interp stack at 0x78d83000
D/dalvikvm(21107): threadid=17: bye!
D/libc-netbsd(  150): getaddrinfo: dns.weixin.qq.com NO result from proxy 
D/libc-netbsd(  150): res_queryN name = dns.weixin.qq.com, class = 1, type = 1
D/libc-netbsd(  150): res_queryN name = dns.weixin.qq.com succeed
D/libc-netbsd(21107): getaddrinfo: dns.weixin.qq.com get result from proxy >>
D/IPCThreadState(  618): [DN #5] BR_CLEAR_DEATH_NOTIFICATION_DONE cookie 0x786f5470
D/dalvikvm(21107): threadid=17: interp stack at 0x78d83000
D/dalvikvm(21107): threadid=17: bye!
D/dalvikvm(21107): threadid=17: interp stack at 0x78d83000
D/TelephonyManager(21107): getDefaultSim check single_sim=false, first_single_sim=0
D/TelephonyManager(21107): getDefaultSim = 0
D/TelephonyManager(21107): getSimOperator:0
D/PhoneInterfaceManager(  865): getSimOperator simId = 0getSimOperator = 46002
D/TelephonyManager(21107): getDefaultSim check single_sim=false, first_single_sim=0
D/TelephonyManager(21107): getDefaultSim = 0
D/TelephonyManager(21107): getSimOperatorName:0
D/PhoneInterfaceManager(  865): getSimOperatorName simId = 0prop = 
D/TelephonyManager(21107): getDefaultSim check single_sim=false, first_single_sim=0
D/TelephonyManager(21107): getDefaultSim = 0
D/TelephonyManager(21107): getSimOperatorName:0
D/PhoneInterfaceManager(  865): getSimOperatorName simId = 0prop = 
D/dalvikvm(21107): threadid=17: bye!
D/TelephonyManager(21107): getDefaultSim check single_sim=false, first_single_sim=0
D/TelephonyManager(21107): getDefaultSim = 0
D/TelephonyManager(21107): getSimOperatorName:0
D/PhoneInterfaceManager(  865): getSimOperatorName simId = 0prop = 
D/ADB_SERVICES(  187): adb fdevent_process list (46) 
W/ADB_SERVICES(  187): create_local_service_socket() name=shell:logwrapper ls /sdcard/Download
W/ADB_SERVICES(  187): LS(464): bound to 'shell:logwrapper ls /sdcard/Download' via 50
I/ls      (11651): 04AAFD44.jpeg
I/ls      (11651): 9bc178560695fc95e71d32f9fc74a57c.apk
I/ls      (11651): cmblife_9bonus.apk
I/ls      (11651): com.anydo.1386770497275.apk
I/ls      (11651): com.google.android.calendar.1387235142247.apk
I/ls      (11651): com.google.android.gms.1385172043208.apk
I/ls      (11651): com.google.android.keep.1386836973413.apk
I/ls      (11651): com.yingyonghui.market_2512_30032705.apk
I/ls      (11651): one.hh.oneclient.1383837548502.apk
I/ls      (11651): timg.jpg
D/ADB_SERVICES(  187):  closing because is_eof=1 r=-1 s->fde.force_eof=0
W/ADB_SERVICES(  187): entered. LS(464) fd=50
D/IPCThreadState(  618): [DN #5] BR_DEAD_BINDER cookie 0x7aeb8378
D/IPCThreadState(  618): [DN #5] BR_CLEAR_DEATH_NOTIFICATION_DONE cookie 0x7aeb8378
D/IPCThreadState(  618): [DN #5] BR_DEAD_BINDER cookie 0x7a28bd78
D/IPCThreadState(  618): [DN #5] BR_DEAD_BINDER cookie 0x7c7d28c8
D/IPCThreadState(  618): [DN #5] BR_CLEAR_DEATH_NOTIFICATION_DONE cookie 0x7c7d28c8
D/IPCThreadState(  618): [DN #5] BR_DEAD_BINDER cookie 0x763a2d80
D/IPCThreadState(  618): [DN #5] BR_CLEAR_DEATH_NOTIFICATION_DONE cookie 0x763a2d80
D/IPCThreadState(  618): [DN #5] BR_CLEAR_DEATH_NOTIFICATION_DONE cookie 0x7a28bd78
W/ADB_SERVICES(  187): terminating JDWP 9758 connection: I/O error
D/ADB_SERVICES(  187): remove pid 9758 to jdwp process list
W/ADB_SERVICES(  187): create_local_service_socket() name=shell:logcat -b main
W/ADB_SERVICES(  187): LS(465): bound to 'shell:logcat -b main' via 33
D/libc-netbsd(  150): res_queryN name = mtalk.google.com., class = 1, type = 1
D/libc-netbsd(10359): res_queryN name = sdk.open.talk.igexin.com., class = 1, type = 1
D/BatteryService(  618): mBatteryVoltage=3836
D/KeyguardUpdateMonitor(  618): received broadcast android.intent.action.BATTERY_CHANGED
D/KeyguardUpdateMonitor(  618): handleBatteryUpdate index=0 updateInteresting=false
D/StatusBar.BatteryController(  728): BatteryController onReceive action is android.intent.action.BATTERY_CHANGED
D/StatusBar.BatteryController(  728): status_protection = 2
D/StatusBar.BatteryController(  728): plugged is true fulled is false mBatteryProtection = false  R.drawable.stat_sys_battery_charge is 2130837872 R.drawable.stat_sys_battery is 2130837863  icon is 2130837872
D/StatusBar.BatteryController(  728): [Laptop] isPresent = false
D/StatusBar.BatteryController(  728): mBatteryPercentage is 29% mShouldShowBatteryPercentage is false mLabelViews.size() 1
D/PowerUI (  728): action = android.intent.action.BATTERY_CHANGED
D/PowerUI (  728): Intent start() ret = false mHideLowBDialog= true
D/PowerUI (  728): oldBatteryLevel = 29mBatteryLevel = 29
D/PowerUI (  728): mIsLaptopBatteryPresent = falsemBatteryStatus = 2
D/PowerUI (  728): dismissLowBatteryWarning
D/battery_warning(  167): systemServerStarted: ps -t | grep ActivityManager 
D/battery_warning(  167): cmd result: system    642   618   1264288 90440 ffffffff 00000000 S ActivityManager
D/KeyguardUpdateMonitor(  618): received broadcast android.intent.action.TIME_TICK
D/KeyguardUpdateMonitor(  618): handleTimeUpdate
D/Clock   (  728): action =android.intent.action.TIME_TICK
V/ViewRootImpl(  728): scheduleConsumeBatchedInput: mConsumeBatchedInputScheduled = false,mFirstPendingInputEvent = null, this = ViewRoot{41c6c3e8 StatusBar,ident = 0}
V/ViewRootImpl(  728): doConsumeBatchedInput: frameTimeNanos = 357786706345929, this = ViewRoot{41c6c3e8 StatusBar,ident = 0}
D/Clock   (  728): action =android.intent.action.TIME_TICK
V/ViewRootImpl(  618): scheduleConsumeBatchedInput: mConsumeBatchedInputScheduled = false,mFirstPendingInputEvent = null, this = ViewRoot{422fbbf0 Keyguard,ident = 0}
V/ViewRootImpl(  618): doConsumeBatchedInput: frameTimeNanos = 357786728859159, this = ViewRoot{422fbbf0 Keyguard,ident = 0}
V/ViewRootImpl(  618): scheduleConsumeBatchedInput: mConsumeBatchedInputScheduled = false,mFirstPendingInputEvent = null, this = ViewRoot{422fbbf0 Keyguard,ident = 0}
V/ViewRootImpl(  618): doConsumeBatchedInput: frameTimeNanos = 357786752905467, this = ViewRoot{422fbbf0 Keyguard,ident = 0}
V/ViewRootImpl(  618): scheduleConsumeBatchedInput: mConsumeBatchedInputScheduled = false,mFirstPendingInputEvent = null, this = ViewRoot{422fbbf0 Keyguard,ident = 0}
V/ViewRootImpl(  618): doConsumeBatchedInput: frameTimeNanos = 357786776477082, this = ViewRoot{422fbbf0 Keyguard,ident = 0}
V/ViewRootImpl(  618): scheduleConsumeBatchedInput: mConsumeBatchedInputScheduled = false,mFirstPendingInputEvent = null, this = ViewRoot{422fbbf0 Keyguard,ident = 0}
V/ViewRootImpl(  618): doConsumeBatchedInput: frameTimeNanos = 357786800067775, this = ViewRoot{422fbbf0 Keyguard,ident = 0}
I/System.out(30779): [CDS]EAGAIN or EWOULDBLOCK in Recvfrom
I/System.out(30779): [CDS]read byte is 0
D/ADB_SERVICES(  187): adb fdevent_process list (50) (46) (33) 
I/System.out(30779): [CDS]rx timeout:10000
I/System.out(30779): [CDS]rx timeout:30000
D/libc-netbsd( 1178): getaddrinfo: mtalk.google.com NO result from proxy 
D/libc-netbsd( 1178): res_queryN name = mtalk.google.com, class = 1, type = 1
I/System.out(10359): [CDS][DNS]Unable to resolve host "sdk.open.talk.igexin.com": No address associated with hostname
E/SQLiteLog(10359): (257) Open fd: 73, file: /data/data/com.cmbchina.ccd.pluto.cmbActivity/databases/gxdbapp.db
E/SQLiteLog(10359): 
D/IPCThreadState(  618): [DN #5] BR_CLEAR_DEATH_NOTIFICATION_DONE cookie 0x7fd694a8
E/SQLiteLog(10359): (257) Open fd: 74, file: /data/data/com.cmbchina.ccd.pluto.cmbActivity/databases/gxdbapp.db-journal
E/SQLiteLog(10359): 
E/SQLiteLog(10359): (257) Close fd: 74
E/SQLiteLog(10359): 
E/SQLiteLog(10359): (257) Open fd: 74, file: /data/data/com.cmbchina.ccd.pluto.cmbActivity/databases/gxdbapp.db-journal
E/SQLiteLog(10359): 
E/SQLiteLog(10359): (257) Close fd: 74
E/SQLiteLog(10359): 
E/SQLiteLog(10359): (257) Open fd: 74, file: /data/data/com.cmbchina.ccd.pluto.cmbActivity/databases/gxdbapp.db-journal
E/SQLiteLog(10359): 
E/SQLiteLog(10359): (257) Close fd: 74
E/SQLiteLog(10359): 
E/SQLiteLog(10359): (257) Open fd: 74, file: /data/data/com.cmbchina.ccd.pluto.cmbActivity/databases/gxdbapp.db-journal
E/SQLiteLog(10359): 
E/SQLiteLog(10359): (257) Close fd: 74
E/SQLiteLog(10359): 
E/SQLiteLog(10359): (257) Open fd: 74, file: /data/data/com.cmbchina.ccd.pluto.cmbActivity/databases/gxdbapp.db-journal
E/SQLiteLog(10359): 
E/SQLiteLog(10359): (257) Close fd: 74
E/SQLiteLog(10359): 
E/SQLiteLog(10359): (257) Open fd: 75, file: /data/data/com.cmbchina.ccd.pluto.cmbActivity/databases/gxdbapp.db-journal
E/SQLiteLog(10359): 
E/SQLiteLog(10359): (257) Close fd: 75
E/SQLiteLog(10359): 
E/SQLiteLog(10359): (257) Open fd: 75, file: /data/data/com.cmbchina.ccd.pluto.cmbActivity/databases/gxdbapp.db-journal
E/SQLiteLog(10359): 
E/SQLiteLog(10359): (257) Close fd: 75
E/SQLiteLog(10359): 
E/SQLiteLog(10359): (257) Open fd: 75, file: /data/data/com.cmbchina.ccd.pluto.cmbActivity/databases/gxdbapp.db-journal
E/SQLiteLog(10359): 
E/SQLiteLog(10359): (257) Close fd: 75
E/SQLiteLog(10359): 
E/SQLiteLog(10359): (257) Close fd: 73
E/SQLiteLog(10359): 
D/BatteryService(  618): mBatteryVoltage=3837
D/StatusBar.BatteryController(  728): BatteryController onReceive action is android.intent.action.BATTERY_CHANGED
D/StatusBar.BatteryController(  728): status_protection = 2
D/StatusBar.BatteryController(  728): plugged is true fulled is false mBatteryProtection = false  R.drawable.stat_sys_battery_charge is 2130837872 R.drawable.stat_sys_battery is 2130837863  icon is 2130837872
D/StatusBar.BatteryController(  728): [Laptop] isPresent = false
D/KeyguardUpdateMonitor(  618): received broadcast android.intent.action.BATTERY_CHANGED
D/StatusBar.BatteryController(  728): mBatteryPercentage is 29% mShouldShowBatteryPercentage is false mLabelViews.size() 1
D/PowerUI (  728): action = android.intent.action.BATTERY_CHANGED
D/PowerUI (  728): Intent start() ret = false mHideLowBDialog= true
D/PowerUI (  728): oldBatteryLevel = 29mBatteryLevel = 29
D/PowerUI (  728): mIsLaptopBatteryPresent = falsemBatteryStatus = 2
D/PowerUI (  728): dismissLowBatteryWarning
D/KeyguardUpdateMonitor(  618): handleBatteryUpdate index=0 updateInteresting=false
D/battery_warning(  167): systemServerStarted: ps -t | grep ActivityManager 
D/battery_warning(  167): cmd result: system    642   618   1264288 90440 ffffffff 00000000 S ActivityManager
