D/dalvikvm( 9971): threadid=36: interp stack at 0x7ae20000
D/dalvikvm( 9971): threadid=36: created from interp
D/dalvikvm( 9971): start new thread
E/SQLiteLog( 9971): (257) Close fd: 72
E/SQLiteLog( 9971): 
D/dalvikvm( 9971): threadid=36: notify debugger
D/dalvikvm( 9971): threadid=36 (MessageHandleThread5): calling run()
D/dalvikvm( 9971): threadid=30: notify debugger
D/dalvikvm( 9971): threadid=30 (MessageHandleThread1): calling run()
E/SQLiteLog( 9971): (257) Open fd: 72, file: /data/data/com.tencent.mobileqq/databases/517204646.db-journal
E/SQLiteLog( 9971): 
E/SQLiteLog( 9971): (257) Close fd: 72
E/SQLiteLog( 9971): 
E/SQLiteLog( 9971): (257) Open fd: 72, file: /data/data/com.tencent.mobileqq/databases/517204646.db-journal
E/SQLiteLog( 9971): 
E/SQLiteLog( 9971): (257) Close fd: 72
E/SQLiteLog( 9971): 
E/SQLiteLog( 9971): (257) Open fd: 72, file: /data/data/com.tencent.mobileqq/databases/517204646.db-journal
E/SQLiteLog( 9971): 
E/SQLiteLog( 9971): (257) Close fd: 72
E/SQLiteLog( 9971): 
I/System.out(30779): [CDS]close[35594]
I/System.out(30779): [CDS]rx timeout:10000
D/MSF.C.NetConnTag(30779): [E]read DataError java.net.SocketException: setsockopt failed: EBADF (Bad file number)
I/System.out(30779): close [socket][/0.0.0.0:35594]
D/MSF.C.NetConnTag(30779): [E]conn is already closed on readError
D/IPCThreadState(  618): [DN #5] BR_CLEAR_DEATH_NOTIFICATION_DONE cookie 0x7633df80
D/MSF.C.NetConnTag(30779): [E]close Socket[address=msfwifi.3g.qq.com/120.196.210.32,port=8080,localPort=35594] by lastMessageTimeTooLong
D/dalvikvm(30779): threadid=24: exiting
D/dalvikvm(30779): threadid=24: bye!
D/dalvikvm(30779): create interp thread : stack size=128KB
E/SQLiteLog( 9971): (257) Open fd: 72, file: /data/data/com.tencent.mobileqq/databases/517204646.db-journal
E/SQLiteLog( 9971): 
E/SQLiteLog( 9971): (257) Close fd: 72
E/SQLiteLog( 9971): 
D/dalvikvm(30779): create new thread
D/dalvikvm(30779): new thread created
D/dalvikvm(30779): update thread list
D/dalvikvm(30779): threadid=24: interp stack at 0x7961f000
D/dalvikvm(30779): threadid=24: created from interp
D/dalvikvm(30779): start new thread
D/dalvikvm(30779): Hot method Lcom/tencent/mobileqq/msf/core/MsfCore;.getNextSeq detected!
D/dalvikvm(30779): threadid=24: notify debugger
D/dalvikvm(30779): threadid=24 (onConnClosedPushThread): calling run()
E/SQLiteLog( 9971): (257) Open fd: 72, file: /data/data/com.tencent.mobileqq/databases/517204646.db-journal
E/SQLiteLog( 9971): 
E/SQLiteLog( 9971): (257) Close fd: 72
E/SQLiteLog( 9971): 
D/dalvikvm( 9971): Hot method Lmqq/app/AppRuntime;.getManager detected!
D/dalvikvm( 9971): Hot method Lcom/tencent/qphone/base/remote/FromServiceMsg;.getRequestSsoSeq detected!
E/SQLiteLog( 9971): (257) Open fd: 72, file: /data/data/com.tencent.mobileqq/databases/517204646.db-journal
E/SQLiteLog( 9971): 
E/SQLiteLog( 9971): (257) Close fd: 72
E/SQLiteLog( 9971): 
D/IPCThreadState(  618): [DN #5] BR_CLEAR_DEATH_NOTIFICATION_DONE cookie 0x7633dfc0
D/MSF.C.NetConnTag(30779): [E]try open Conn /125.39.240.104:8080
I/System.out(30779): [CDS]rx timeout:10000
I/System.out(30779): [socket][254] connection /125.39.240.104:8080;LocalPort=43468(10000)
I/System.out(30779): [CDS]connect[/125.39.240.104:8080] tm:10
D/Posix   (30779): [Posix_connect Debug]Process com.tencent.mobileqq:MSF :8080 
I/System.out(30779): [socket][/192.168.0.102:43468] connected
D/dalvikvm(30779): create interp thread : stack size=128KB
D/dalvikvm(30779): create new thread
D/dalvikvm(30779): new thread created
D/dalvikvm(30779): update thread list
D/dalvikvm(30779): threadid=25: interp stack at 0x797c6000
D/dalvikvm(30779): threadid=25: created from interp
D/dalvikvm(30779): start new thread
D/MSF.C.NetConnTag(30779): [E]open conn at /125.39.240.104:8080 localSocket:192.168.0.102:43468
D/dalvikvm(30779): threadid=25: notify debugger
D/dalvikvm(30779): threadid=25 (MsfCoreSocketReader): calling run()
I/System.out(30779): [CDS]rx timeout:30000
D/MSF.C.NetConnInfoCenter(30779): [E]currentAPN:3gnet. received networkInfo: CONNECTED :NetworkInfo: type: WIFI[], state: CONNECTED/CONNECTED, reason: (unspecified), extra: "haolinjuhaoshiyou666", roaming: false, failover: false, isAvailable: true, simId: 0. extra NetworkInfo: null
D/dalvikvm( 9971): Hot method Lmqq/app/AppRuntime;.getAccount detected!
D/dalvikvm(30779): Hot method Lcom/tencent/mobileqq/msf/core/l;.l detected!
I/System.out(30779): [CDS]rx timeout:10000
D/MSF.C.SsoListManager(30779): [E]save http get wifisso for socket://125.39.240.104:8080#00000:0:0;socket://125.39.240.103:80#00000:0:0;socket://125.39.247.164:8080#00000:0:0;socket://163.177.65.166:14000#00000:0:0;socket://112.90.78.169:443#00000:0:0;socket://112.64.234.200:8080#00000:0:0;socket://125.39.240.103:8080#00000:0:0;socket://msfwifi.3g.qq.com:8080#00000:0:0;
D/dalvikvm( 9971): create interp thread : stack size=128KB
D/dalvikvm( 9971): create new thread
D/dalvikvm( 9971): new thread created
D/dalvikvm( 9971): update thread list
D/dalvikvm( 9971): threadid=37: interp stack at 0x7ae40000
D/dalvikvm( 9971): threadid=37: created from interp
D/dalvikvm( 9971): start new thread
D/dalvikvm( 9971): threadid=37: notify debugger
D/dalvikvm( 9971): threadid=37 (SharedPreferencesImpl-load): calling run()
I/System.out(30779): [CDS]rx timeout:30000
D/dalvikvm( 9971): threadid=37: exiting
D/dalvikvm( 9971): threadid=37: bye!
D/dalvikvm(30779): Hot method Lcom/tencent/mobileqq/msf/core/l;.a detected!
I/System.out(30779): [CDS]rx timeout:10000
I/System.out(30779): [CDS]rx timeout:30000
D/IPCThreadState(  618): [DN #5] BR_CLEAR_DEATH_NOTIFICATION_DONE cookie 0x7633e0b0
I/System.out(30779): [CDS]rx timeout:10000
I/System.out(30779): [CDS]rx timeout:30000
I/System.out(30779): [CDS]rx timeout:10000
D/dalvikvm( 9971): Hot method Lcom/qq/taf/jce/JceInputStream;.readHead detected!
I/System.out(30779): [CDS]rx timeout:30000
D/dalvikvm( 9971): Hot method Lcom/qq/taf/jce/JceInputStream;.peakHead detected!
D/IPCThreadState(  618): [DN #5] BR_CLEAR_DEATH_NOTIFICATION_DONE cookie 0x7fd3d588
I/System.out(30779): [CDS]rx timeout:10000
I/System.out(30779): [CDS]rx timeout:30000
E/SQLiteLog( 9971): (257) Open fd: 71, file: /data/data/com.tencent.mobileqq/databases/517204646.db-journal
E/SQLiteLog( 9971): 
E/SQLiteLog( 9971): (257) Close fd: 71
E/SQLiteLog( 9971): 
E/SQLiteLog( 9971): (257) Open fd: 71, file: /data/data/com.tencent.mobileqq/databases/517204646.db-journal
E/SQLiteLog( 9971): 
D/dalvikvm( 9971): create interp thread : stack size=128KB
D/dalvikvm( 9971): create new thread
D/dalvikvm( 9971): new thread created
D/dalvikvm( 9971): update thread list
D/dalvikvm( 9971): threadid=37: interp stack at 0x7ae40000
D/dalvikvm( 9971): threadid=37: created from interp
D/dalvikvm( 9971): start new thread
D/dalvikvm( 9971): threadid=37: notify debugger
D/dalvikvm( 9971): threadid=37 (messagehandler_worker_thread): calling run()
E/SQLiteLog( 9971): (257) Close fd: 71
E/SQLiteLog( 9971): 
E/SQLiteLog( 9971): (257) Open fd: 71, file: /data/data/com.tencent.mobileqq/databases/517204646.db-journal
E/SQLiteLog( 9971): 
E/SQLiteLog( 9971): (257) Close fd: 71
E/SQLiteLog( 9971): 
E/SQLiteLog( 9971): (1) no such table: mr_friend_01EFCFCD65C0E0FC202A5DC6C69D43FC_New
E/SQLiteLog( 9971): (257) Open fd: 71, file: /data/data/com.tencent.mobileqq/databases/517204646.db-journal
E/SQLiteLog( 9971): 
E/SQLiteLog( 9971): (257) Close fd: 71
E/SQLiteLog( 9971): 
E/SQLiteLog( 9971): (257) Record real error code: 1
E/SQLiteLog( 9971): 
E/SQLiteLog( 9971): (257) Record real error code: 1
E/SQLiteLog( 9971): 
E/SQLiteLog( 9971): (1) no such table: mr_friend_CB2972D549B5F40E527B28987B6DFD58_New
E/SQLiteLog( 9971): (257) Open fd: 71, file: /data/data/com.tencent.mobileqq/databases/517204646.db-journal
E/SQLiteLog( 9971): 
E/SQLiteLog( 9971): (257) Close fd: 71
E/SQLiteLog( 9971): 
E/SQLiteLog( 9971): (257) Record real error code: 1
E/SQLiteLog( 9971): 
E/SQLiteLog( 9971): (257) Record real error code: 1
E/SQLiteLog( 9971): 
E/SQLiteLog( 9971): (1) no such table: mr_friend_E44EF68D6D523E62D2E9AB1784237363_New
E/SQLiteLog( 9971): (257) Open fd: 71, file: /data/data/com.tencent.mobileqq/databases/517204646.db-journal
E/SQLiteLog( 9971): 
E/SQLiteLog( 9971): (257) Close fd: 71
E/SQLiteLog( 9971): 
E/SQLiteLog( 9971): (257) Record real error code: 1
E/SQLiteLog( 9971): 
E/SQLiteLog( 9971): (257) Record real error code: 1
E/SQLiteLog( 9971): 
D/dalvikvm( 9971): Hot method Ldff;.handleMessage detected!
I/AutoMonitor( 9971): SyncData, cost=396
I/AutoMonitor( 9971): GetMessage, cost=397
E/SQLiteLog( 9971): (257) Open fd: 75, file: /data/data/com.tencent.mobileqq/databases/517204646.db-journal
E/SQLiteLog( 9971): 
E/SQLiteLog( 9971): (257) Close fd: 75
E/SQLiteLog( 9971): 
D/IPCThreadState(  618): [DN #5] BR_CLEAR_DEATH_NOTIFICATION_DONE cookie 0x7dfde1a8
I/System.out(30779): [CDS]rx timeout:10000
I/System.out(30779): [CDS]rx timeout:30000
I/System.out(30779): [CDS]rx timeout:10000
I/System.out(30779): [CDS]rx timeout:30000
D/dalvikvm( 9971): Hot method Lcom/tencent/mobileqq/msf/sdk/MsfServiceSdk;.getServicePushMsg detected!
D/dalvikvm( 9971): Hot method Lcom/qq/taf/jce/JceInputStream;.read detected!
E/SQLiteLog( 9971): (1) no such table: mr_troop_E88EA7895822C72ACEB0F0B04CCF862E_New
E/SQLiteLog( 9971): (257) Open fd: 71, file: /data/data/com.tencent.mobileqq/databases/517204646.db-journal
E/SQLiteLog( 9971): 
E/SQLiteLog( 9971): (257) Close fd: 71
E/SQLiteLog( 9971): 
E/SQLiteLog( 9971): (257) Record real error code: 1
E/SQLiteLog( 9971): 
E/SQLiteLog( 9971): (257) Record real error code: 1
E/SQLiteLog( 9971): 
E/SQLiteLog( 9971): (1) no such table: mr_troop_EF4E185334F5B4647D5683C9452C1221_New
E/SQLiteLog( 9971): (257) Open fd: 71, file: /data/data/com.tencent.mobileqq/databases/517204646.db-journal
E/SQLiteLog( 9971): 
E/SQLiteLog( 9971): (257) Close fd: 71
E/SQLiteLog( 9971): 
E/SQLiteLog( 9971): (257) Record real error code: 1
E/SQLiteLog( 9971): 
E/SQLiteLog( 9971): (257) Record real error code: 1
E/SQLiteLog( 9971): 
E/SQLiteLog( 9971): (1) no such table: mr_troop_1523AF88D0A21F412A8B3F54CE96F396_New
E/SQLiteLog( 9971): (257) Open fd: 71, file: /data/data/com.tencent.mobileqq/databases/517204646.db-journal
E/SQLiteLog( 9971): 
E/SQLiteLog( 9971): (257) Close fd: 71
E/SQLiteLog( 9971): 
E/SQLiteLog( 9971): (257) Record real error code: 1
E/SQLiteLog( 9971): 
E/SQLiteLog( 9971): (257) Record real error code: 1
E/SQLiteLog( 9971): 
E/SQLiteLog( 9971): (1) no such table: mr_troop_DFDE1A59AAA908376811C7D5EFEC77A9_New
E/SQLiteLog( 9971): (257) Open fd: 71, file: /data/data/com.tencent.mobileqq/databases/517204646.db-journal
E/SQLiteLog( 9971): 
E/SQLiteLog( 9971): (257) Close fd: 71
E/SQLiteLog( 9971): 
E/SQLiteLog( 9971): (257) Record real error code: 1
E/SQLiteLog( 9971): 
E/SQLiteLog( 9971): (257) Record real error code: 1
E/SQLiteLog( 9971): 
E/SQLiteLog( 9971): (257) Open fd: 75, file: /data/data/com.tencent.mobileqq/databases/517204646.db-journal
E/SQLiteLog( 9971): 
E/SQLiteLog( 9971): (257) Close fd: 75
E/SQLiteLog( 9971): 
E/SQLiteLog( 9971): (257) Open fd: 75, file: /data/data/com.tencent.mobileqq/databases/517204646.db-journal
E/SQLiteLog( 9971): 
E/SQLiteLog( 9971): (257) Close fd: 75
E/SQLiteLog( 9971): 
E/SQLiteLog( 9971): (257) Open fd: 75, file: /data/data/com.tencent.mobileqq/databases/517204646.db-journal
E/SQLiteLog( 9971): 
E/SQLiteLog( 9971): (257) Close fd: 75
E/SQLiteLog( 9971): 
E/SQLiteLog( 9971): (1) no such table: mr_troop_F8D4483F3232536467569DC7D60F2DD6_New
E/SQLiteLog( 9971): (257) Open fd: 71, file: /data/data/com.tencent.mobileqq/databases/517204646.db-journal
E/SQLiteLog( 9971): 
E/SQLiteLog( 9971): (257) Close fd: 71
E/SQLiteLog( 9971): 
E/SQLiteLog( 9971): (257) Record real error code: 1
E/SQLiteLog( 9971): 
E/SQLiteLog( 9971): (257) Record real error code: 1
E/SQLiteLog( 9971): 
E/SQLiteLog( 9971): (257) Open fd: 75, file: /data/data/com.tencent.mobileqq/databases/517204646.db-journal
E/SQLiteLog( 9971): 
E/SQLiteLog( 9971): (257) Close fd: 75
E/SQLiteLog( 9971): 
D/dalvikvm( 9971): GC_CONCURRENT freed 2881K (41792), 38% free 5178K/8288K, paused 4ms+12ms, total 77ms
E/SQLiteLog( 9971): (257) Open fd: 75, file: /data/data/com.tencent.mobileqq/databases/517204646.db-journal
E/SQLiteLog( 9971): 
E/SQLiteLog( 9971): (257) Close fd: 75
E/SQLiteLog( 9971): 
I/System.out(30779): [CDS]rx timeout:10000
I/System.out(30779): [CDS]rx timeout:30000
I/System.out(30779): [CDS]rx timeout:10000
I/System.out(30779): [CDS]rx timeout:30000
D/dalvikvm( 9971): Hot method Lcom/google/protobuf/micro/CodedInputStreamMicro;.readRawByte detected!
D/dalvikvm( 9971): Hot method Lcom/google/protobuf/micro/CodedInputStreamMicro;.readRawVarint32 detected!
D/dalvikvm( 9971): Hot method Lcom/google/protobuf/micro/CodedInputStreamMicro;.isAtEnd detected!
D/dalvikvm( 9971): Hot method Lcom/google/protobuf/micro/CodedInputStreamMicro;.readTag detected!
D/dalvikvm( 9971): Hot method Lcom/google/protobuf/micro/CodedInputStreamMicro;.refillBuffer detected!
D/dalvikvm( 9971): Hot method Lcom/google/protobuf/micro/CodedInputStreamMicro;.recomputeBufferSizeAfterLimit detected!
E/SQLiteLog( 9971): (257) Open fd: 75, file: /data/data/com.tencent.mobileqq/databases/517204646.db-journal
E/SQLiteLog( 9971): 
E/SQLiteLog( 9971): (257) Close fd: 75
E/SQLiteLog( 9971): 
E/SQLiteLog( 9971): (257) Open fd: 75, file: /data/data/com.tencent.mobileqq/databases/517204646.db-journal
E/SQLiteLog( 9971): 
E/SQLiteLog( 9971): (257) Close fd: 75
E/SQLiteLog( 9971): 
E/SQLiteLog( 9971): (257) Open fd: 75, file: /data/data/com.tencent.mobileqq/databases/517204646.db-journal
E/SQLiteLog( 9971): 
E/SQLiteLog( 9971): (257) Close fd: 75
E/SQLiteLog( 9971): 
E/SQLiteLog( 9971): (257) Open fd: 75, file: /data/data/com.tencent.mobileqq/databases/517204646.db-journal
E/SQLiteLog( 9971): 
E/SQLiteLog( 9971): (257) Close fd: 75
E/SQLiteLog( 9971): 
E/SQLiteLog( 9971): (257) Open fd: 71, file: /data/data/com.tencent.mobileqq/databases/517204646.db-journal
E/SQLiteLog( 9971): 
E/SQLiteLog( 9971): (257) Close fd: 71
E/SQLiteLog( 9971): 
E/SQLiteLog( 9971): (257) Open fd: 71, file: /data/data/com.tencent.mobileqq/databases/517204646.db-journal
E/SQLiteLog( 9971): 
E/SQLiteLog( 9971): (257) Close fd: 71
E/SQLiteLog( 9971): 
E/SQLiteLog( 9971): (257) Open fd: 75, file: /data/data/com.tencent.mobileqq/databases/517204646.db-journal
E/SQLiteLog( 9971): 
E/SQLiteLog( 9971): (257) Close fd: 75
E/SQLiteLog( 9971): 
E/SQLiteLog( 9971): (257) Open fd: 75, file: /data/data/com.tencent.mobileqq/databases/517204646.db-journal
E/SQLiteLog( 9971): 
E/SQLiteLog( 9971): (257) Close fd: 75
E/SQLiteLog( 9971): 
E/SQLiteLog( 9971): (257) Open fd: 71, file: /data/data/com.tencent.mobileqq/databases/517204646.db-journal
E/SQLiteLog( 9971): 
E/SQLiteLog( 9971): (257) Close fd: 71
E/SQLiteLog( 9971): 
E/SQLiteLog( 9971): (257) Open fd: 75, file: /data/data/com.tencent.mobileqq/databases/517204646.db-journal
E/SQLiteLog( 9971): 
E/SQLiteLog( 9971): (257) Close fd: 75
E/SQLiteLog( 9971): 
E/SQLiteLog( 9971): (257) Open fd: 71, file: /data/data/com.tencent.mobileqq/databases/517204646.db-journal
E/SQLiteLog( 9971): 
E/SQLiteLog( 9971): (257) Close fd: 71
E/SQLiteLog( 9971): 
E/SQLiteLog( 9971): (257) Open fd: 71, file: /data/data/com.tencent.mobileqq/databases/517204646.db-journal
E/SQLiteLog( 9971): 
E/SQLiteLog( 9971): (257) Close fd: 71
E/SQLiteLog( 9971): 
D/dalvikvm( 9971): create interp thread : stack size=128KB
D/dalvikvm( 9971): create new thread
D/dalvikvm( 9971): new thread created
D/dalvikvm( 9971): update thread list
D/dalvikvm( 9971): threadid=38: interp stack at 0x7afcd000
D/dalvikvm( 9971): threadid=38: created from interp
D/dalvikvm( 9971): start new thread
D/dalvikvm( 9971): threadid=38: notify debugger
D/dalvikvm( 9971): threadid=38 (pool-5-thread-1): calling run()
E/SQLiteLog( 9971): (257) Open fd: 75, file: /data/data/com.tencent.mobileqq/databases/517204646.db-journal
E/SQLiteLog( 9971): 
E/SQLiteLog( 9971): (257) Close fd: 75
E/SQLiteLog( 9971): 
E/SQLiteLog( 9971): (257) Open fd: 75, file: /data/data/com.tencent.mobileqq/databases/517204646.db-journal
E/SQLiteLog( 9971): 
E/SQLiteLog( 9971): (257) Close fd: 75
E/SQLiteLog( 9971): 
E/SQLiteLog( 9971): (257) Open fd: 71, file: /data/data/com.tencent.mobileqq/databases/517204646.db-journal
E/SQLiteLog( 9971): 
E/SQLiteLog( 9971): (257) Close fd: 71
E/SQLiteLog( 9971): 
E/SQLiteLog( 9971): (257) Open fd: 71, file: /data/data/com.tencent.mobileqq/databases/517204646.db-journal
E/SQLiteLog( 9971): 
E/SQLiteLog( 9971): (257) Close fd: 71
E/SQLiteLog( 9971): 
E/SQLiteLog( 9971): (257) Open fd: 75, file: /data/data/com.tencent.mobileqq/databases/517204646.db-journal
E/SQLiteLog( 9971): 
E/SQLiteLog( 9971): (257) Close fd: 75
E/SQLiteLog( 9971): 
D/IPCThreadState(  618): [DN #5] BR_CLEAR_DEATH_NOTIFICATION_DONE cookie 0x7dfde1e8
D/dalvikvm( 9971): threadid=34: exiting
D/dalvikvm( 9971): threadid=34: bye!
D/dalvikvm( 9971): threadid=31: exiting
D/dalvikvm( 9971): threadid=31: bye!
D/dalvikvm( 9971): threadid=30: exiting
D/dalvikvm( 9971): threadid=30: bye!
D/dalvikvm( 9971): threadid=35: exiting
D/dalvikvm( 9971): threadid=35: bye!
D/dalvikvm( 9971): threadid=36: exiting
D/dalvikvm( 9971): threadid=36: bye!
D/dalvikvm( 9971): threadid=26: exiting
D/dalvikvm( 9971): threadid=26: bye!
I/System.out(30779): [CDS]rx timeout:10000
I/System.out(30779): [CDS]rx timeout:30000
I/System.out(30779): [CDS]rx timeout:10000
I/System.out(30779): [CDS]rx timeout:30000
D/libc-netbsd(  150): res_queryN name = www.googleapis.com. succeed
D/libc-netbsd(11288): getaddrinfo: www.googleapis.com get result from proxy >>
D/libc-netbsd(11288): res_queryN name = www.googleapis.com. succeed
D/libc-netbsd(11288): res_queryN name = www.googleapis.com succeed
W/Provider/Settings(30779): Setting airplane_mode_on has moved from android.provider.Settings.System to android.provider.Settings.Global, returning read-only value.
D/dalvikvm(30779): Hot method Lcom/tencent/feedback/count/b;.a detected!
W/Provider/Settings(30779): Setting airplane_mode_on has moved from android.provider.Settings.System to android.provider.Settings.Global, returning read-only value.
W/Provider/Settings(30779): Setting airplane_mode_on has moved from android.provider.Settings.System to android.provider.Settings.Global, returning read-only value.
W/Provider/Settings(30779): Setting airplane_mode_on has moved from android.provider.Settings.System to android.provider.Settings.Global, returning read-only value.
W/Provider/Settings(30779): Setting airplane_mode_on has moved from android.provider.Settings.System to android.provider.Settings.Global, returning read-only value.
W/Provider/Settings(30779): Setting airplane_mode_on has moved from android.provider.Settings.System to android.provider.Settings.Global, returning read-only value.
W/Provider/Settings(30779): Setting airplane_mode_on has moved from android.provider.Settings.System to android.provider.Settings.Global, returning read-only value.
W/Provider/Settings(30779): Setting airplane_mode_on has moved from android.provider.Settings.System to android.provider.Settings.Global, returning read-only value.
W/Provider/Settings(30779): Setting airplane_mode_on has moved from android.provider.Settings.System to android.provider.Settings.Global, returning read-only value.
D/dalvikvm(30779): GC_CONCURRENT freed 2925K (19266), 51% free 3262K/6656K, paused 3ms+3ms, total 31ms
I/System.out(30779): [CDS]rx timeout:10000
D/FMT_ADDR( 9971): [E]RECEIVED PUSH: FMT SERVER ADDR LIST
I/System.out(30779): [CDS]rx timeout:30000
D/dalvikvm( 9971): Hot method Lcom/qq/taf/jce/JceInputStream;.read detected!
E/SQLiteLog(30779): (257) Open fd: 59, file: /data/data/com.tencent.mobileqq/databases/eup_db
E/SQLiteLog(30779): 
E/SQLiteLog(30779): (257) Open fd: 61, file: /data/data/com.tencent.mobileqq/databases/eup_db-journal
E/SQLiteLog(30779): 
E/SQLiteLog(30779): (257) Close fd: 61
E/SQLiteLog(30779): 
E/SQLiteLog(30779): (257) Open fd: 61, file: /data/data/com.tencent.mobileqq/databases/eup_db-journal
E/SQLiteLog(30779): 
E/SQLiteLog(30779): (257) Close fd: 61
E/SQLiteLog(30779): 
E/SQLiteLog(30779): (257) Open fd: 61, file: /data/data/com.tencent.mobileqq/databases/eup_db-journal
E/SQLiteLog(30779): 
E/SQLiteLog(30779): (257) Close fd: 61
E/SQLiteLog(30779): 
E/SQLiteLog(30779): (257) Open fd: 61, file: /data/data/com.tencent.mobileqq/databases/eup_db-journal
E/SQLiteLog(30779): 
E/SQLiteLog(30779): (257) Close fd: 61
E/SQLiteLog(30779): 
D/dalvikvm(30779): Hot method Lcom/tencent/feedback/common/db/a;.b detected!
E/SQLiteLog(30779): (257) Open fd: 61, file: /data/data/com.tencent.mobileqq/databases/eup_db-journal
E/SQLiteLog(30779): 
E/SQLiteLog(30779): (257) Close fd: 61
E/SQLiteLog(30779): 
E/SQLiteLog(30779): (257) Open fd: 61, file: /data/data/com.tencent.mobileqq/databases/eup_db-journal
E/SQLiteLog(30779): 
E/SQLiteLog(30779): (257) Close fd: 61
E/SQLiteLog(30779): 
E/SQLiteLog(30779): (257) Open fd: 61, file: /data/data/com.tencent.mobileqq/databases/eup_db-journal
E/SQLiteLog(30779): 
E/SQLiteLog(30779): (257) Close fd: 61
E/SQLiteLog(30779): 
E/SQLiteLog(30779): (257) Open fd: 61, file: /data/data/com.tencent.mobileqq/databases/eup_db-journal
E/SQLiteLog(30779): 
E/SQLiteLog(30779): (257) Close fd: 61
E/SQLiteLog(30779): 
E/SQLiteLog(30779): (257) Open fd: 61, file: /data/data/com.tencent.mobileqq/databases/eup_db-journal
E/SQLiteLog(30779): 
E/SQLiteLog(30779): (257) Close fd: 61
E/SQLiteLog(30779): 
E/SQLiteLog(30779): (257) Open fd: 61, file: /data/data/com.tencent.mobileqq/databases/eup_db-journal
E/SQLiteLog(30779): 
E/SQLiteLog(30779): (257) Close fd: 61
E/SQLiteLog(30779): 
E/SQLiteLog(30779): (257) Open fd: 61, file: /data/data/com.tencent.mobileqq/databases/eup_db-journal
E/SQLiteLog(30779): 
E/SQLiteLog(30779): (257) Close fd: 61
E/SQLiteLog(30779): 
E/SQLiteLog(30779): (257) Open fd: 61, file: /data/data/com.tencent.mobileqq/databases/eup_db-journal
E/SQLiteLog(30779): 
E/SQLiteLog(30779): (257) Close fd: 61
E/SQLiteLog(30779): 
E/SQLiteLog(30779): (257) Open fd: 61, file: /data/data/com.tencent.mobileqq/databases/eup_db-journal
E/SQLiteLog(30779): 
E/SQLiteLog(30779): (257) Close fd: 61
E/SQLiteLog(30779): 
E/SQLiteLog(30779): (257) Open fd: 61, file: /data/data/com.tencent.mobileqq/databases/eup_db-journal
E/SQLiteLog(30779): 
E/SQLiteLog(30779): (257) Close fd: 61
E/SQLiteLog(30779): 
E/SQLiteLog(30779): (257) Open fd: 61, file: /data/data/com.tencent.mobileqq/databases/eup_db-journal
E/SQLiteLog(30779): 
E/SQLiteLog(30779): (257) Close fd: 61
E/SQLiteLog(30779): 
E/SQLiteLog(30779): (257) Open fd: 61, file: /data/data/com.tencent.mobileqq/databases/eup_db-journal
E/SQLiteLog(30779): 
E/SQLiteLog(30779): (257) Close fd: 61
E/SQLiteLog(30779): 
E/SQLiteLog(30779): (257) Open fd: 61, file: /data/data/com.tencent.mobileqq/databases/eup_db-journal
E/SQLiteLog(30779): 
E/SQLiteLog(30779): (257) Close fd: 61
E/SQLiteLog(30779): 
E/SQLiteLog(30779): (257) Open fd: 61, file: /data/data/com.tencent.mobileqq/databases/eup_db-journal
E/SQLiteLog(30779): 
E/SQLiteLog(30779): (257) Close fd: 61
E/SQLiteLog(30779): 
E/SQLiteLog(30779): (257) Open fd: 61, file: /data/data/com.tencent.mobileqq/databases/eup_db-journal
E/SQLiteLog(30779): 
E/SQLiteLog(30779): (257) Close fd: 61
E/SQLiteLog(30779): 
E/SQLiteLog(30779): (257) Open fd: 61, file: /data/data/com.tencent.mobileqq/databases/eup_db-journal
E/SQLiteLog(30779): 
E/SQLiteLog(30779): (257) Close fd: 61
E/SQLiteLog(30779): 
E/SQLiteLog(30779): (257) Open fd: 61, file: /data/data/com.tencent.mobileqq/databases/eup_db-journal
E/SQLiteLog(30779): 
E/SQLiteLog(30779): (257) Close fd: 61
E/SQLiteLog(30779): 
E/SQLiteLog(30779): (257) Open fd: 61, file: /data/data/com.tencent.mobileqq/databases/eup_db-journal
E/SQLiteLog(30779): 
E/SQLiteLog(30779): (257) Close fd: 61
E/SQLiteLog(30779): 
E/SQLiteLog(30779): (257) Close fd: 59
E/SQLiteLog(30779): 
E/SQLiteLog(30779): (257) Open fd: 59, file: /data/data/com.tencent.mobileqq/databases/eup_db
E/SQLiteLog(30779): 
E/SQLiteLog(30779): (257) Open fd: 61, file: /data/data/com.tencent.mobileqq/databases/eup_db-journal
E/SQLiteLog(30779): 
E/SQLiteLog(30779): (257) Close fd: 61
E/SQLiteLog(30779): 
E/SQLiteLog(30779): (257) Open fd: 61, file: /data/data/com.tencent.mobileqq/databases/eup_db-journal
E/SQLiteLog(30779): 
E/SQLiteLog(30779): (257) Close fd: 61
E/SQLiteLog(30779): 
E/SQLiteLog(30779): (257) Open fd: 61, file: /data/data/com.tencent.mobileqq/databases/eup_db-journal
E/SQLiteLog(30779): 
E/SQLiteLog(30779): (257) Close fd: 61
E/SQLiteLog(30779): 
E/SQLiteLog(30779): (257) Open fd: 61, file: /data/data/com.tencent.mobileqq/databases/eup_db-journal
E/SQLiteLog(30779): 
E/SQLiteLog(30779): (257) Close fd: 61
E/SQLiteLog(30779): 
E/SQLiteLog(30779): (257) Open fd: 62, file: /data/data/com.tencent.mobileqq/databases/eup_db-journal
E/SQLiteLog(30779): 
E/SQLiteLog(30779): (257) Close fd: 62
E/SQLiteLog(30779): 
E/SQLiteLog(30779): (257) Close fd: 59
E/SQLiteLog(30779): 
D/battery_warning(  167): systemServerStarted: ps -t | grep ActivityManager 
D/IPCThreadState(  618): [DN #5] BR_DEAD_BINDER cookie 0x7c958680
D/IPCThreadState(  618): [DN #5] BR_CLEAR_DEATH_NOTIFICATION_DONE cookie 0x7c958680
D/IPCThreadState(  618): [DN #5] BR_DEAD_BINDER cookie 0x7fa6b8f0
D/IPCThreadState(  618): [DN #5] BR_DEAD_BINDER cookie 0x7d3202a8
D/IPCThreadState(  618): [DN #5] BR_CLEAR_DEATH_NOTIFICATION_DONE cookie 0x7d3202a8
D/IPCThreadState(  618): [DN #5] BR_DEAD_BINDER cookie 0x7fd605b8
D/IPCThreadState(  618): [DN #5] BR_CLEAR_DEATH_NOTIFICATION_DONE cookie 0x7fd605b8
D/IPCThreadState(11006): [DN #5] BR_DEAD_BINDER cookie 0x76337268
D/IPCThreadState(11006): [DN #5] BR_CLEAR_DEATH_NOTIFICATION_DONE cookie 0x76337268
D/ADB_SERVICES(  187): adb fdevent_process list (67) 
W/ADB_SERVICES(  187): terminating JDWP 10939 connection: Try again
D/ADB_SERVICES(  187): remove pid 10939 to jdwp process list
D/dalvikvm(11006): threadid=11: exiting
D/dalvikvm(11006): threadid=12: exiting
D/dalvikvm(11006): threadid=11: bye!
D/dalvikvm(11006): threadid=12: bye!
D/IPCThreadState(  618): [DN #5] BR_CLEAR_DEATH_NOTIFICATION_DONE cookie 0x7fa6b8f0
D/battery_warning(  167): cmd result: system    642   618   1264288 90440 ffffffff 00000000 S ActivityManager
D/dalvikvm(30779): threadid=24: exiting
D/dalvikvm(30779): threadid=24: bye!
D/BatteryService(  618): mBatteryVoltage=3827
D/StatusBar.BatteryController(  728): BatteryController onReceive action is android.intent.action.BATTERY_CHANGED
D/StatusBar.BatteryController(  728): status_protection = 2
D/StatusBar.BatteryController(  728): plugged is true fulled is false mBatteryProtection = false  R.drawable.stat_sys_battery_charge is 2130837872 R.drawable.stat_sys_battery is 2130837863  icon is 2130837872
D/StatusBar.BatteryController(  728): [Laptop] isPresent = false
D/StatusBar.BatteryController(  728): mBatteryPercentage is 29% mShouldShowBatteryPercentage is false mLabelViews.size() 1
D/PowerUI (  728): action = android.intent.action.BATTERY_CHANGED
D/PowerUI (  728): Intent start() ret = false mHideLowBDialog= true
D/PowerUI (  728): oldBatteryLevel = 29mBatteryLevel = 29
D/PowerUI (  728): mIsLaptopBatteryPresent = falsemBatteryStatus = 2
D/PowerUI (  728): dismissLowBatteryWarning
D/KeyguardUpdateMonitor(  618): received broadcast android.intent.action.BATTERY_CHANGED
D/KeyguardUpdateMonitor(  618): handleBatteryUpdate index=0 updateInteresting=false
D/InputReader(  618): InputReader::monitor: lock
D/InputReader(  618): InputReader::monitor: wait 
D/InputReader(  618): InputReader::monitor: unlock
D/InputReader(  618): InputReader::monitor: done
E/SQLiteLog(10051): (257) Open fd: 55, file: /data/data/com.anydo/databases/google_analytics_v2.db-journal
E/SQLiteLog(10051): 
E/SQLiteLog(10051): (257) Close fd: 55
E/SQLiteLog(10051): 
E/SQLiteLog(10051): (257) Open fd: 55, file: /data/data/com.anydo/databases/google_analytics_v2.db-journal
E/SQLiteLog(10051): 
E/SQLiteLog(10051): (257) Close fd: 55
E/SQLiteLog(10051): 
D/libc-netbsd(  150): getaddrinfo: ssl.google-analytics.com NO result from proxy 
D/libc-netbsd(  150): res_queryN name = ssl.google-analytics.com, class = 1, type = 1
D/libc-netbsd(  150): res_queryN name = ssl.google-analytics.com succeed
D/libc-netbsd(10051): getaddrinfo: ssl.google-analytics.com get result from proxy >>
I/System.out(10051): propertyValue:true
I/System.out(10051): [socket][0] connection /203.208.46.190:443;LocalPort=40750(0)
I/System.out(10051): [CDS]connect[/203.208.46.190:443] tm:90
D/Posix   (10051): [Posix_connect Debug]Process com.anydo :443 
I/System.out(10051): [socket][/192.168.0.102:40750] connected
I/System.out(10051): [CDS]rx timeout:0
I/System.out(10051): [CDS]SO_SND_TIMEOUT:0
I/System.out(10051): setHostname
D/NativeCrypto(10051): ssl=0x784f4728 NativeCrypto_SSL_do_handshake fd=0x8be00005 shc=0x36700009 timeout_millis=0 client_mode=1 npn=0x0
D/NativeCrypto(10051): doing handshake ++
D/NativeCrypto(10051): ssl=0x784f4728 info_callback where=0x10 ret=1
D/NativeCrypto(10051): ssl=0x784f4728 handshake start in UNKWN  before/connect initialization
D/NativeCrypto(10051): ssl=0x784f4728 info_callback ignored
D/NativeCrypto(10051): ssl=0x784f4728 info_callback where=0x1001 ret=1
D/NativeCrypto(10051): ssl=0x784f4728 SSL_connect:UNKWN  before/connect initialization
D/NativeCrypto(10051): ssl=0x784f4728 info_callback ignored
D/NativeCrypto(10051): ssl=0x784f4728 info_callback where=0x1001 ret=1
D/NativeCrypto(10051): ssl=0x784f4728 SSL_connect:23WCHA SSLv2/v3 write client hello A
D/NativeCrypto(10051): ssl=0x784f4728 info_callback ignored
D/NativeCrypto(10051): ssl=0x784f4728 info_callback where=0x1002 ret=-1
D/NativeCrypto(10051): ssl=0x784f4728 SSL_connect:error exit in 23RSHA SSLv2/v3 read server hello A
D/NativeCrypto(10051): ssl=0x784f4728 info_callback ignored
D/NativeCrypto(10051): doing handshake -- ret=-1
D/NativeCrypto(10051): ssl=0x784f4728 NativeCrypto_SSL_do_handshake ret=-1 errno=11 sslError=2 timeout_millis=0
D/NativeCrypto(10051): sslSelect type=READ fd=54 appData=0x786cfd08 timeout_millis=0
D/NativeCrypto(10051): sslSelect READ fd=54 appData=0x786cfd08 timeout_millis=0 => 1
D/NativeCrypto(10051): doing handshake ++
D/NativeCrypto(10051): ssl=0x784f4728 info_callback where=0x1001 ret=1
D/NativeCrypto(10051): ssl=0x784f4728 SSL_connect:3RSH_A SSLv3 read server hello A
D/NativeCrypto(10051): ssl=0x784f4728 info_callback ignored
D/NativeCrypto(10051): ssl=0x784f4728 info_callback where=0x1002 ret=-1
D/NativeCrypto(10051): ssl=0x784f4728 SSL_connect:error exit in 3RSC_A SSLv3 read server certificate A
D/NativeCrypto(10051): ssl=0x784f4728 info_callback ignored
D/NativeCrypto(10051): ssl=0x784f4728 info_callback where=0x1002 ret=-1
D/NativeCrypto(10051): ssl=0x784f4728 SSL_connect:error exit in 3RSC_A SSLv3 read server certificate A
D/NativeCrypto(10051): ssl=0x784f4728 info_callback ignored
D/NativeCrypto(10051): doing handshake -- ret=-1
D/NativeCrypto(10051): ssl=0x784f4728 NativeCrypto_SSL_do_handshake ret=-1 errno=11 sslError=2 timeout_millis=0
D/NativeCrypto(10051): sslSelect type=READ fd=54 appData=0x786cfd08 timeout_millis=0
D/NativeCrypto(10051): sslSelect READ fd=54 appData=0x786cfd08 timeout_millis=0 => 1
D/NativeCrypto(10051): doing handshake ++
E/NativeCrypto(10051): ssl=0x784f4728 cert_verify_callback x509_store_ctx=0x7835f808 arg=0x0
E/NativeCrypto(10051): ssl=0x784f4728 cert_verify_callback calling verifyCertificateChain authMethod=ECDHE_RSA
D/NativeCrypto(10051): NativeCrypto_EVP_VerifyInit ctx=0x786e9d80
D/NativeCrypto(10051): NativeCrypto_EVP_VerifyInit algorithmChars=RSA-SHA1
D/NativeCrypto(10051): NativeCrypto_EVP_VerifyInit ctx=0x786cb388
D/NativeCrypto(10051): NativeCrypto_EVP_VerifyInit algorithmChars=RSA-SHA1
D/NativeCrypto(10051): ssl=0x784f4728 cert_verify_callback => 1
D/NativeCrypto(10051): ssl=0x784f4728 info_callback where=0x1001 ret=1
D/NativeCrypto(10051): ssl=0x784f4728 SSL_connect:3RSC_A SSLv3 read server certificate A
D/NativeCrypto(10051): ssl=0x784f4728 info_callback ignored
D/NativeCrypto(10051): ssl=0x784f4728 info_callback where=0x1001 ret=1
D/NativeCrypto(10051): ssl=0x784f4728 SSL_connect:3RSKEA SSLv3 read server key exchange A
D/NativeCrypto(10051): ssl=0x784f4728 info_callback ignored
D/NativeCrypto(10051): ssl=0x784f4728 info_callback where=0x1001 ret=1
D/NativeCrypto(10051): ssl=0x784f4728 SSL_connect:3RSD_A SSLv3 read server done A
D/NativeCrypto(10051): ssl=0x784f4728 info_callback ignored
D/OpenSSLLib(10051):  User Build
D/NativeCrypto(10051): ssl=0x784f4728 info_callback where=0x1001 ret=1
D/NativeCrypto(10051): ssl=0x784f4728 SSL_connect:3WCKEA SSLv3 write client key exchange A
D/NativeCrypto(10051): ssl=0x784f4728 info_callback ignored
D/NativeCrypto(10051): ssl=0x784f4728 info_callback where=0x1001 ret=1
D/NativeCrypto(10051): ssl=0x784f4728 SSL_connect:3WCCSA SSLv3 write change cipher spec A
D/NativeCrypto(10051): ssl=0x784f4728 info_callback ignored
D/NativeCrypto(10051): ssl=0x784f4728 info_callback where=0x1001 ret=1
D/NativeCrypto(10051): ssl=0x784f4728 SSL_connect:3WFINA SSLv3 write finished A
D/NativeCrypto(10051): ssl=0x784f4728 info_callback ignored
D/NativeCrypto(10051): ssl=0x784f4728 info_callback where=0x1001 ret=1
D/NativeCrypto(10051): ssl=0x784f4728 SSL_connect:3FLUSH SSLv3 flush data
D/NativeCrypto(10051): ssl=0x784f4728 info_callback ignored
D/NativeCrypto(10051): ssl=0x784f4728 info_callback where=0x1002 ret=-1
D/NativeCrypto(10051): ssl=0x784f4728 SSL_connect:error exit in UNKWN  SSLv3 read server session ticket A
D/NativeCrypto(10051): ssl=0x784f4728 info_callback ignored
D/NativeCrypto(10051): doing handshake -- ret=-1
D/NativeCrypto(10051): ssl=0x784f4728 NativeCrypto_SSL_do_handshake ret=-1 errno=11 sslError=2 timeout_millis=0
D/NativeCrypto(10051): sslSelect type=READ fd=54 appData=0x786cfd08 timeout_millis=0
D/NativeCrypto(10051): sslSelect READ fd=54 appData=0x786cfd08 timeout_millis=0 => 1
D/NativeCrypto(10051): doing handshake ++
D/NativeCrypto(10051): ssl=0x784f4728 info_callback where=0x1001 ret=1
D/NativeCrypto(10051): ssl=0x784f4728 SSL_connect:UNKWN  SSLv3 read server session ticket A
D/NativeCrypto(10051): ssl=0x784f4728 info_callback ignored
D/NativeCrypto(10051): ssl=0x784f4728 info_callback where=0x1001 ret=1
D/NativeCrypto(10051): ssl=0x784f4728 SSL_connect:3RFINA SSLv3 read finished A
D/NativeCrypto(10051): ssl=0x784f4728 info_callback ignored
D/NativeCrypto(10051): ssl=0x784f4728 info_callback where=0x20 ret=1
D/NativeCrypto(10051): ssl=0x784f4728 handshake done in SSLOK  SSL negotiation finished successfully
D/NativeCrypto(10051): ssl=0x784f4728 info_callback calling handshakeCompleted
D/NativeCrypto(10051): ssl=0x784f4728 info_callback completed
D/NativeCrypto(10051): ssl=0x784f4728 info_callback where=0x1002 ret=1
D/NativeCrypto(10051): ssl=0x784f4728 SSL_connect:ok exit in SSLOK  SSL negotiation finished successfully
D/NativeCrypto(10051): ssl=0x784f4728 info_callback ignored
D/NativeCrypto(10051): doing handshake -- ret=1
D/NativeCrypto(10051): ssl=0x784f4728 NativeCrypto_SSL_get_certificate => NULL
I/System.out(10051): >doSendRequest
D/NativeCrypto(10051): ssl=0x784f4728 sslWrite buf=0x41deca50 len=435 write_timeout_millis=0
D/NativeCrypto(10051): Doing SSL_write() with 435 bytes to go ssl=0x784f4728, appData=0x786cfd08
D/NativeCrypto(10051): Returned from SSL_write() with result 435, error code 0 ssl=0x784f4728, appData=0x786cfd08
I/System.out(10051): <doSendRequest
D/NativeCrypto(10051): ssl=0x784f4728 sslRead buf=0x41de89a8 len=8192,timeo=0
D/NativeCrypto(10051): Doing SSL_Read() ssl=0x784f4728, appData=0x786cfd08
D/NativeCrypto(10051): Returned from SSL_Read() with result -1, error code 2 ssl=0x784f4728, appData=0x786cfd08
D/NativeCrypto(10051): sslSelect type=READ fd=54 appData=0x786cfd08 timeout_millis=0
D/NativeCrypto(10051): sslSelect READ fd=54 appData=0x786cfd08 timeout_millis=0 => 1
D/NativeCrypto(10051): Doing SSL_Read() ssl=0x784f4728, appData=0x786cfd08
D/NativeCrypto(10051): Returned from SSL_Read() with result 407, error code 0 ssl=0x784f4728, appData=0x786cfd08
I/System.out(10051): [socket][1] connection /203.208.46.190:443;LocalPort=38226(0)
I/System.out(10051): [CDS]connect[/203.208.46.190:443] tm:90
D/Posix   (10051): [Posix_connect Debug]Process com.anydo :443 
I/System.out(10051): [socket][/192.168.0.102:38226] connected
I/System.out(10051): [CDS]rx timeout:0
I/System.out(10051): [CDS]SO_SND_TIMEOUT:0
I/System.out(10051): setHostname
D/NativeCrypto(10051): ssl=0x786fd4e8 NativeCrypto_SSL_do_handshake fd=0x90900005 shc=0x3c700009 timeout_millis=0 client_mode=1 npn=0x0
D/NativeCrypto(10051): doing handshake ++
D/NativeCrypto(10051): ssl=0x786fd4e8 info_callback where=0x10 ret=1
D/NativeCrypto(10051): ssl=0x786fd4e8 handshake start in UNKWN  before/connect initialization
D/NativeCrypto(10051): ssl=0x786fd4e8 info_callback ignored
D/NativeCrypto(10051): ssl=0x786fd4e8 info_callback where=0x1001 ret=1
D/NativeCrypto(10051): ssl=0x786fd4e8 SSL_connect:UNKWN  before/connect initialization
D/NativeCrypto(10051): ssl=0x786fd4e8 info_callback ignored
D/NativeCrypto(10051): ssl=0x786fd4e8 info_callback where=0x1001 ret=1
D/NativeCrypto(10051): ssl=0x786fd4e8 SSL_connect:3WCH_A SSLv3 write client hello A
D/NativeCrypto(10051): ssl=0x786fd4e8 info_callback ignored
D/NativeCrypto(10051): ssl=0x786fd4e8 info_callback where=0x1002 ret=-1
D/NativeCrypto(10051): ssl=0x786fd4e8 SSL_connect:error exit in 3RSH_A SSLv3 read server hello A
D/NativeCrypto(10051): ssl=0x786fd4e8 info_callback ignored
D/NativeCrypto(10051): doing handshake -- ret=-1
D/NativeCrypto(10051): ssl=0x786fd4e8 NativeCrypto_SSL_do_handshake ret=-1 errno=11 sslError=2 timeout_millis=0
D/NativeCrypto(10051): sslSelect type=READ fd=57 appData=0x78488e30 timeout_millis=0
D/NativeCrypto(10051): sslSelect READ fd=57 appData=0x78488e30 timeout_millis=0 => 1
D/NativeCrypto(10051): doing handshake ++
D/NativeCrypto(10051): ssl=0x786fd4e8 info_callback where=0x1001 ret=1
D/NativeCrypto(10051): ssl=0x786fd4e8 SSL_connect:3RSH_A SSLv3 read server hello A
D/NativeCrypto(10051): ssl=0x786fd4e8 info_callback ignored
D/NativeCrypto(10051): ssl=0x786fd4e8 info_callback where=0x1001 ret=1
D/NativeCrypto(10051): ssl=0x786fd4e8 SSL_connect:3RFINA SSLv3 read finished A
D/NativeCrypto(10051): ssl=0x786fd4e8 info_callback ignored
D/NativeCrypto(10051): ssl=0x786fd4e8 info_callback where=0x1001 ret=1
D/NativeCrypto(10051): ssl=0x786fd4e8 SSL_connect:3WCCSA SSLv3 write change cipher spec A
D/NativeCrypto(10051): ssl=0x786fd4e8 info_callback ignored
D/NativeCrypto(10051): ssl=0x786fd4e8 info_callback where=0x1001 ret=1
D/NativeCrypto(10051): ssl=0x786fd4e8 SSL_connect:3WFINA SSLv3 write finished A
D/NativeCrypto(10051): ssl=0x786fd4e8 info_callback ignored
D/NativeCrypto(10051): ssl=0x786fd4e8 info_callback where=0x1001 ret=1
D/NativeCrypto(10051): ssl=0x786fd4e8 SSL_connect:3FLUSH SSLv3 flush data
D/NativeCrypto(10051): ssl=0x786fd4e8 info_callback ignored
D/NativeCrypto(10051): ssl=0x786fd4e8 info_callback where=0x20 ret=1
D/NativeCrypto(10051): ssl=0x786fd4e8 handshake done in SSLOK  SSL negotiation finished successfully
D/NativeCrypto(10051): ssl=0x786fd4e8 info_callback calling handshakeCompleted
D/NativeCrypto(10051): ssl=0x786fd4e8 info_callback completed
D/NativeCrypto(10051): ssl=0x786fd4e8 info_callback where=0x1002 ret=1
D/NativeCrypto(10051): ssl=0x786fd4e8 SSL_connect:ok exit in SSLOK  SSL negotiation finished successfully
D/NativeCrypto(10051): ssl=0x786fd4e8 info_callback ignored
D/NativeCrypto(10051): doing handshake -- ret=1
I/System.out(10051): >doSendRequest
D/NativeCrypto(10051): ssl=0x786fd4e8 sslWrite buf=0x41dfc9a0 len=419 write_timeout_millis=0
D/NativeCrypto(10051): Doing SSL_write() with 419 bytes to go ssl=0x786fd4e8, appData=0x78488e30
D/NativeCrypto(10051): Returned from SSL_write() with result 419, error code 0 ssl=0x786fd4e8, appData=0x78488e30
I/System.out(10051): <doSendRequest
D/NativeCrypto(10051): ssl=0x786fd4e8 sslRead buf=0x41df88f8 len=8192,timeo=0
D/NativeCrypto(10051): Doing SSL_Read() ssl=0x786fd4e8, appData=0x78488e30
D/NativeCrypto(10051): Returned from SSL_Read() with result -1, error code 2 ssl=0x786fd4e8, appData=0x78488e30
D/NativeCrypto(10051): sslSelect type=READ fd=57 appData=0x78488e30 timeout_millis=0
D/NativeCrypto(10051): sslSelect READ fd=57 appData=0x78488e30 timeout_millis=0 => 1
D/NativeCrypto(10051): Doing SSL_Read() ssl=0x786fd4e8, appData=0x78488e30
D/NativeCrypto(10051): Returned from SSL_Read() with result 407, error code 0 ssl=0x786fd4e8, appData=0x78488e30
E/SQLiteLog(10051): (257) Open fd: 60, file: /data/data/com.anydo/databases/google_analytics_v2.db-journal
E/SQLiteLog(10051): 
E/SQLiteLog(10051): (257) Close fd: 60
E/SQLiteLog(10051): 
E/SQLiteLog(10051): (257) Open fd: 60, file: /data/data/com.anydo/databases/google_analytics_v2.db-journal
E/SQLiteLog(10051): 
E/SQLiteLog(10051): (257) Close fd: 60
E/SQLiteLog(10051): 
E/SQLiteLog(10051): (257) Open fd: 61, file: /data/data/com.anydo/databases/google_analytics_v2.db-journal
E/SQLiteLog(10051): 
E/SQLiteLog(10051): (257) Close fd: 61
E/SQLiteLog(10051): 
E/SQLiteLog(10051): (257) Open fd: 61, file: /data/data/com.anydo/databases/google_analytics_v2.db-journal
E/SQLiteLog(10051): 
E/SQLiteLog(10051): (257) Close fd: 61
E/SQLiteLog(10051): 
D/dalvikvm( 8239): threadid=38: exiting
D/dalvikvm( 8239): threadid=38: bye!
D/LocationManagerService(  618): status timer finished
D/battery_warning(  167): systemServerStarted: ps -t | grep ActivityManager 
D/IPCThreadState(  618): [DN #5] BR_DEAD_BINDER cookie 0x7d7030d8
D/IPCThreadState(  618): [DN #5] BR_CLEAR_DEATH_NOTIFICATION_DONE cookie 0x7d7030d8
D/IPCThreadState(  618): [DN #5] BR_DEAD_BINDER cookie 0x7eaf0708
D/IPCThreadState(  618): [DN #5] BR_CLEAR_DEATH_NOTIFICATION_DONE cookie 0x7eaf0708
D/ADB_SERVICES(  187): adb fdevent_process list (50) 
W/ADB_SERVICES(  187): terminating JDWP 10051 connection: Try again
D/ADB_SERVICES(  187): remove pid 10051 to jdwp process list
D/battery_warning(  167): cmd result: system    642   618   1264288 90440 ffffffff 00000000 S ActivityManager
D/BatteryService(  618): mBatteryVoltage=3828
D/KeyguardUpdateMonitor(  618): received broadcast android.intent.action.BATTERY_CHANGED
D/KeyguardUpdateMonitor(  618): handleBatteryUpdate index=0 updateInteresting=false
D/StatusBar.BatteryController(  728): BatteryController onReceive action is android.intent.action.BATTERY_CHANGED
D/StatusBar.BatteryController(  728): status_protection = 2
D/StatusBar.BatteryController(  728): plugged is true fulled is false mBatteryProtection = false  R.drawable.stat_sys_battery_charge is 2130837872 R.drawable.stat_sys_battery is 2130837863  icon is 2130837872
D/StatusBar.BatteryController(  728): [Laptop] isPresent = false
D/StatusBar.BatteryController(  728): mBatteryPercentage is 29% mShouldShowBatteryPercentage is false mLabelViews.size() 1
D/PowerUI (  728): action = android.intent.action.BATTERY_CHANGED
D/PowerUI (  728): Intent start() ret = false mHideLowBDialog= true
D/PowerUI (  728): oldBatteryLevel = 29mBatteryLevel = 29
D/PowerUI (  728): mIsLaptopBatteryPresent = falsemBatteryStatus = 2
D/PowerUI (  728): dismissLowBatteryWarning
D/dalvikvm(30613): create interp thread : stack size=128KB
D/dalvikvm(30613): create new thread
D/dalvikvm(30613): new thread created
D/dalvikvm(30613): update thread list
D/dalvikvm(30613): threadid=14: interp stack at 0x78088000
D/dalvikvm(30613): threadid=14: created from interp
D/dalvikvm(30613): start new thread
D/dalvikvm(30613): threadid=14: notify debugger
D/dalvikvm(30613): threadid=14 (PushService-PushService-connect): calling run()
D/battery_warning(  167): systemServerStarted: ps -t | grep ActivityManager 
D/battery_warning(  167): cmd result: system    642   618   1264288 90440 ffffffff 00000000 S ActivityManager
D/BatteryService(  618): mBatteryVoltage=3829
D/KeyguardUpdateMonitor(  618): received broadcast android.intent.action.BATTERY_CHANGED
D/KeyguardUpdateMonitor(  618): handleBatteryUpdate index=0 updateInteresting=false
D/StatusBar.BatteryController(  728): BatteryController onReceive action is android.intent.action.BATTERY_CHANGED
D/StatusBar.BatteryController(  728): status_protection = 2
D/StatusBar.BatteryController(  728): plugged is true fulled is false mBatteryProtection = false  R.drawable.stat_sys_battery_charge is 2130837872 R.drawable.stat_sys_battery is 2130837863  icon is 2130837872
D/StatusBar.BatteryController(  728): [Laptop] isPresent = false
D/StatusBar.BatteryController(  728): mBatteryPercentage is 29% mShouldShowBatteryPercentage is false mLabelViews.size() 1
D/PowerUI (  728): action = android.intent.action.BATTERY_CHANGED
D/PowerUI (  728): Intent start() ret = false mHideLowBDialog= true
D/PowerUI (  728): oldBatteryLevel = 29mBatteryLevel = 29
D/PowerUI (  728): mIsLaptopBatteryPresent = falsemBatteryStatus = 2
D/PowerUI (  728): dismissLowBatteryWarning
D/dalvikvm(10359): threadid=14: exiting
D/dalvikvm(10359): threadid=14: bye!
I/System.out(30779): [CDS]EAGAIN or EWOULDBLOCK in Recvfrom
I/System.out(30779): [CDS]read byte is 0
I/System.out(30779): [CDS]rx timeout:10000
I/System.out(30779): [CDS]rx timeout:30000
D/battery_warning(  167): systemServerStarted: ps -t | grep ActivityManager 
D/battery_warning(  167): cmd result: system    642   618   1264288 90440 ffffffff 00000000 S ActivityManager
D/BatteryService(  618): mBatteryVoltage=3830
D/KeyguardUpdateMonitor(  618): received broadcast android.intent.action.BATTERY_CHANGED
D/KeyguardUpdateMonitor(  618): handleBatteryUpdate index=0 updateInteresting=false
D/StatusBar.BatteryController(  728): BatteryController onReceive action is android.intent.action.BATTERY_CHANGED
D/StatusBar.BatteryController(  728): status_protection = 2
D/StatusBar.BatteryController(  728): plugged is true fulled is false mBatteryProtection = false  R.drawable.stat_sys_battery_charge is 2130837872 R.drawable.stat_sys_battery is 2130837863  icon is 2130837872
D/StatusBar.BatteryController(  728): [Laptop] isPresent = false
D/StatusBar.BatteryController(  728): mBatteryPercentage is 29% mShouldShowBatteryPercentage is false mLabelViews.size() 1
D/PowerUI (  728): action = android.intent.action.BATTERY_CHANGED
D/PowerUI (  728): Intent start() ret = false mHideLowBDialog= true
D/PowerUI (  728): oldBatteryLevel = 29mBatteryLevel = 29
D/PowerUI (  728): mIsLaptopBatteryPresent = falsemBatteryStatus = 2
D/PowerUI (  728): dismissLowBatteryWarning
E/PushConnection(30613): Create socket err, errno:110
D/SettingsProvider(  618): call request for 0
D/SettingsProvider(  618): insert(content://settings/system) for user 0 by 0
D/SettingsProvider(  618): redundant, old Value: 0 new value: 0
D/dalvikvm(30613): threadid=14: exiting
D/dalvikvm(30613): threadid=14: bye!
D/dalvikvm(30613): create interp thread : stack size=128KB
D/dalvikvm(30613): create new thread
D/dalvikvm(30613): new thread created
D/dalvikvm(30613): update thread list
D/dalvikvm(30613): threadid=14: interp stack at 0x78088000
D/dalvikvm(30613): threadid=14: created from interp
D/dalvikvm(30613): start new thread
D/dalvikvm(30613): threadid=14: notify debugger
D/dalvikvm(30613): threadid=14 (PushService-PushService-connect): calling run()
D/InputReader(  618): InputReader::monitor: lock
D/InputReader(  618): InputReader::monitor: wait 
D/InputReader(  618): InputReader::monitor: unlock
D/InputReader(  618): InputReader::monitor: done
D/TelephonyManager( 9810): getDefaultSim check single_sim=false, first_single_sim=0
D/TelephonyManager( 9810): getDefaultSim = 0
D/GsmCellLocation(  865): fillInNotifierBundle:Bundle[{type=1, cid=15607, lac=4246, psc=-1}]
E/CellLocation( 9810): create GsmCellLocation
D/TelephonyManager( 9810): getDefaultSim check single_sim=false, first_single_sim=0
D/TelephonyManager( 9810): getDefaultSim = 0
D/TelephonyManager( 9810): getDefaultSim check single_sim=false, first_single_sim=0
D/TelephonyManager( 9810): getDefaultSim = 0
D/LocationManagerService(  618): status timer finished
D/dalvikvm(21107): threadid=17: interp stack at 0x78d83000
D/dalvikvm(21107): threadid=17: bye!
D/dalvikvm(21107): threadid=17: interp stack at 0x78d83000
D/dalvikvm(21107): threadid=17: bye!
D/dalvikvm(21107): threadid=17: interp stack at 0x78d83000
D/dalvikvm(21107): threadid=17: bye!
D/dalvikvm(21107): threadid=17: interp stack at 0x78d83000
D/dalvikvm(21107): threadid=17: bye!
D/libc-netbsd(  150): getaddrinfo: dns.weixin.qq.com NO result from proxy 
D/libc-netbsd(  150): res_queryN name = dns.weixin.qq.com, class = 1, type = 1
D/libc-netbsd(  150): res_queryN name = dns.weixin.qq.com succeed
D/libc-netbsd(21107): getaddrinfo: dns.weixin.qq.com get result from proxy >>
D/battery_warning(  167): systemServerStarted: ps -t | grep ActivityManager 
D/dalvikvm( 6685): create interp thread : stack size=128KB
D/dalvikvm( 6685): create new thread
D/dalvikvm( 6685): new thread created
D/dalvikvm( 6685): update thread list
D/dalvikvm( 6685): threadid=17: interp stack at 0x78b6e000
D/dalvikvm( 6685): threadid=17: created from interp
D/dalvikvm( 6685): start new thread
D/dalvikvm( 6685): threadid=17: notify debugger
D/dalvikvm( 6685): threadid=17 (IntentService[UploaderIntentService]): calling run()
D/TelephonyManager( 6685): getDefaultSim check single_sim=false, first_single_sim=0
D/TelephonyManager( 6685): getDefaultSim = 0
D/TelephonyManager( 6685): getSimOperator:0
D/battery_warning(  167): cmd result: system    642   618   1264288 90440 ffffffff 00000000 S ActivityManager
D/PhoneInterfaceManager(  865): getSimOperator simId = 0getSimOperator = 46002
W/Uploader( 6685): No account for auth token provided
D/libc-netbsd(  150): getaddrinfo: play.googleapis.com NO result from proxy 
D/libc-netbsd(  150): res_queryN name = play.googleapis.com, class = 1, type = 1
D/dalvikvm(21107): threadid=17: interp stack at 0x78d83000
D/dalvikvm(21107): threadid=17: bye!
D/dalvikvm(21107): threadid=17: interp stack at 0x78d83000
