E/SQLiteLog(11288): 
E/SQLiteLog(11288): (257) Close fd: 66
E/SQLiteLog(11288): 
E/SQLiteLog(11288): (257) Open fd: 66, file: /data/data/com.google.android.apps.plus/databases/es1.db-journal
E/SQLiteLog(11288): 
E/SQLiteLog(11288): (257) Close fd: 66
E/SQLiteLog(11288): 
D/dalvikvm(11288): Hot method Lhsa;.f detected!
D/libc-netbsd(  150): getaddrinfo: www.googleapis.com NO result from proxy 
D/libc-netbsd(  150): res_queryN name = www.googleapis.com, class = 1, type = 1
D/libc-netbsd(10051): getaddrinfo: ssl.google-analytics.com NO result from proxy 
D/libc-netbsd(10051): res_queryN name = ssl.google-analytics.com, class = 1, type = 1
D/libc-netbsd(  150): getaddrinfo: www.googleapis.com NO result from proxy 
D/libc-netbsd(  150): res_queryN name = www.googleapis.com, class = 1, type = 1
D/dalvikvm(21107): create interp thread : stack size=128KB
D/dalvikvm(21107): create new thread
D/dalvikvm(21107): new thread created
D/dalvikvm(21107): update thread list
D/dalvikvm(21107): threadid=17: interp stack at 0x78d83000
D/dalvikvm(21107): threadid=17: created from interp
D/dalvikvm(21107): start new thread
D/dalvikvm(21107): threadid=17: notify debugger
D/dalvikvm(21107): threadid=17 (Thread-60833): calling run()
D/dalvikvm(21107): threadid=17: exiting
D/dalvikvm(21107): threadid=17: bye!
D/dalvikvm(21107): threadid=17: interp stack at 0x78d83000
D/dalvikvm(21107): threadid=17: bye!
D/dalvikvm(21107): threadid=17: interp stack at 0x78d83000
D/dalvikvm(21107): threadid=17: bye!
D/dalvikvm(21107): threadid=17: interp stack at 0x78d83000
D/dalvikvm(21107): threadid=17: bye!
D/dalvikvm(21107): threadid=17: interp stack at 0x78d83000
D/dalvikvm(21107): threadid=17: bye!
D/dalvikvm(21107): threadid=17: interp stack at 0x78d83000
D/dalvikvm(21107): threadid=17: bye!
D/dalvikvm(21107): threadid=17: interp stack at 0x78d83000
D/dalvikvm(21107): threadid=17: bye!
D/dalvikvm(21107): threadid=17: interp stack at 0x78d83000
D/dalvikvm(21107): threadid=18: interp stack at 0x7951a000
D/dalvikvm(21107): threadid=18: bye!
D/dalvikvm(21107): threadid=18: interp stack at 0x7951a000
D/dalvikvm(21107): threadid=18: bye!
D/dalvikvm(21107): threadid=18: interp stack at 0x7951a000
D/dalvikvm(21107): threadid=18: bye!
D/dalvikvm(21107): threadid=18: interp stack at 0x7951a000
D/dalvikvm(21107): threadid=18: bye!
D/dalvikvm(21107): threadid=18: interp stack at 0x7951a000
D/dalvikvm(21107): threadid=18: bye!
D/dalvikvm(21107): threadid=17: bye!
D/dalvikvm(21107): threadid=17: interp stack at 0x78d83000
D/dalvikvm(21107): threadid=17: bye!
D/dalvikvm(21107): threadid=17: interp stack at 0x78d83000
D/dalvikvm(21107): threadid=17: bye!
D/dalvikvm(21107): threadid=17: interp stack at 0x78d83000
D/dalvikvm(21107): threadid=17: bye!
D/dalvikvm(21107): threadid=17: interp stack at 0x78d83000
D/dalvikvm(21107): threadid=17: bye!
D/dalvikvm(21107): threadid=17: interp stack at 0x78d83000
D/dalvikvm(21107): threadid=17: bye!
D/dalvikvm(21107): threadid=17: interp stack at 0x78d83000
D/dalvikvm(21107): threadid=17: bye!
D/dalvikvm(21107): threadid=17: interp stack at 0x78d83000
D/dalvikvm(21107): threadid=17: bye!
D/dalvikvm(21107): threadid=17: interp stack at 0x78d83000
D/dalvikvm(21107): threadid=17: bye!
D/dalvikvm(21107): threadid=17: interp stack at 0x78d83000
D/dalvikvm(21107): threadid=17: bye!
D/dalvikvm(21107): threadid=17: interp stack at 0x78d83000
D/dalvikvm(21107): threadid=17: bye!
D/dalvikvm(21107): threadid=17: interp stack at 0x78d83000
D/dalvikvm(21107): threadid=17: bye!
D/libc-netbsd(  150): getaddrinfo: dns.weixin.qq.com NO result from proxy 
D/libc-netbsd(  150): res_queryN name = dns.weixin.qq.com, class = 1, type = 1
D/battery_warning(  167): systemServerStarted: ps -t | grep ActivityManager 
D/IPCThreadState(  618): [DN #5] BR_CLEAR_DEATH_NOTIFICATION_DONE cookie 0x804fc408
D/battery_warning(  167): cmd result: system    642   618   1264288 90440 ffffffff 00000000 S ActivityManager
E/SQLiteLog(30779): (257) Open fd: 59, file: /data/data/com.tencent.mobileqq/databases/eup_db
E/SQLiteLog(30779): 
E/SQLiteLog(30779): (257) Open fd: 61, file: /data/data/com.tencent.mobileqq/databases/eup_db-journal
E/SQLiteLog(30779): 
E/SQLiteLog(30779): (257) Close fd: 61
E/SQLiteLog(30779): 
E/SQLiteLog(30779): (257) Open fd: 61, file: /data/data/com.tencent.mobileqq/databases/eup_db-journal
E/SQLiteLog(30779): 
E/SQLiteLog(30779): (257) Close fd: 61
E/SQLiteLog(30779): 
E/SQLiteLog(30779): (257) Open fd: 61, file: /data/data/com.tencent.mobileqq/databases/eup_db-journal
E/SQLiteLog(30779): 
E/SQLiteLog(30779): (257) Close fd: 61
E/SQLiteLog(30779): 
E/SQLiteLog(30779): (257) Open fd: 61, file: /data/data/com.tencent.mobileqq/databases/eup_db-journal
E/SQLiteLog(30779): 
E/SQLiteLog(30779): (257) Close fd: 61
E/SQLiteLog(30779): 
E/SQLiteLog(30779): (257) Open fd: 61, file: /data/data/com.tencent.mobileqq/databases/eup_db-journal
E/SQLiteLog(30779): 
E/SQLiteLog(30779): (257) Close fd: 61
E/SQLiteLog(30779): 
E/SQLiteLog(30779): (257) Open fd: 61, file: /data/data/com.tencent.mobileqq/databases/eup_db-journal
E/SQLiteLog(30779): 
E/SQLiteLog(30779): (257) Close fd: 61
E/SQLiteLog(30779): 
E/SQLiteLog(30779): (257) Open fd: 61, file: /data/data/com.tencent.mobileqq/databases/eup_db-journal
E/SQLiteLog(30779): 
E/SQLiteLog(30779): (257) Close fd: 61
E/SQLiteLog(30779): 
E/SQLiteLog(30779): (257) Open fd: 61, file: /data/data/com.tencent.mobileqq/databases/eup_db-journal
E/SQLiteLog(30779): 
E/SQLiteLog(30779): (257) Close fd: 61
E/SQLiteLog(30779): 
E/SQLiteLog(30779): (257) Open fd: 61, file: /data/data/com.tencent.mobileqq/databases/eup_db-journal
E/SQLiteLog(30779): 
E/SQLiteLog(30779): (257) Close fd: 61
E/SQLiteLog(30779): 
E/SQLiteLog(30779): (257) Open fd: 61, file: /data/data/com.tencent.mobileqq/databases/eup_db-journal
E/SQLiteLog(30779): 
E/SQLiteLog(30779): (257) Close fd: 61
E/SQLiteLog(30779): 
E/SQLiteLog(30779): (257) Open fd: 61, file: /data/data/com.tencent.mobileqq/databases/eup_db-journal
E/SQLiteLog(30779): 
E/SQLiteLog(30779): (257) Close fd: 61
E/SQLiteLog(30779): 
E/SQLiteLog(30779): (257) Open fd: 61, file: /data/data/com.tencent.mobileqq/databases/eup_db-journal
E/SQLiteLog(30779): 
E/SQLiteLog(30779): (257) Close fd: 61
E/SQLiteLog(30779): 
E/SQLiteLog(30779): (257) Open fd: 61, file: /data/data/com.tencent.mobileqq/databases/eup_db-journal
E/SQLiteLog(30779): 
E/SQLiteLog(30779): (257) Close fd: 61
E/SQLiteLog(30779): 
E/SQLiteLog(30779): (257) Open fd: 61, file: /data/data/com.tencent.mobileqq/databases/eup_db-journal
E/SQLiteLog(30779): 
E/SQLiteLog(30779): (257) Close fd: 61
E/SQLiteLog(30779): 
E/SQLiteLog(30779): (257) Open fd: 61, file: /data/data/com.tencent.mobileqq/databases/eup_db-journal
E/SQLiteLog(30779): 
E/SQLiteLog(30779): (257) Close fd: 61
E/SQLiteLog(30779): 
E/SQLiteLog(30779): (257) Open fd: 61, file: /data/data/com.tencent.mobileqq/databases/eup_db-journal
E/SQLiteLog(30779): 
E/SQLiteLog(30779): (257) Close fd: 61
E/SQLiteLog(30779): 
E/SQLiteLog(30779): (257) Close fd: 59
E/SQLiteLog(30779): 
D/libc-netbsd(  150): res_queryN name = msfwifi.3g.qq.com., class = 1, type = 1
D/IPCThreadState(  618): [DN #5] BR_CLEAR_DEATH_NOTIFICATION_DONE cookie 0x7c94bda8
D/dalvikvm(21107): threadid=17: interp stack at 0x78d83000
D/dalvikvm(21107): threadid=17: bye!
D/dalvikvm(21107): threadid=17: interp stack at 0x78d83000
D/dalvikvm(21107): threadid=17: bye!
D/dalvikvm(10939): Hot method Lcom/google/android/apps/gmm/map/q/k;.a detected!
D/BatteryService(  618): mBatteryVoltage=3826
D/StatusBar.BatteryController(  728): BatteryController onReceive action is android.intent.action.BATTERY_CHANGED
D/StatusBar.BatteryController(  728): status_protection = 2
D/StatusBar.BatteryController(  728): plugged is true fulled is false mBatteryProtection = false  R.drawable.stat_sys_battery_charge is 2130837872 R.drawable.stat_sys_battery is 2130837863  icon is 2130837872
D/StatusBar.BatteryController(  728): [Laptop] isPresent = false
D/StatusBar.BatteryController(  728): mBatteryPercentage is 29% mShouldShowBatteryPercentage is false mLabelViews.size() 1
D/PowerUI (  728): action = android.intent.action.BATTERY_CHANGED
D/PowerUI (  728): Intent start() ret = false mHideLowBDialog= true
D/PowerUI (  728): oldBatteryLevel = 29mBatteryLevel = 29
D/PowerUI (  728): mIsLaptopBatteryPresent = falsemBatteryStatus = 2
D/PowerUI (  728): dismissLowBatteryWarning
D/KeyguardUpdateMonitor(  618): received broadcast android.intent.action.BATTERY_CHANGED
D/KeyguardUpdateMonitor(  618): handleBatteryUpdate index=0 updateInteresting=false
D/dalvikvm(21107): threadid=17: interp stack at 0x78d83000
D/dalvikvm(21107): threadid=17: bye!
D/libc-netbsd(  150): res_queryN name = www.googleapis.com., class = 1, type = 1
D/dalvikvm(21107): threadid=17: interp stack at 0x78d83000
D/dalvikvm(21107): threadid=17: bye!
D/dalvikvm(21107): threadid=17: interp stack at 0x78d83000
D/dalvikvm(21107): threadid=17: bye!
D/dalvikvm(21107): threadid=17: interp stack at 0x78d83000
D/dalvikvm(21107): threadid=18: interp stack at 0x7951a000
D/dalvikvm(21107): threadid=18: bye!
D/dalvikvm(21107): threadid=18: interp stack at 0x7951a000
D/dalvikvm(21107): threadid=17: bye!
D/dalvikvm(21107): threadid=17: interp stack at 0x78d83000
D/TelephonyManager(21107): getDefaultSim check single_sim=false, first_single_sim=0
D/TelephonyManager(21107): getDefaultSim = 0
D/TelephonyManager(21107): getSimOperator:0
D/PhoneInterfaceManager(  865): getSimOperator simId = 0getSimOperator = 46002
D/dalvikvm(21107): threadid=17: bye!
D/dalvikvm(21107): threadid=18: bye!
D/TelephonyManager(21107): getDefaultSim check single_sim=false, first_single_sim=0
D/TelephonyManager(21107): getDefaultSim = 0
D/TelephonyManager(21107): getSimOperatorName:0
D/PhoneInterfaceManager(  865): getSimOperatorName simId = 0prop = 
D/TelephonyManager(21107): getDefaultSim check single_sim=false, first_single_sim=0
D/TelephonyManager(21107): getDefaultSim = 0
D/TelephonyManager(21107): getSimOperatorName:0
D/PhoneInterfaceManager(  865): getSimOperatorName simId = 0prop = 
D/TelephonyManager(21107): getDefaultSim check single_sim=false, first_single_sim=0
D/TelephonyManager(21107): getDefaultSim = 0
D/TelephonyManager(21107): getSimOperatorName:0
D/PhoneInterfaceManager(  865): getSimOperatorName simId = 0prop = 
D/libc-netbsd(  150): getaddrinfo: short.weixin.qq.com NO result from proxy 
D/libc-netbsd(  150): res_queryN name = short.weixin.qq.com, class = 1, type = 1
D/dalvikvm(21107): threadid=17: interp stack at 0x78d83000
D/dalvikvm(21107): threadid=17: bye!
D/dalvikvm(21107): threadid=17: interp stack at 0x78d83000
D/dalvikvm(21107): threadid=17: bye!
D/dalvikvm(21107): threadid=17: interp stack at 0x78d83000
D/dalvikvm(21107): threadid=17: bye!
D/dalvikvm(21107): threadid=17: interp stack at 0x78d83000
D/dalvikvm(21107): threadid=17: bye!
D/libc-netbsd(  150): getaddrinfo: dns.weixin.qq.com NO result from proxy 
D/libc-netbsd(  150): res_queryN name = dns.weixin.qq.com, class = 1, type = 1
D/InputReader(  618): InputReader::monitor: lock
D/InputReader(  618): InputReader::monitor: wait 
D/InputReader(  618): InputReader::monitor: unlock
D/InputReader(  618): InputReader::monitor: done
D/dalvikvm(21107): threadid=17: interp stack at 0x78d83000
D/dalvikvm(21107): threadid=17: bye!
D/libc-netbsd(10051): res_queryN name = ssl.google-analytics.com., class = 1, type = 1
D/dalvikvm(21107): threadid=17: interp stack at 0x78d83000
D/dalvikvm(21107): threadid=17: bye!
D/dalvikvm(21107): threadid=17: interp stack at 0x78d83000
D/dalvikvm(21107): threadid=17: bye!
D/dalvikvm(21107): threadid=17: interp stack at 0x78d83000
D/dalvikvm(21107): threadid=17: bye!
D/dalvikvm(21107): threadid=17: interp stack at 0x78d83000
D/TelephonyManager(21107): getDefaultSim check single_sim=false, first_single_sim=0
D/TelephonyManager(21107): getDefaultSim = 0
D/TelephonyManager(21107): getSimOperator:0
D/PhoneInterfaceManager(  865): getSimOperator simId = 0getSimOperator = 46002
D/TelephonyManager(21107): getDefaultSim check single_sim=false, first_single_sim=0
D/TelephonyManager(21107): getDefaultSim = 0
D/TelephonyManager(21107): getSimOperatorName:0
D/dalvikvm(21107): threadid=17: bye!
D/dalvikvm(21107): threadid=17: interp stack at 0x78d83000
D/PhoneInterfaceManager(  865): getSimOperatorName simId = 0prop = 
D/TelephonyManager(21107): getDefaultSim check single_sim=false, first_single_sim=0
D/TelephonyManager(21107): getDefaultSim = 0
D/TelephonyManager(21107): getSimOperatorName:0
D/dalvikvm(21107): threadid=17: bye!
D/PhoneInterfaceManager(  865): getSimOperatorName simId = 0prop = 
D/TelephonyManager(21107): getDefaultSim check single_sim=false, first_single_sim=0
D/TelephonyManager(21107): getDefaultSim = 0
D/TelephonyManager(21107): getSimOperatorName:0
D/PhoneInterfaceManager(  865): getSimOperatorName simId = 0prop = 
D/LocationManagerService(  618): status timer finished
D/dalvikvm(21107): threadid=17: interp stack at 0x78d83000
D/dalvikvm(21107): threadid=17: bye!
D/dalvikvm(21107): threadid=17: interp stack at 0x78d83000
D/dalvikvm(21107): threadid=17: bye!
D/dalvikvm(21107): threadid=17: interp stack at 0x78d83000
D/TelephonyManager(21107): getDefaultSim check single_sim=false, first_single_sim=0
D/TelephonyManager(21107): getDefaultSim = 0
D/TelephonyManager(21107): getSimOperator:0
D/PhoneInterfaceManager(  865): getSimOperator simId = 0getSimOperator = 46002
D/TelephonyManager(21107): getDefaultSim check single_sim=false, first_single_sim=0
D/TelephonyManager(21107): getDefaultSim = 0
D/TelephonyManager(21107): getSimOperatorName:0
D/PhoneInterfaceManager(  865): getSimOperatorName simId = 0prop = 
D/TelephonyManager(21107): getDefaultSim check single_sim=false, first_single_sim=0
D/TelephonyManager(21107): getDefaultSim = 0
D/TelephonyManager(21107): getSimOperatorName:0
D/PhoneInterfaceManager(  865): getSimOperatorName simId = 0prop = 
D/dalvikvm(21107): threadid=17: bye!
D/TelephonyManager(21107): getDefaultSim check single_sim=false, first_single_sim=0
D/TelephonyManager(21107): getDefaultSim = 0
D/TelephonyManager(21107): getSimOperatorName:0
D/PhoneInterfaceManager(  865): getSimOperatorName simId = 0prop = 
D/dalvikvm(21107): threadid=17: interp stack at 0x78d83000
D/dalvikvm(21107): threadid=17: bye!
D/dalvikvm(21107): create interp thread : stack size=128KB
D/dalvikvm(21107): create new thread
D/dalvikvm(21107): new thread created
D/dalvikvm(21107): update thread list
D/dalvikvm(21107): threadid=17: interp stack at 0x78d83000
D/dalvikvm(21107): threadid=17: created from interp
D/dalvikvm(21107): start new thread
D/dalvikvm(21107): threadid=17: notify debugger
D/dalvikvm(21107): threadid=17 (Thread-60880): calling run()
D/libc-netbsd(  150): res_queryN name = dns.weixin.qq.com., class = 1, type = 1
D/dalvikvm(21107): threadid=18: interp stack at 0x7951a000
D/dalvikvm(21107): threadid=18: bye!
D/dalvikvm(21107): threadid=18: interp stack at 0x7951a000
D/dalvikvm(21107): threadid=18: bye!
D/dalvikvm(21107): threadid=18: interp stack at 0x7951a000
D/dalvikvm(21107): threadid=18: bye!
D/dalvikvm(21107): threadid=18: interp stack at 0x7951a000
D/dalvikvm(21107): threadid=18: bye!
D/dalvikvm(21107): threadid=18: interp stack at 0x7951a000
D/dalvikvm(21107): threadid=18: bye!
D/dalvikvm(21107): threadid=18: interp stack at 0x7951a000
D/dalvikvm(21107): threadid=18: bye!
D/IPCThreadState(  618): [DN #5] BR_CLEAR_DEATH_NOTIFICATION_DONE cookie 0x8029c908
D/dalvikvm(21107): threadid=17: exiting
D/dalvikvm(21107): threadid=17: bye!
D/dalvikvm(21107): threadid=17: interp stack at 0x78d83000
D/dalvikvm(21107): threadid=17: bye!
D/dalvikvm(21107): threadid=17: interp stack at 0x78d83000
D/dalvikvm(21107): threadid=17: bye!
D/dalvikvm(21107): threadid=17: interp stack at 0x78d83000
D/dalvikvm(21107): threadid=17: bye!
D/IPCThreadState(  618): [DN #5] BR_CLEAR_DEATH_NOTIFICATION_DONE cookie 0x804fc408
D/battery_warning(  167): systemServerStarted: ps -t | grep ActivityManager 
D/battery_warning(  167): cmd result: system    642   618   1264288 90440 ffffffff 00000000 S ActivityManager
D/libc-netbsd(30779): getaddrinfo: msfwifi.3g.qq.com NO result from proxy 
D/libc-netbsd(30779): res_queryN name = msfwifi.3g.qq.com, class = 1, type = 1
D/dalvikvm(21107): threadid=17: interp stack at 0x78d83000
D/dalvikvm(21107): threadid=17: bye!
D/libc-netbsd(  150): getaddrinfo: www.googleapis.com NO result from proxy 
D/libc-netbsd(  150): res_queryN name = www.googleapis.com, class = 1, type = 1
D/dalvikvm(21107): threadid=17: interp stack at 0x78d83000
D/dalvikvm(21107): threadid=17: bye!
D/dalvikvm(21107): threadid=17: interp stack at 0x78d83000
D/dalvikvm(21107): threadid=17: bye!
D/dalvikvm(21107): threadid=17: interp stack at 0x78d83000
D/dalvikvm(21107): threadid=17: bye!
D/dalvikvm(21107): threadid=17: interp stack at 0x78d83000
D/dalvikvm(21107): threadid=17: bye!
D/dalvikvm(21107): threadid=17: interp stack at 0x78d83000
D/dalvikvm(21107): threadid=17: bye!
D/dalvikvm(21107): threadid=17: interp stack at 0x78d83000
D/dalvikvm(21107): threadid=17: bye!
D/dalvikvm(21107): threadid=17: interp stack at 0x78d83000
D/dalvikvm(21107): threadid=17: bye!
D/dalvikvm(21107): threadid=17: interp stack at 0x78d83000
D/dalvikvm(21107): threadid=17: bye!
D/dalvikvm(21107): threadid=17: interp stack at 0x78d83000
D/dalvikvm(21107): threadid=17: bye!
D/dalvikvm(21107): threadid=17: interp stack at 0x78d83000
D/dalvikvm(21107): threadid=17: bye!
D/dalvikvm(21107): threadid=17: interp stack at 0x78d83000
D/dalvikvm(21107): threadid=17: bye!
D/dalvikvm(21107): threadid=17: interp stack at 0x78d83000
D/dalvikvm(21107): threadid=17: bye!
D/dalvikvm(21107): threadid=17: interp stack at 0x78d83000
D/dalvikvm(21107): threadid=17: bye!
D/dalvikvm(21107): threadid=17: interp stack at 0x78d83000
D/dalvikvm(21107): threadid=17: bye!
D/libc-netbsd(  150): res_queryN name = www.googleapis.com., class = 1, type = 1
D/libc-netbsd(11288): getaddrinfo: www.googleapis.com NO result from proxy 
D/libc-netbsd(11288): res_queryN name = www.googleapis.com, class = 1, type = 1
D/IPCThreadState(  618): [DN #5] BR_CLEAR_DEATH_NOTIFICATION_DONE cookie 0x7ec8af18
D/dalvikvm(21107): threadid=17: interp stack at 0x78d83000
D/dalvikvm(21107): threadid=17: bye!
D/libc-netbsd(  150): res_queryN name = short.weixin.qq.com., class = 1, type = 1
D/dalvikvm(21107): threadid=17: interp stack at 0x78d83000
D/dalvikvm(21107): threadid=17: bye!
D/dalvikvm(21107): threadid=17: interp stack at 0x78d83000
D/dalvikvm(21107): threadid=17: bye!
I/System.out(10051): [CDS][DNS]Unable to resolve host "ssl.google-analytics.com": No address associated with hostname
W/GAV2    (10051): Thread[GAThread,5,main]: Exception sending hit: UnknownHostException
W/GAV2    (10051): Thread[GAThread,5,main]: Unable to resolve host "ssl.google-analytics.com": No address associated with hostname
E/SQLiteLog(10051): (257) Open fd: 55, file: /data/data/com.anydo/databases/google_analytics_v2.db-journal
E/SQLiteLog(10051): 
E/SQLiteLog(10051): (257) Close fd: 55
E/SQLiteLog(10051): 
E/SQLiteLog(10051): (257) Open fd: 55, file: /data/data/com.anydo/databases/google_analytics_v2.db-journal
E/SQLiteLog(10051): 
E/SQLiteLog(10051): (257) Close fd: 55
E/SQLiteLog(10051): 
W/GAV2    (10051): Thread[GAThread,5,main]: Exception sending hit: UnknownHostException
W/GAV2    (10051): Thread[GAThread,5,main]: Unable to resolve host "ssl.google-analytics.com": No address associated with hostname
E/SQLiteLog(10051): (257) Open fd: 55, file: /data/data/com.anydo/databases/google_analytics_v2.db-journal
E/SQLiteLog(10051): 
E/SQLiteLog(10051): (257) Close fd: 55
E/SQLiteLog(10051): 
E/SQLiteLog(10051): (257) Open fd: 55, file: /data/data/com.anydo/databases/google_analytics_v2.db-journal
E/SQLiteLog(10051): 
E/SQLiteLog(10051): (257) Close fd: 55
E/SQLiteLog(10051): 
W/GAV2    (10051): Thread[GAThread,5,main]: Exception sending hit: UnknownHostException
W/GAV2    (10051): Thread[GAThread,5,main]: Unable to resolve host "ssl.google-analytics.com": No address associated with hostname
D/dalvikvm(21107): threadid=17: interp stack at 0x78d83000
D/dalvikvm(21107): threadid=17: bye!
D/dalvikvm(21107): threadid=17: interp stack at 0x78d83000
D/dalvikvm(21107): threadid=17: bye!
D/dalvikvm(21107): threadid=17: interp stack at 0x78d83000
D/dalvikvm(21107): threadid=17: bye!
D/libc-netbsd(  150): res_queryN name = dns.weixin.qq.com., class = 1, type = 1
D/libc-netbsd(21107): getaddrinfo: dns.weixin.qq.com NO result from proxy 
D/libc-netbsd(21107): res_queryN name = dns.weixin.qq.com, class = 1, type = 1
D/dalvikvm(21107): threadid=17: interp stack at 0x78d83000
D/dalvikvm(21107): threadid=17: bye!
D/battery_warning(  167): systemServerStarted: ps -t | grep ActivityManager 
D/libc-netbsd(30779): res_queryN name = msfwifi.3g.qq.com., class = 1, type = 1
D/battery_warning(  167): cmd result: system    642   618   1264288 90440 ffffffff 00000000 S ActivityManager
D/dalvikvm(21107): threadid=17: interp stack at 0x78d83000
D/dalvikvm(21107): threadid=17: bye!
D/dalvikvm(21107): threadid=17: interp stack at 0x78d83000
D/dalvikvm(21107): threadid=17: bye!
D/dalvikvm(21107): threadid=17: interp stack at 0x78d83000
D/dalvikvm(21107): threadid=17: bye!
D/dalvikvm(21107): threadid=17: interp stack at 0x78d83000
D/dalvikvm(21107): threadid=17: bye!
D/dalvikvm(21107): threadid=17: interp stack at 0x78d83000
D/dalvikvm(21107): threadid=17: bye!
D/dalvikvm(21107): threadid=17: interp stack at 0x78d83000
D/dalvikvm(21107): threadid=17: bye!
D/dalvikvm(21107): threadid=17: interp stack at 0x78d83000
D/dalvikvm(21107): threadid=17: bye!
D/dalvikvm(21107): threadid=17: interp stack at 0x78d83000
D/dalvikvm(21107): threadid=17: bye!
D/dalvikvm(21107): threadid=17: interp stack at 0x78d83000
D/dalvikvm(21107): threadid=17: bye!
D/dalvikvm(21107): threadid=17: interp stack at 0x78d83000
D/dalvikvm(21107): threadid=17: bye!
D/dalvikvm(21107): threadid=17: interp stack at 0x78d83000
D/dalvikvm(21107): threadid=17: bye!
D/dalvikvm(21107): threadid=17: interp stack at 0x78d83000
D/dalvikvm(21107): threadid=17: bye!
D/dalvikvm(21107): threadid=17: interp stack at 0x78d83000
D/dalvikvm(21107): threadid=17: bye!
D/dalvikvm(21107): threadid=17: interp stack at 0x78d83000
D/dalvikvm(21107): threadid=17: bye!
D/SyncManager(  618): userId=0 auto=true mExt=com.mediatek.op.FwkExt@41f21a40
E/FWKEXT  (  618): Enter GetCurrentOP
D/SyncManager(  618): userId=0 auto=true mExt=com.mediatek.op.FwkExt@41f21a40
E/FWKEXT  (  618): Enter GetCurrentOP
D/SyncManager(  618): userId=0 auto=true mExt=com.mediatek.op.FwkExt@41f21a40
E/FWKEXT  (  618): Enter GetCurrentOP
D/SyncManager(  618): userId=0 auto=true mExt=com.mediatek.op.FwkExt@41f21a40
E/FWKEXT  (  618): Enter GetCurrentOP
D/SyncManager(  618): userId=0 auto=true mExt=com.mediatek.op.FwkExt@41f21a40
E/FWKEXT  (  618): Enter GetCurrentOP
D/SyncManager(  618): userId=0 auto=true mExt=com.mediatek.op.FwkExt@41f21a40
E/FWKEXT  (  618): Enter GetCurrentOP
D/SyncManager(  618): userId=0 auto=true mExt=com.mediatek.op.FwkExt@41f21a40
E/FWKEXT  (  618): Enter GetCurrentOP
D/SyncManager(  618): userId=0 auto=true mExt=com.mediatek.op.FwkExt@41f21a40
E/FWKEXT  (  618): Enter GetCurrentOP
D/SyncManager(  618): userId=0 auto=true mExt=com.mediatek.op.FwkExt@41f21a40
E/FWKEXT  (  618): Enter GetCurrentOP
D/SyncManager(  618): userId=0 auto=true mExt=com.mediatek.op.FwkExt@41f21a40
E/FWKEXT  (  618): Enter GetCurrentOP
D/SyncManager(  618): userId=0 auto=true mExt=com.mediatek.op.FwkExt@41f21a40
E/FWKEXT  (  618): Enter GetCurrentOP
D/SyncManager(  618): userId=0 auto=true mExt=com.mediatek.op.FwkExt@41f21a40
E/FWKEXT  (  618): Enter GetCurrentOP
D/SyncManager(  618): userId=0 auto=true mExt=com.mediatek.op.FwkExt@41f21a40
E/FWKEXT  (  618): Enter GetCurrentOP
D/SyncManager(  618): userId=0 auto=true mExt=com.mediatek.op.FwkExt@41f21a40
E/FWKEXT  (  618): Enter GetCurrentOP
D/SyncManager(  618): userId=0 auto=true mExt=com.mediatek.op.FwkExt@41f21a40
E/FWKEXT  (  618): Enter GetCurrentOP
D/SyncManager(  618): userId=0 auto=true mExt=com.mediatek.op.FwkExt@41f21a40
E/FWKEXT  (  618): Enter GetCurrentOP
D/SyncManager(  618): userId=0 auto=true mExt=com.mediatek.op.FwkExt@41f21a40
E/FWKEXT  (  618): Enter GetCurrentOP
D/SyncManager(  618): userId=0 auto=true mExt=com.mediatek.op.FwkExt@41f21a40
E/FWKEXT  (  618): Enter GetCurrentOP
D/SyncManager(  618): userId=0 auto=true mExt=com.mediatek.op.FwkExt@41f21a40
E/FWKEXT  (  618): Enter GetCurrentOP
D/SyncManager(  618): userId=0 auto=true mExt=com.mediatek.op.FwkExt@41f21a40
E/FWKEXT  (  618): Enter GetCurrentOP
D/SyncManager(  618): userId=0 auto=true mExt=com.mediatek.op.FwkExt@41f21a40
E/FWKEXT  (  618): Enter GetCurrentOP
D/libc-netbsd(  150): res_queryN name = www.googleapis.com., class = 1, type = 1
D/libc-netbsd(11288): res_queryN name = www.googleapis.com., class = 1, type = 1
D/libc-netbsd(11288): getaddrinfo: www.googleapis.com NO result from proxy 
D/libc-netbsd(11288): res_queryN name = www.googleapis.com, class = 1, type = 1
D/IPCThreadState(  618): [DN #5] BR_CLEAR_DEATH_NOTIFICATION_DONE cookie 0x8029c908
D/dalvikvm(21107): threadid=17: interp stack at 0x78d83000
D/dalvikvm(21107): threadid=17: bye!
D/dalvikvm(21107): threadid=17: interp stack at 0x78d83000
D/dalvikvm(21107): threadid=17: bye!
D/dalvikvm(21107): threadid=17: interp stack at 0x78d83000
D/dalvikvm(21107): threadid=17: bye!
D/dalvikvm(21107): threadid=17: interp stack at 0x78d83000
D/TelephonyManager(21107): getDefaultSim check single_sim=false, first_single_sim=0
D/TelephonyManager(21107): getDefaultSim = 0
D/TelephonyManager(21107): getSimOperator:0
D/PhoneInterfaceManager(  865): getSimOperator simId = 0getSimOperator = 46002
D/TelephonyManager(21107): getDefaultSim check single_sim=false, first_single_sim=0
D/TelephonyManager(21107): getDefaultSim = 0
D/TelephonyManager(21107): getSimOperatorName:0
D/PhoneInterfaceManager(  865): getSimOperatorName simId = 0prop = 
D/TelephonyManager(21107): getDefaultSim check single_sim=false, first_single_sim=0
D/TelephonyManager(21107): getDefaultSim = 0
D/TelephonyManager(21107): getSimOperatorName:0
D/dalvikvm(21107): threadid=17: bye!
D/PhoneInterfaceManager(  865): getSimOperatorName simId = 0prop = 
D/dalvikvm(21107): threadid=17: interp stack at 0x78d83000
D/TelephonyManager(21107): getDefaultSim check single_sim=false, first_single_sim=0
D/TelephonyManager(21107): getDefaultSim = 0
D/TelephonyManager(21107): getSimOperatorName:0
D/dalvikvm(21107): threadid=17: bye!
D/dalvikvm(21107): threadid=17: interp stack at 0x78d83000
D/dalvikvm(21107): threadid=17: bye!
D/PhoneInterfaceManager(  865): getSimOperatorName simId = 0prop = 
D/KeyguardUpdateMonitor(  618): received broadcast android.intent.action.TIME_TICK
D/KeyguardUpdateMonitor(  618): handleTimeUpdate
D/Clock   (  728): action =android.intent.action.TIME_TICK
V/ViewRootImpl(  728): scheduleConsumeBatchedInput: mConsumeBatchedInputScheduled = false,mFirstPendingInputEvent = null, this = ViewRoot{41c6c3e8 StatusBar,ident = 0}
V/ViewRootImpl(  728): doConsumeBatchedInput: frameTimeNanos = 357666707217537, this = ViewRoot{41c6c3e8 StatusBar,ident = 0}
D/Clock   (  728): action =android.intent.action.TIME_TICK
V/ViewRootImpl(  618): scheduleConsumeBatchedInput: mConsumeBatchedInputScheduled = false,mFirstPendingInputEvent = null, this = ViewRoot{422fbbf0 Keyguard,ident = 0}
V/ViewRootImpl(  618): doConsumeBatchedInput: frameTimeNanos = 357666729313691, this = ViewRoot{422fbbf0 Keyguard,ident = 0}
D/dalvikvm(21107): threadid=17: interp stack at 0x78d83000
D/dalvikvm(21107): threadid=17: bye!
V/ViewRootImpl(  618): scheduleConsumeBatchedInput: mConsumeBatchedInputScheduled = false,mFirstPendingInputEvent = null, this = ViewRoot{422fbbf0 Keyguard,ident = 0}
D/dalvikvm(21107): threadid=17: interp stack at 0x78d83000
D/dalvikvm(21107): threadid=17: bye!
D/dalvikvm(21107): threadid=17: interp stack at 0x78d83000
V/ViewRootImpl(  618): doConsumeBatchedInput: frameTimeNanos = 357666755749152, this = ViewRoot{422fbbf0 Keyguard,ident = 0}
D/dalvikvm(21107): threadid=17: bye!
D/dalvikvm(21107): threadid=17: interp stack at 0x78d83000
D/dalvikvm(21107): threadid=17: bye!
D/dalvikvm(21107): threadid=17: interp stack at 0x78d83000
D/dalvikvm(21107): threadid=17: bye!
D/dalvikvm(21107): threadid=17: interp stack at 0x78d83000
D/dalvikvm(21107): threadid=17: bye!
D/dalvikvm(21107): threadid=17: interp stack at 0x78d83000
D/dalvikvm(21107): threadid=17: bye!
D/TelephonyManager(21107): getDefaultSim check single_sim=false, first_single_sim=0
D/TelephonyManager(21107): getDefaultSim = 0
D/TelephonyManager(21107): getSimOperator:0
D/PhoneInterfaceManager(  865): getSimOperator simId = 0getSimOperator = 46002
D/TelephonyManager(21107): getDefaultSim check single_sim=false, first_single_sim=0
D/TelephonyManager(21107): getDefaultSim = 0
D/TelephonyManager(21107): getSimOperatorName:0
D/PhoneInterfaceManager(  865): getSimOperatorName simId = 0prop = 
D/TelephonyManager(21107): getDefaultSim check single_sim=false, first_single_sim=0
D/TelephonyManager(21107): getDefaultSim = 0
D/TelephonyManager(21107): getSimOperatorName:0
D/PhoneInterfaceManager(  865): getSimOperatorName simId = 0prop = 
D/TelephonyManager(21107): getDefaultSim check single_sim=false, first_single_sim=0
D/TelephonyManager(21107): getDefaultSim = 0
D/TelephonyManager(21107): getSimOperatorName:0
D/PhoneInterfaceManager(  865): getSimOperatorName simId = 0prop = 
V/ViewRootImpl(  618): scheduleConsumeBatchedInput: mConsumeBatchedInputScheduled = false,mFirstPendingInputEvent = null, this = ViewRoot{422fbbf0 Keyguard,ident = 0}
V/ViewRootImpl(  618): doConsumeBatchedInput: frameTimeNanos = 357666797176152, this = ViewRoot{422fbbf0 Keyguard,ident = 0}
V/ViewRootImpl(  618): scheduleConsumeBatchedInput: mConsumeBatchedInputScheduled = false,mFirstPendingInputEvent = null, this = ViewRoot{422fbbf0 Keyguard,ident = 0}
V/ViewRootImpl(  618): doConsumeBatchedInput: frameTimeNanos = 357666820665537, this = ViewRoot{422fbbf0 Keyguard,ident = 0}
E/SQLiteLog( 8239): (257) Open fd: 111, file: /data/data/com.tencent.mm/MicroMsg/a665a22b90fb4ce733db4392ed7d0329/SnsMicroMsg.db-journal
E/SQLiteLog( 8239): 
E/SQLiteLog( 8239): (257) Close fd: 111
E/SQLiteLog( 8239): 
E/SQLiteLog( 8239): (257) Open fd: 111, file: /data/data/com.tencent.mm/MicroMsg/a665a22b90fb4ce733db4392ed7d0329/SnsMicroMsg.db-journal
E/SQLiteLog( 8239): 
E/SQLiteLog( 8239): (257) Close fd: 111
E/SQLiteLog( 8239): 
E/SQLiteLog( 8239): (257) Open fd: 110, file: /data/data/com.tencent.mm/MicroMsg/a665a22b90fb4ce733db4392ed7d0329/SnsMicroMsg.db-journal
E/SQLiteLog( 8239): 
E/SQLiteLog( 8239): (257) Close fd: 110
E/SQLiteLog( 8239): 
E/SQLiteLog( 8239): (257) Open fd: 110, file: /data/data/com.tencent.mm/MicroMsg/a665a22b90fb4ce733db4392ed7d0329/SnsMicroMsg.db-journal
E/SQLiteLog( 8239): 
E/SQLiteLog( 8239): (257) Close fd: 110
E/SQLiteLog( 8239): 
D/dalvikvm( 8239): Hot method Lcom/tencent/mm/ao/i;.replace detected!
D/dalvikvm(21107): threadid=17: interp stack at 0x78d83000
D/dalvikvm(21107): threadid=17: bye!
D/dalvikvm(21107): threadid=17: interp stack at 0x78d83000
D/dalvikvm(21107): threadid=17: bye!
D/dalvikvm(21107): threadid=17: interp stack at 0x78d83000
D/dalvikvm(21107): threadid=17: bye!
D/dalvikvm(21107): threadid=17: interp stack at 0x78d83000
D/dalvikvm(21107): threadid=17: bye!
D/dalvikvm(21107): threadid=17: interp stack at 0x78d83000
D/dalvikvm(21107): threadid=17: bye!
D/dalvikvm(21107): threadid=17: interp stack at 0x78d83000
D/dalvikvm(21107): threadid=17: bye!
D/dalvikvm(21107): threadid=17: interp stack at 0x78d83000
D/dalvikvm(21107): threadid=17: bye!
D/dalvikvm(21107): threadid=17: interp stack at 0x78d83000
D/dalvikvm(21107): threadid=17: bye!
D/dalvikvm(21107): threadid=17: interp stack at 0x78d83000
D/dalvikvm(21107): threadid=17: bye!
D/dalvikvm(21107): threadid=17: interp stack at 0x78d83000
D/dalvikvm(21107): threadid=17: bye!
D/dalvikvm(21107): threadid=17: interp stack at 0x78d83000
D/TelephonyManager(21107): getDefaultSim check single_sim=false, first_single_sim=0
D/TelephonyManager(21107): getDefaultSim = 0
D/TelephonyManager(21107): getSimOperator:0
D/PhoneInterfaceManager(  865): getSimOperator simId = 0getSimOperator = 46002
D/TelephonyManager(21107): getDefaultSim check single_sim=false, first_single_sim=0
D/TelephonyManager(21107): getDefaultSim = 0
D/TelephonyManager(21107): getSimOperatorName:0
D/PhoneInterfaceManager(  865): getSimOperatorName simId = 0prop = 
D/dalvikvm(21107): threadid=17: bye!
D/TelephonyManager(21107): getDefaultSim check single_sim=false, first_single_sim=0
D/TelephonyManager(21107): getDefaultSim = 0
D/TelephonyManager(21107): getSimOperatorName:0
D/dalvikvm(21107): threadid=17: interp stack at 0x78d83000
D/PhoneInterfaceManager(  865): getSimOperatorName simId = 0prop = 
D/dalvikvm(21107): threadid=17: bye!
D/TelephonyManager(21107): getDefaultSim check single_sim=false, first_single_sim=0
D/TelephonyManager(21107): getDefaultSim = 0
D/TelephonyManager(21107): getSimOperatorName:0
D/PhoneInterfaceManager(  865): getSimOperatorName simId = 0prop = 
D/dalvikvm(  865): GC_CONCURRENT freed 2900K (41226), 43% free 8531K/14912K, paused 3ms+4ms, total 69ms
D/dalvikvm(21107): threadid=17: interp stack at 0x78d83000
D/dalvikvm(21107): threadid=17: bye!
D/dalvikvm(21107): threadid=17: interp stack at 0x78d83000
D/dalvikvm(21107): threadid=17: bye!
D/dalvikvm(21107): threadid=17: interp stack at 0x78d83000
D/dalvikvm(21107): threadid=17: bye!
D/dalvikvm(21107): threadid=17: interp stack at 0x78d83000
D/dalvikvm(21107): threadid=17: bye!
D/dalvikvm(21107): threadid=17: interp stack at 0x78d83000
D/dalvikvm(21107): threadid=17: bye!
D/dalvikvm(21107): threadid=17: interp stack at 0x78d83000
D/dalvikvm(21107): threadid=17: bye!
E/SQLiteLog( 8239): (257) Open fd: 111, file: /data/data/com.tencent.mm/MicroMsg/a665a22b90fb4ce733db4392ed7d0329/SnsMicroMsg.db-journal
E/SQLiteLog( 8239): 
E/SQLiteLog( 8239): (257) Close fd: 111
E/SQLiteLog( 8239): 
D/TelephonyManager(21107): getDefaultSim check single_sim=false, first_single_sim=0
D/TelephonyManager(21107): getDefaultSim = 0
D/TelephonyManager(21107): getSimOperator:0
D/PhoneInterfaceManager(  865): getSimOperator simId = 0getSimOperator = 46002
D/TelephonyManager(21107): getDefaultSim check single_sim=false, first_single_sim=0
D/TelephonyManager(21107): getDefaultSim = 0
D/TelephonyManager(21107): getSimOperatorName:0
D/PhoneInterfaceManager(  865): getSimOperatorName simId = 0prop = 
D/TelephonyManager(21107): getDefaultSim check single_sim=false, first_single_sim=0
D/TelephonyManager(21107): getDefaultSim = 0
D/TelephonyManager(21107): getSimOperatorName:0
D/PhoneInterfaceManager(  865): getSimOperatorName simId = 0prop = 
D/TelephonyManager(21107): getDefaultSim check single_sim=false, first_single_sim=0
D/TelephonyManager(21107): getDefaultSim = 0
D/TelephonyManager(21107): getSimOperatorName:0
D/PhoneInterfaceManager(  865): getSimOperatorName simId = 0prop = 
D/libc-netbsd(21107): getaddrinfo: short.weixin.qq.com NO result from proxy 
D/libc-netbsd(21107): res_queryN name = short.weixin.qq.com, class = 1, type = 1
D/libc-netbsd(  150): res_queryN name = dns.weixin.qq.com. succeed
D/libc-netbsd(21107): res_queryN name = dns.weixin.qq.com succeed
D/libc-netbsd(21107): res_queryN name = short.weixin.qq.com succeed
D/libc-netbsd(21107): getaddrinfo: dns.weixin.qq.com get result from proxy >>
D/dalvikvm(21107): threadid=17: interp stack at 0x78d83000
D/dalvikvm(21107): threadid=17: bye!
D/dalvikvm(21107): threadid=17: interp stack at 0x78d83000
D/dalvikvm(21107): threadid=17: bye!
D/dalvikvm(21107): threadid=17: interp stack at 0x78d83000
D/dalvikvm(21107): threadid=17: bye!
D/dalvikvm(21107): threadid=17: interp stack at 0x78d83000
D/dalvikvm(21107): threadid=17: bye!
D/dalvikvm(21107): threadid=17: interp stack at 0x78d83000
D/dalvikvm(21107): threadid=17: bye!
D/dalvikvm(21107): threadid=17: interp stack at 0x78d83000
D/TelephonyManager(21107): getDefaultSim check single_sim=false, first_single_sim=0
D/TelephonyManager(21107): getDefaultSim = 0
D/TelephonyManager(21107): getSimOperator:0
D/PhoneInterfaceManager(  865): getSimOperator simId = 0getSimOperator = 46002
D/TelephonyManager(21107): getDefaultSim check single_sim=false, first_single_sim=0
D/TelephonyManager(21107): getDefaultSim = 0
D/TelephonyManager(21107): getSimOperatorName:0
D/PhoneInterfaceManager(  865): getSimOperatorName simId = 0prop = 
D/TelephonyManager(21107): getDefaultSim check single_sim=false, first_single_sim=0
D/TelephonyManager(21107): getDefaultSim = 0
D/TelephonyManager(21107): getSimOperatorName:0
D/PhoneInterfaceManager(  865): getSimOperatorName simId = 0prop = 
D/dalvikvm(21107): threadid=17: bye!
D/dalvikvm(21107): threadid=17: interp stack at 0x78d83000
D/dalvikvm(21107): threadid=17: bye!
D/TelephonyManager(21107): getDefaultSim check single_sim=false, first_single_sim=0
D/TelephonyManager(21107): getDefaultSim = 0
D/TelephonyManager(21107): getSimOperatorName:0
D/PhoneInterfaceManager(  865): getSimOperatorName simId = 0prop = 
D/dalvikvm(21107): threadid=17: interp stack at 0x78d83000
D/dalvikvm(21107): threadid=17: bye!
D/dalvikvm(21107): threadid=17: interp stack at 0x78d83000
D/dalvikvm(21107): threadid=17: bye!
D/dalvikvm(21107): threadid=17: interp stack at 0x78d83000
D/dalvikvm(21107): threadid=17: bye!
D/dalvikvm(21107): threadid=17: interp stack at 0x78d83000
D/dalvikvm(21107): threadid=17: bye!
D/dalvikvm(21107): threadid=17: interp stack at 0x78d83000
D/dalvikvm(21107): threadid=17: bye!
D/dalvikvm(21107): threadid=17: interp stack at 0x78d83000
D/dalvikvm(21107): threadid=17: bye!
D/dalvikvm(21107): threadid=17: interp stack at 0x78d83000
D/dalvikvm(21107): threadid=17: bye!
D/dalvikvm(21107): threadid=17: interp stack at 0x78d83000
D/dalvikvm(21107): threadid=17: bye!
D/dalvikvm(21107): threadid=17: interp stack at 0x78d83000
D/dalvikvm(21107): threadid=17: bye!
D/dalvikvm(21107): threadid=17: interp stack at 0x78d83000
D/dalvikvm(21107): threadid=17: bye!
D/dalvikvm(21107): threadid=17: interp stack at 0x78d83000
D/dalvikvm(21107): threadid=17: bye!
D/dalvikvm(21107): threadid=17: interp stack at 0x78d83000
D/dalvikvm(21107): threadid=17: bye!
D/dalvikvm(21107): threadid=17: interp stack at 0x78d83000
D/dalvikvm(21107): threadid=17: bye!
D/TelephonyManager(21107): getDefaultSim check single_sim=false, first_single_sim=0
D/TelephonyManager(21107): getDefaultSim = 0
D/TelephonyManager(21107): getSimOperator:0
D/PhoneInterfaceManager(  865): getSimOperator simId = 0getSimOperator = 46002
D/TelephonyManager(21107): getDefaultSim check single_sim=false, first_single_sim=0
D/TelephonyManager(21107): getDefaultSim = 0
D/TelephonyManager(21107): getSimOperatorName:0
D/PhoneInterfaceManager(  865): getSimOperatorName simId = 0prop = 
D/TelephonyManager(21107): getDefaultSim check single_sim=false, first_single_sim=0
D/TelephonyManager(21107): getDefaultSim = 0
D/TelephonyManager(21107): getSimOperatorName:0
D/PhoneInterfaceManager(  865): getSimOperatorName simId = 0prop = 
D/TelephonyManager(21107): getDefaultSim check single_sim=false, first_single_sim=0
D/TelephonyManager(21107): getDefaultSim = 0
D/TelephonyManager(21107): getSimOperatorName:0
D/PhoneInterfaceManager(  865): getSimOperatorName simId = 0prop = 
D/dalvikvm(21107): threadid=17: interp stack at 0x78d83000
D/dalvikvm(21107): threadid=17: bye!
D/dalvikvm(21107): threadid=17: interp stack at 0x78d83000
D/dalvikvm(21107): threadid=17: bye!
D/dalvikvm(21107): threadid=17: interp stack at 0x78d83000
D/dalvikvm(21107): threadid=17: bye!
D/dalvikvm(21107): threadid=17: interp stack at 0x78d83000
D/dalvikvm(21107): threadid=17: bye!
D/dalvikvm(21107): threadid=17: interp stack at 0x78d83000
D/dalvikvm(21107): threadid=17: bye!
D/dalvikvm(21107): threadid=17: interp stack at 0x78d83000
D/dalvikvm(21107): threadid=17: bye!
D/dalvikvm(21107): threadid=17: interp stack at 0x78d83000
D/dalvikvm(21107): threadid=17: bye!
D/dalvikvm(21107): threadid=17: interp stack at 0x78d83000
D/dalvikvm(21107): threadid=17: bye!
D/dalvikvm(21107): threadid=17: interp stack at 0x78d83000
D/dalvikvm(21107): threadid=17: bye!
D/dalvikvm(21107): threadid=17: interp stack at 0x78d83000
D/dalvikvm(21107): threadid=17: bye!
D/dalvikvm(21107): threadid=17: interp stack at 0x78d83000
D/dalvikvm(21107): threadid=17: bye!
D/dalvikvm(21107): threadid=17: interp stack at 0x78d83000
D/dalvikvm(21107): threadid=17: bye!
D/dalvikvm(21107): threadid=17: interp stack at 0x78d83000
D/dalvikvm(21107): threadid=17: bye!
D/dalvikvm(21107): threadid=17: interp stack at 0x78d83000
D/dalvikvm(21107): threadid=17: bye!
D/dalvikvm(21107): threadid=17: interp stack at 0x78d83000
D/dalvikvm(21107): threadid=17: bye!
D/dalvikvm(21107): threadid=17: interp stack at 0x78d83000
D/dalvikvm(21107): threadid=17: bye!
D/dalvikvm(21107): threadid=17: interp stack at 0x78d83000
D/dalvikvm(21107): threadid=17: bye!
D/dalvikvm(21107): threadid=17: interp stack at 0x78d83000
D/dalvikvm(21107): threadid=17: bye!
D/dalvikvm(21107): threadid=17: interp stack at 0x78d83000
D/dalvikvm(21107): threadid=17: bye!
D/dalvikvm(21107): threadid=17: interp stack at 0x78d83000
D/TelephonyManager(21107): getDefaultSim check single_sim=false, first_single_sim=0
D/TelephonyManager(21107): getDefaultSim = 0
D/TelephonyManager(21107): getSimOperator:0
D/dalvikvm(21107): threadid=17: bye!
D/PhoneInterfaceManager(  865): getSimOperator simId = 0getSimOperator = 46002
D/dalvikvm(21107): threadid=17: interp stack at 0x78d83000
D/dalvikvm(21107): threadid=17: bye!
D/TelephonyManager(21107): getDefaultSim check single_sim=false, first_single_sim=0
D/TelephonyManager(21107): getDefaultSim = 0
D/TelephonyManager(21107): getSimOperatorName:0
D/PhoneInterfaceManager(  865): getSimOperatorName simId = 0prop = 
D/TelephonyManager(21107): getDefaultSim check single_sim=false, first_single_sim=0
D/TelephonyManager(21107): getDefaultSim = 0
D/TelephonyManager(21107): getSimOperatorName:0
D/PhoneInterfaceManager(  865): getSimOperatorName simId = 0prop = 
D/TelephonyManager(21107): getDefaultSim check single_sim=false, first_single_sim=0
D/TelephonyManager(21107): getDefaultSim = 0
D/TelephonyManager(21107): getSimOperatorName:0
D/PhoneInterfaceManager(  865): getSimOperatorName simId = 0prop = 
D/dalvikvm(21107): GC_CONCURRENT freed 2974K (64993), 54% free 2786K/5988K, paused 2ms+2ms, total 31ms
D/dalvikvm(21107): threadid=17: interp stack at 0x78d83000
D/dalvikvm(21107): threadid=17: bye!
D/dalvikvm(21107): threadid=17: interp stack at 0x78d83000
D/dalvikvm(21107): threadid=17: bye!
D/dalvikvm(21107): threadid=17: interp stack at 0x78d83000
D/dalvikvm(21107): threadid=17: bye!
D/dalvikvm(21107): threadid=17: interp stack at 0x78d83000
D/dalvikvm(21107): threadid=17: bye!
D/TelephonyManager(21107): getDefaultSim check single_sim=false, first_single_sim=0
D/TelephonyManager(21107): getDefaultSim = 0
D/TelephonyManager(21107): getSimOperator:0
D/PhoneInterfaceManager(  865): getSimOperator simId = 0getSimOperator = 46002
D/TelephonyManager(21107): getDefaultSim check single_sim=false, first_single_sim=0
D/TelephonyManager(21107): getDefaultSim = 0
D/TelephonyManager(21107): getSimOperatorName:0
D/PhoneInterfaceManager(  865): getSimOperatorName simId = 0prop = 
D/TelephonyManager(21107): getDefaultSim check single_sim=false, first_single_sim=0
D/TelephonyManager(21107): getDefaultSim = 0
D/TelephonyManager(21107): getSimOperatorName:0
D/PhoneInterfaceManager(  865): getSimOperatorName simId = 0prop = 
D/TelephonyManager(21107): getDefaultSim check single_sim=false, first_single_sim=0
D/TelephonyManager(21107): getDefaultSim = 0
D/TelephonyManager(21107): getSimOperatorName:0
D/PhoneInterfaceManager(  865): getSimOperatorName simId = 0prop = 
D/IPCThreadState(  618): [DN #5] BR_CLEAR_DEATH_NOTIFICATION_DONE cookie 0x7dfc0300
D/dalvikvm(21107): threadid=17: interp stack at 0x78d83000
D/dalvikvm(21107): threadid=17: bye!
D/dalvikvm(21107): threadid=17: interp stack at 0x78d83000
D/dalvikvm( 8239): Hot method Lcom/tencent/mm/protocal/p;.pC detected!
D/dalvikvm(21107): threadid=17: bye!
D/dalvikvm(21107): threadid=17: interp stack at 0x78d83000
D/dalvikvm(21107): threadid=17: bye!
D/dalvikvm(21107): threadid=17: interp stack at 0x78d83000
D/dalvikvm(21107): threadid=17: bye!
D/dalvikvm(21107): threadid=17: interp stack at 0x78d83000
D/dalvikvm(21107): threadid=17: bye!
D/TelephonyManager(21107): getDefaultSim check single_sim=false, first_single_sim=0
D/TelephonyManager(21107): getDefaultSim = 0
D/TelephonyManager(21107): getSimOperator:0
D/PhoneInterfaceManager(  865): getSimOperator simId = 0getSimOperator = 46002
D/dalvikvm(21107): threadid=17: interp stack at 0x78d83000
D/dalvikvm(21107): threadid=17: bye!
D/TelephonyManager(21107): getDefaultSim check single_sim=false, first_single_sim=0
D/TelephonyManager(21107): getDefaultSim = 0
D/TelephonyManager(21107): getSimOperatorName:0
D/PhoneInterfaceManager(  865): getSimOperatorName simId = 0prop = 
D/TelephonyManager(21107): getDefaultSim check single_sim=false, first_single_sim=0
D/TelephonyManager(21107): getDefaultSim = 0
D/TelephonyManager(21107): getSimOperatorName:0
D/PhoneInterfaceManager(  865): getSimOperatorName simId = 0prop = 
D/TelephonyManager(21107): getDefaultSim check single_sim=false, first_single_sim=0
D/TelephonyManager(21107): getDefaultSim = 0
D/TelephonyManager(21107): getSimOperatorName:0
D/PhoneInterfaceManager(  865): getSimOperatorName simId = 0prop = 
E/SQLiteLog( 8239): (257) Open fd: 111, file: /data/data/com.tencent.mm/MicroMsg/a665a22b90fb4ce733db4392ed7d0329/SnsMicroMsg.db-journal
E/SQLiteLog( 8239): 
E/SQLiteLog( 8239): (257) Close fd: 111
E/SQLiteLog( 8239): 
E/SQLiteLog( 8239): (257) Open fd: 111, file: /data/data/com.tencent.mm/MicroMsg/a665a22b90fb4ce733db4392ed7d0329/SnsMicroMsg.db-journal
E/SQLiteLog( 8239): 
E/SQLiteLog( 8239): (257) Close fd: 111
E/SQLiteLog( 8239): 
D/libc-netbsd(30779): res_queryN name = msfwifi.3g.qq.com. succeed
I/System.out(30779): propertyValue:true
D/MSF.C.NetConnTag(30779): [E]try open Conn msfwifi.3g.qq.com/120.196.210.32:8080
I/System.out(30779): [CDS]rx timeout:10000
I/System.out(30779): [socket][253] connection msfwifi.3g.qq.com/120.196.210.32:8080;LocalPort=35594(10000)
I/System.out(30779): [CDS]connect[msfwifi.3g.qq.com/120.196.210.32:8080] tm:10
D/Posix   (30779): [Posix_connect Debug]Process com.tencent.mobileqq:MSF :8080 
D/IPCThreadState(  618): [DN #5] BR_CLEAR_DEATH_NOTIFICATION_DONE cookie 0x7c94bda8
D/IPCThreadState(  618): [DN #5] BR_CLEAR_DEATH_NOTIFICATION_DONE cookie 0x7e9f1e28
I/System.out(30779): [socket][/192.168.0.102:35594] connected
D/dalvikvm(30779): create interp thread : stack size=128KB
D/dalvikvm(30779): create new thread
D/dalvikvm(30779): new thread created
D/dalvikvm(30779): update thread list
D/dalvikvm(30779): threadid=24: interp stack at 0x7961f000
D/dalvikvm(30779): threadid=24: created from interp
D/dalvikvm(30779): start new thread
D/dalvikvm(30779): threadid=24: notify debugger
D/dalvikvm(30779): threadid=24 (MsfCoreSocketReader): calling run()
I/System.out(30779): [CDS]rx timeout:30000
D/MSF.C.NetConnTag(30779): [E]open conn at msfwifi.3g.qq.com/120.196.210.32:8080 localSocket:192.168.0.102:35594
D/MSF.C.NetConnInfoCenter(30779): [E]currentAPN:3gnet. received networkInfo: CONNECTED :NetworkInfo: type: WIFI[], state: CONNECTED/CONNECTED, reason: (unspecified), extra: "haolinjuhaoshiyou666", roaming: false, failover: false, isAvailable: true, simId: 0. extra NetworkInfo: null
D/dalvikvm( 9971): create interp thread : stack size=128KB
D/dalvikvm( 9971): create new thread
D/dalvikvm( 9971): new thread created
D/dalvikvm( 9971): update thread list
D/dalvikvm( 9971): threadid=26: interp stack at 0x796bb000
D/dalvikvm( 9971): threadid=26: created from interp
D/dalvikvm( 9971): start new thread
D/dalvikvm( 9971): create interp thread : stack size=128KB
D/dalvikvm( 9971): create new thread
D/dalvikvm( 9971): new thread created
D/dalvikvm( 9971): update thread list
D/dalvikvm( 9971): threadid=30: interp stack at 0x79ded000
D/dalvikvm( 9971): threadid=30: created from interp
D/dalvikvm( 9971): start new thread
D/dalvikvm( 9971): create interp thread : stack size=128KB
D/dalvikvm( 9971): create new thread
D/dalvikvm( 9971): threadid=26: notify debugger
D/dalvikvm( 9971): threadid=26 (QQInitHandler): calling run()
D/dalvikvm( 9971): new thread created
D/dalvikvm( 9971): update thread list
D/dalvikvm( 9971): threadid=31: interp stack at 0x7a6ce000
D/dalvikvm( 9971): threadid=31: created from interp
D/dalvikvm( 9971): start new thread
D/dalvikvm( 9971): create interp thread : stack size=128KB
D/dalvikvm( 9971): create new thread
D/dalvikvm( 9971): new thread created
D/dalvikvm( 9971): update thread list
D/dalvikvm( 9971): threadid=31: notify debugger
D/dalvikvm( 9971): threadid=31 (MessageHandleThread2): calling run()
D/dalvikvm( 9971): threadid=34: interp stack at 0x7abe0000
D/dalvikvm( 9971): threadid=34: created from interp
D/dalvikvm( 9971): start new thread
D/dalvikvm( 9971): create interp thread : stack size=128KB
D/dalvikvm( 9971): create new thread
D/dalvikvm( 9971): new thread created
D/dalvikvm( 9971): update thread list
D/dalvikvm( 9971): threadid=34: notify debugger
E/SQLiteLog( 9971): (257) Open fd: 72, file: /data/data/com.tencent.mobileqq/databases/517204646.db-journal
E/SQLiteLog( 9971): 
D/dalvikvm( 9971): threadid=34 (MessageHandleThread3): calling run()
D/dalvikvm( 9971): threadid=35: interp stack at 0x7ad00000
D/dalvikvm( 9971): threadid=35: created from interp
D/dalvikvm( 9971): start new thread
D/dalvikvm( 9971): create interp thread : stack size=128KB
D/dalvikvm( 9971): create new thread
D/dalvikvm( 9971): new thread created
D/dalvikvm( 9971): update thread list
D/dalvikvm( 9971): threadid=35: notify debugger
D/dalvikvm( 9971): threadid=35 (MessageHandleThread4): calling run()
